<testsuites id="" name="" tests="285" failures="85" skipped="0" errors="0" time="247.03755600000002">
<testsuite name="01-basic-functionality.spec.js" timestamp="2025-09-28T21:31:01.926Z" hostname="chromium" tests="6" failures="2" skipped="0" time="11.042" errors="0">
<testcase name="Basic Application Functionality › should load the application successfully" classname="01-basic-functionality.spec.js" time="1.052">
</testcase>
<testcase name="Basic Application Functionality › should display systematic review progress section" classname="01-basic-functionality.spec.js" time="1.015">
</testcase>
<testcase name="Basic Application Functionality › should show API key configuration section" classname="01-basic-functionality.spec.js" time="1.056">
</testcase>
<testcase name="Basic Application Functionality › should display form with linked inputs" classname="01-basic-functionality.spec.js" time="6.094">
<failure message="01-basic-functionality.spec.js:38:3 should display form with linked inputs" type="FAILURE">
<![CDATA[  [chromium] › 01-basic-functionality.spec.js:38:3 › Basic Application Functionality › should display form with linked inputs 

    Error: expect(locator).toHaveCount(expected) failed

    Locator:  locator('.linked-input')
    Expected: 9
    Received: 10
    Timeout:  5000ms

    Call log:
      - Expect "toHaveCount" with timeout 5000ms
      - waiting for locator('.linked-input')
        9 × locator resolved to 10 elements
          - unexpected value "10"


      43 |     
      44 |     // Check linked-input class
    > 45 |     await expect(page.locator('.linked-input')).toHaveCount(9); // Step 1 has 9 fields
         |                                                 ^
      46 |   });
      47 |
      48 |   test('should show export options in trace panel', async ({ page }) => {
        at /Users/matheusrech/Downloads/form-to-sr-extraction/tests/01-basic-functionality.spec.js:45:49

    attachment #1: screenshot (image/png) ──────────────────────────────────────────────────────────
    ../test-results/01-basic-functionality-Bas-bdedb-lay-form-with-linked-inputs-chromium/test-failed-1.png
    ────────────────────────────────────────────────────────────────────────────────────────────────

    attachment #2: video (video/webm) ──────────────────────────────────────────────────────────────
    ../test-results/01-basic-functionality-Bas-bdedb-lay-form-with-linked-inputs-chromium/video.webm
    ────────────────────────────────────────────────────────────────────────────────────────────────

    Error Context: ../test-results/01-basic-functionality-Bas-bdedb-lay-form-with-linked-inputs-chromium/error-context.md
]]>
</failure>
<system-out>
<![CDATA[
[[ATTACHMENT|test-results/01-basic-functionality-Bas-bdedb-lay-form-with-linked-inputs-chromium/test-failed-1.png]]

[[ATTACHMENT|test-results/01-basic-functionality-Bas-bdedb-lay-form-with-linked-inputs-chromium/video.webm]]

[[ATTACHMENT|test-results/01-basic-functionality-Bas-bdedb-lay-form-with-linked-inputs-chromium/error-context.md]]
]]>
</system-out>
</testcase>
<testcase name="Basic Application Functionality › should show export options in trace panel" classname="01-basic-functionality.spec.js" time="1.053">
<failure message="01-basic-functionality.spec.js:48:3 should show export options in trace panel" type="FAILURE">
<![CDATA[  [chromium] › 01-basic-functionality.spec.js:48:3 › Basic Application Functionality › should show export options in trace panel 

    Error: expect.toBeVisible: Error: strict mode violation: getByText('CSV') resolved to 3 elements:
        1) <button onclick="exportCSV()">ðŸ“Š CSV</button> aka getByRole('button', { name: 'ðŸ“Š CSV' })
        2) <button onclick="exportMainDatabase()">↵                    ðŸ“Š Main Data CSV↵         …</button> aka getByRole('button', { name: 'ðŸ“Š Main Data CSV' })
        3) <button onclick="exportTraceDatabase()">↵                    ðŸ“ Trace Data CSV↵        …</button> aka getByRole('button', { name: 'ðŸ“ Trace Data CSV' })

    Call log:
      - Expect "toBeVisible" with timeout 5000ms
      - waiting for getByText('CSV')


      52 |     // Check export buttons
      53 |     await expect(page.getByText('JSON')).toBeVisible();
    > 54 |     await expect(page.getByText('CSV')).toBeVisible();
         |                                         ^
      55 |     await expect(page.getByText('Audit')).toBeVisible();
      56 |     await expect(page.getByText('Ann. PDF')).toBeVisible();
      57 |   });
        at /Users/matheusrech/Downloads/form-to-sr-extraction/tests/01-basic-functionality.spec.js:54:41

    attachment #1: screenshot (image/png) ──────────────────────────────────────────────────────────
    ../test-results/01-basic-functionality-Bas-4b1f3-port-options-in-trace-panel-chromium/test-failed-1.png
    ────────────────────────────────────────────────────────────────────────────────────────────────

    attachment #2: video (video/webm) ──────────────────────────────────────────────────────────────
    ../test-results/01-basic-functionality-Bas-4b1f3-port-options-in-trace-panel-chromium/video.webm
    ────────────────────────────────────────────────────────────────────────────────────────────────

    Error Context: ../test-results/01-basic-functionality-Bas-4b1f3-port-options-in-trace-panel-chromium/error-context.md
]]>
</failure>
<system-out>
<![CDATA[
[[ATTACHMENT|test-results/01-basic-functionality-Bas-4b1f3-port-options-in-trace-panel-chromium/test-failed-1.png]]

[[ATTACHMENT|test-results/01-basic-functionality-Bas-4b1f3-port-options-in-trace-panel-chromium/video.webm]]

[[ATTACHMENT|test-results/01-basic-functionality-Bas-4b1f3-port-options-in-trace-panel-chromium/error-context.md]]
]]>
</system-out>
</testcase>
<testcase name="Basic Application Functionality › should handle keyboard shortcuts" classname="01-basic-functionality.spec.js" time="0.772">
</testcase>
</testsuite>
<testsuite name="02-pdf-functionality.spec.js" timestamp="2025-09-28T21:31:01.926Z" hostname="chromium" tests="5" failures="1" skipped="0" time="9" errors="0">
<testcase name="PDF Functionality › should show PDF controls" classname="02-pdf-functionality.spec.js" time="0.811">
</testcase>
<testcase name="PDF Functionality › should have search functionality" classname="02-pdf-functionality.spec.js" time="5.875">
<failure message="02-pdf-functionality.spec.js:23:3 should have search functionality" type="FAILURE">
<![CDATA[  [chromium] › 02-pdf-functionality.spec.js:23:3 › PDF Functionality › should have search functionality 

    Error: expect(locator).toBeVisible() failed

    Locator:  locator('button:has-text("🔍")')
    Expected: visible
    Received: <element(s) not found>
    Timeout:  5000ms

    Call log:
      - Expect "toBeVisible" with timeout 5000ms
      - waiting for locator('button:has-text("🔍")')


      27 |     
      28 |     const searchButton = page.locator('button:has-text("🔍")');
    > 29 |     await expect(searchButton).toBeVisible();
         |                                ^
      30 |   });
      31 |
      32 |   test('should show page navigation controls', async ({ page }) => {
        at /Users/matheusrech/Downloads/form-to-sr-extraction/tests/02-pdf-functionality.spec.js:29:32

    attachment #1: screenshot (image/png) ──────────────────────────────────────────────────────────
    ../test-results/02-pdf-functionality-PDF-F-00eda-d-have-search-functionality-chromium/test-failed-1.png
    ────────────────────────────────────────────────────────────────────────────────────────────────

    attachment #2: video (video/webm) ──────────────────────────────────────────────────────────────
    ../test-results/02-pdf-functionality-PDF-F-00eda-d-have-search-functionality-chromium/video.webm
    ────────────────────────────────────────────────────────────────────────────────────────────────

    Error Context: ../test-results/02-pdf-functionality-PDF-F-00eda-d-have-search-functionality-chromium/error-context.md
]]>
</failure>
<system-out>
<![CDATA[
[[ATTACHMENT|test-results/02-pdf-functionality-PDF-F-00eda-d-have-search-functionality-chromium/test-failed-1.png]]

[[ATTACHMENT|test-results/02-pdf-functionality-PDF-F-00eda-d-have-search-functionality-chromium/video.webm]]

[[ATTACHMENT|test-results/02-pdf-functionality-PDF-F-00eda-d-have-search-functionality-chromium/error-context.md]]
]]>
</system-out>
</testcase>
<testcase name="PDF Functionality › should show page navigation controls" classname="02-pdf-functionality.spec.js" time="0.792">
</testcase>
<testcase name="PDF Functionality › should handle zoom controls" classname="02-pdf-functionality.spec.js" time="0.77">
</testcase>
<testcase name="PDF Functionality › should handle PDF container" classname="02-pdf-functionality.spec.js" time="0.752">
</testcase>
</testsuite>
<testsuite name="03-systematic-review.spec.js" timestamp="2025-09-28T21:31:01.926Z" hostname="chromium" tests="5" failures="1" skipped="0" time="8.907" errors="0">
<testcase name="Systematic Review Workflow › should display articles list when toggled" classname="03-systematic-review.spec.js" time="5.831">
<failure message="03-systematic-review.spec.js:11:3 should display articles list when toggled" type="FAILURE">
<![CDATA[  [chromium] › 03-systematic-review.spec.js:11:3 › Systematic Review Workflow › should display articles list when toggled 

    Error: expect(locator).toBeVisible() failed

    Locator:  getByText('Show Queue Status')
    Expected: visible
    Received: <element(s) not found>
    Timeout:  5000ms

    Call log:
      - Expect "toBeVisible" with timeout 5000ms
      - waiting for getByText('Show Queue Status')


      11 |   test('should display articles list when toggled', async ({ page }) => {
      12 |     const toggleButton = page.getByText('Show Queue Status');
    > 13 |     await expect(toggleButton).toBeVisible();
         |                                ^
      14 |     
      15 |     // Initially hidden
      16 |     const articlesList = page.locator('#articles-list');
        at /Users/matheusrech/Downloads/form-to-sr-extraction/tests/03-systematic-review.spec.js:13:32

    attachment #1: screenshot (image/png) ──────────────────────────────────────────────────────────
    ../test-results/03-systematic-review-Syste-ca5ef--articles-list-when-toggled-chromium/test-failed-1.png
    ────────────────────────────────────────────────────────────────────────────────────────────────

    attachment #2: video (video/webm) ──────────────────────────────────────────────────────────────
    ../test-results/03-systematic-review-Syste-ca5ef--articles-list-when-toggled-chromium/video.webm
    ────────────────────────────────────────────────────────────────────────────────────────────────

    Error Context: ../test-results/03-systematic-review-Syste-ca5ef--articles-list-when-toggled-chromium/error-context.md
]]>
</failure>
<system-out>
<![CDATA[
[[ATTACHMENT|test-results/03-systematic-review-Syste-ca5ef--articles-list-when-toggled-chromium/test-failed-1.png]]

[[ATTACHMENT|test-results/03-systematic-review-Syste-ca5ef--articles-list-when-toggled-chromium/video.webm]]

[[ATTACHMENT|test-results/03-systematic-review-Syste-ca5ef--articles-list-when-toggled-chromium/error-context.md]]
]]>
</system-out>
</testcase>
<testcase name="Systematic Review Workflow › should show save and complete buttons" classname="03-systematic-review.spec.js" time="0.755">
</testcase>
<testcase name="Systematic Review Workflow › should track progress stats" classname="03-systematic-review.spec.js" time="0.755">
</testcase>
<testcase name="Systematic Review Workflow › should handle save progress functionality" classname="03-systematic-review.spec.js" time="0.826">
</testcase>
<testcase name="Systematic Review Workflow › should show export database options" classname="03-systematic-review.spec.js" time="0.74">
</testcase>
</testsuite>
<testsuite name="04-form-interaction.spec.js" timestamp="2025-09-28T21:31:01.926Z" hostname="chromium" tests="5" failures="2" skipped="0" time="8.933" errors="0">
<testcase name="Form Interaction › should highlight active field on focus" classname="04-form-interaction.spec.js" time="0.804">
</testcase>
<testcase name="Form Interaction › should show validation status indicators" classname="04-form-interaction.spec.js" time="5.776">
<failure message="04-form-interaction.spec.js:22:3 should show validation status indicators" type="FAILURE">
<![CDATA[  [chromium] › 04-form-interaction.spec.js:22:3 › Form Interaction › should show validation status indicators 

    Error: expect(locator).toHaveCount(expected) failed

    Locator:  locator('.validation-status')
    Expected: 9
    Received: 1
    Timeout:  5000ms

    Call log:
      - Expect "toHaveCount" with timeout 5000ms
      - waiting for locator('.validation-status')
        9 × locator resolved to 1 element
          - unexpected value "1"


      22 |   test('should show validation status indicators', async ({ page }) => {
      23 |     const validationIndicators = page.locator('.validation-status');
    > 24 |     await expect(validationIndicators).toHaveCount(9); // Step 1 has 9 fields
         |                                        ^
      25 |   });
      26 |
      27 |   test('should handle form field input', async ({ page }) => {
        at /Users/matheusrech/Downloads/form-to-sr-extraction/tests/04-form-interaction.spec.js:24:40

    attachment #1: screenshot (image/png) ──────────────────────────────────────────────────────────
    ../test-results/04-form-interaction-Form-I-aa509-alidation-status-indicators-chromium/test-failed-1.png
    ────────────────────────────────────────────────────────────────────────────────────────────────

    attachment #2: video (video/webm) ──────────────────────────────────────────────────────────────
    ../test-results/04-form-interaction-Form-I-aa509-alidation-status-indicators-chromium/video.webm
    ────────────────────────────────────────────────────────────────────────────────────────────────

    Error Context: ../test-results/04-form-interaction-Form-I-aa509-alidation-status-indicators-chromium/error-context.md
]]>
</failure>
<system-out>
<![CDATA[
[[ATTACHMENT|test-results/04-form-interaction-Form-I-aa509-alidation-status-indicators-chromium/test-failed-1.png]]

[[ATTACHMENT|test-results/04-form-interaction-Form-I-aa509-alidation-status-indicators-chromium/video.webm]]

[[ATTACHMENT|test-results/04-form-interaction-Form-I-aa509-alidation-status-indicators-chromium/error-context.md]]
]]>
</system-out>
</testcase>
<testcase name="Form Interaction › should handle form field input" classname="04-form-interaction.spec.js" time="0.828">
</testcase>
<testcase name="Form Interaction › should show AI extract buttons" classname="04-form-interaction.spec.js" time="0.737">
<failure message="04-form-interaction.spec.js:37:3 should show AI extract buttons" type="FAILURE">
<![CDATA[  [chromium] › 04-form-interaction.spec.js:37:3 › Form Interaction › should show AI extract buttons 

    Error: expect.toBeVisible: Error: strict mode violation: getByText('AI Extract') resolved to 2 elements:
        1) <button type="button" class="ai-btn" onclick="aiExtractStep(1)">âœ¨ AI Extract</button> aka getByRole('button', { name: 'âœ¨ AI Extract' })
        2) <span>AI Extractions:</span> aka getByText('AI Extractions:')

    Call log:
      - Expect "toBeVisible" with timeout 5000ms
      - waiting for getByText('AI Extract')


      37 |   test('should show AI extract buttons', async ({ page }) => {
      38 |     const aiButton = page.getByText('AI Extract');
    > 39 |     await expect(aiButton).toBeVisible();
         |                            ^
      40 |     await expect(aiButton).toHaveClass(/ai-btn/);
      41 |   });
      42 |
        at /Users/matheusrech/Downloads/form-to-sr-extraction/tests/04-form-interaction.spec.js:39:28

    attachment #1: screenshot (image/png) ──────────────────────────────────────────────────────────
    ../test-results/04-form-interaction-Form-I-b332e-uld-show-AI-extract-buttons-chromium/test-failed-1.png
    ────────────────────────────────────────────────────────────────────────────────────────────────

    attachment #2: video (video/webm) ──────────────────────────────────────────────────────────────
    ../test-results/04-form-interaction-Form-I-b332e-uld-show-AI-extract-buttons-chromium/video.webm
    ────────────────────────────────────────────────────────────────────────────────────────────────

    Error Context: ../test-results/04-form-interaction-Form-I-b332e-uld-show-AI-extract-buttons-chromium/error-context.md
]]>
</failure>
<system-out>
<![CDATA[
[[ATTACHMENT|test-results/04-form-interaction-Form-I-b332e-uld-show-AI-extract-buttons-chromium/test-failed-1.png]]

[[ATTACHMENT|test-results/04-form-interaction-Form-I-b332e-uld-show-AI-extract-buttons-chromium/video.webm]]

[[ATTACHMENT|test-results/04-form-interaction-Form-I-b332e-uld-show-AI-extract-buttons-chromium/error-context.md]]
]]>
</system-out>
</testcase>
<testcase name="Form Interaction › should handle required field validation" classname="04-form-interaction.spec.js" time="0.788">
</testcase>
</testsuite>
<testsuite name="05-ai-integration.spec.js" timestamp="2025-09-28T21:31:01.926Z" hostname="chromium" tests="4" failures="1" skipped="0" time="3.341" errors="0">
<testcase name="AI Integration › should handle API key input" classname="05-ai-integration.spec.js" time="0.942">
</testcase>
<testcase name="AI Integration › should show test button for API key" classname="05-ai-integration.spec.js" time="0.807">
</testcase>
<testcase name="AI Integration › should show AI modal on processing" classname="05-ai-integration.spec.js" time="0.819">
</testcase>
<testcase name="AI Integration › should have AI extract functionality per step" classname="05-ai-integration.spec.js" time="0.773">
<failure message="05-ai-integration.spec.js:43:3 should have AI extract functionality per step" type="FAILURE">
<![CDATA[  [chromium] › 05-ai-integration.spec.js:43:3 › AI Integration › should have AI extract functionality per step 

    Error: expect.toBeVisible: Error: strict mode violation: getByText('AI Extract') resolved to 2 elements:
        1) <button type="button" class="ai-btn" onclick="aiExtractStep(1)">âœ¨ AI Extract</button> aka getByRole('button', { name: 'âœ¨ AI Extract' })
        2) <span>AI Extractions:</span> aka getByText('AI Extractions:')

    Call log:
      - Expect "toBeVisible" with timeout 5000ms
      - waiting for getByText('AI Extract')


      43 |   test('should have AI extract functionality per step', async ({ page }) => {
      44 |     const aiExtractButton = page.getByText('AI Extract');
    > 45 |     await expect(aiExtractButton).toBeVisible();
         |                                   ^
      46 |     
      47 |     // Click should trigger AI extraction (would need API key)
      48 |     // For now, just verify the button exists and is clickable
        at /Users/matheusrech/Downloads/form-to-sr-extraction/tests/05-ai-integration.spec.js:45:35

    attachment #1: screenshot (image/png) ──────────────────────────────────────────────────────────
    ../test-results/05-ai-integration-AI-Integ-7de3a-ract-functionality-per-step-chromium/test-failed-1.png
    ────────────────────────────────────────────────────────────────────────────────────────────────

    attachment #2: video (video/webm) ──────────────────────────────────────────────────────────────
    ../test-results/05-ai-integration-AI-Integ-7de3a-ract-functionality-per-step-chromium/video.webm
    ────────────────────────────────────────────────────────────────────────────────────────────────

    Error Context: ../test-results/05-ai-integration-AI-Integ-7de3a-ract-functionality-per-step-chromium/error-context.md
]]>
</failure>
<system-out>
<![CDATA[
[[ATTACHMENT|test-results/05-ai-integration-AI-Integ-7de3a-ract-functionality-per-step-chromium/test-failed-1.png]]

[[ATTACHMENT|test-results/05-ai-integration-AI-Integ-7de3a-ract-functionality-per-step-chromium/video.webm]]

[[ATTACHMENT|test-results/05-ai-integration-AI-Integ-7de3a-ract-functionality-per-step-chromium/error-context.md]]
]]>
</system-out>
</testcase>
</testsuite>
<testsuite name="06-extraction-tracking.spec.js" timestamp="2025-09-28T21:31:01.926Z" hostname="chromium" tests="4" failures="1" skipped="0" time="8.311" errors="0">
<testcase name="Extraction Tracking › should show trace log panel" classname="06-extraction-tracking.spec.js" time="5.839">
<failure message="06-extraction-tracking.spec.js:11:3 should show trace log panel" type="FAILURE">
<![CDATA[  [chromium] › 06-extraction-tracking.spec.js:11:3 › Extraction Tracking › should show trace log panel 

    Error: expect(locator).toBeVisible() failed

    Locator:  locator('#trace-log')
    Expected: visible
    Received: hidden
    Timeout:  5000ms

    Call log:
      - Expect "toBeVisible" with timeout 5000ms
      - waiting for locator('#trace-log')
        9 × locator resolved to <div id="trace-log"></div>
          - unexpected value "hidden"


      11 |   test('should show trace log panel', async ({ page }) => {
      12 |     const traceLog = page.locator('#trace-log');
    > 13 |     await expect(traceLog).toBeVisible();
         |                            ^
      14 |   });
      15 |
      16 |   test('should display extraction statistics', async ({ page }) => {
        at /Users/matheusrech/Downloads/form-to-sr-extraction/tests/06-extraction-tracking.spec.js:13:28

    attachment #1: screenshot (image/png) ──────────────────────────────────────────────────────────
    ../test-results/06-extraction-tracking-Ext-081a8-should-show-trace-log-panel-chromium/test-failed-1.png
    ────────────────────────────────────────────────────────────────────────────────────────────────

    attachment #2: video (video/webm) ──────────────────────────────────────────────────────────────
    ../test-results/06-extraction-tracking-Ext-081a8-should-show-trace-log-panel-chromium/video.webm
    ────────────────────────────────────────────────────────────────────────────────────────────────

    Error Context: ../test-results/06-extraction-tracking-Ext-081a8-should-show-trace-log-panel-chromium/error-context.md
]]>
</failure>
<system-out>
<![CDATA[
[[ATTACHMENT|test-results/06-extraction-tracking-Ext-081a8-should-show-trace-log-panel-chromium/test-failed-1.png]]

[[ATTACHMENT|test-results/06-extraction-tracking-Ext-081a8-should-show-trace-log-panel-chromium/video.webm]]

[[ATTACHMENT|test-results/06-extraction-tracking-Ext-081a8-should-show-trace-log-panel-chromium/error-context.md]]
]]>
</system-out>
</testcase>
<testcase name="Extraction Tracking › should display extraction statistics" classname="06-extraction-tracking.spec.js" time="0.794">
</testcase>
<testcase name="Extraction Tracking › should show undo and clear buttons" classname="06-extraction-tracking.spec.js" time="0.77">
</testcase>
<testcase name="Extraction Tracking › should handle clear all extractions with confirmation" classname="06-extraction-tracking.spec.js" time="0.908">
</testcase>
</testsuite>
<testsuite name="07-export-functionality.spec.js" timestamp="2025-09-28T21:31:01.926Z" hostname="chromium" tests="5" failures="4" skipped="0" time="67.564" errors="0">
<testcase name="Export Functionality › should show all export buttons" classname="07-export-functionality.spec.js" time="5.823">
<failure message="07-export-functionality.spec.js:11:3 should show all export buttons" type="FAILURE">
<![CDATA[  [chromium] › 07-export-functionality.spec.js:11:3 › Export Functionality › should show all export buttons 

    Error: expect(locator).toBeVisible() failed

    Locator:  getByText('JSON', { exact: true })
    Expected: visible
    Received: <element(s) not found>
    Timeout:  5000ms

    Call log:
      - Expect "toBeVisible" with timeout 5000ms
      - waiting for getByText('JSON', { exact: true })


      21 |     
      22 |     for (const buttonText of exportButtons) {
    > 23 |       await expect(page.getByText(buttonText, { exact: true })).toBeVisible();
         |                                                                 ^
      24 |     }
      25 |   });
      26 |
        at /Users/matheusrech/Downloads/form-to-sr-extraction/tests/07-export-functionality.spec.js:23:65

    attachment #1: screenshot (image/png) ──────────────────────────────────────────────────────────
    ../test-results/07-export-functionality-Ex-c4e2c-uld-show-all-export-buttons-chromium/test-failed-1.png
    ────────────────────────────────────────────────────────────────────────────────────────────────

    attachment #2: video (video/webm) ──────────────────────────────────────────────────────────────
    ../test-results/07-export-functionality-Ex-c4e2c-uld-show-all-export-buttons-chromium/video.webm
    ────────────────────────────────────────────────────────────────────────────────────────────────

    Error Context: ../test-results/07-export-functionality-Ex-c4e2c-uld-show-all-export-buttons-chromium/error-context.md
]]>
</failure>
<system-out>
<![CDATA[
[[ATTACHMENT|test-results/07-export-functionality-Ex-c4e2c-uld-show-all-export-buttons-chromium/test-failed-1.png]]

[[ATTACHMENT|test-results/07-export-functionality-Ex-c4e2c-uld-show-all-export-buttons-chromium/video.webm]]

[[ATTACHMENT|test-results/07-export-functionality-Ex-c4e2c-uld-show-all-export-buttons-chromium/error-context.md]]
]]>
</system-out>
</testcase>
<testcase name="Export Functionality › should handle JSON export" classname="07-export-functionality.spec.js" time="30.073">
<failure message="07-export-functionality.spec.js:27:3 should handle JSON export" type="FAILURE">
<![CDATA[  [chromium] › 07-export-functionality.spec.js:27:3 › Export Functionality › should handle JSON export 

    Test timeout of 30000ms exceeded.

    Error: page.waitForEvent: Test timeout of 30000ms exceeded.
    =========================== logs ===========================
    waiting for event "download"
    ============================================================

      27 |   test('should handle JSON export', async ({ page }) => {
      28 |     // Listen for download
    > 29 |     const downloadPromise = page.waitForEvent('download');
         |                                  ^
      30 |     
      31 |     await page.getByText('JSON', { exact: true }).click();
      32 |     
        at /Users/matheusrech/Downloads/form-to-sr-extraction/tests/07-export-functionality.spec.js:29:34

    Error: locator.click: Test timeout of 30000ms exceeded.
    Call log:
      - waiting for getByText('JSON', { exact: true })


      29 |     const downloadPromise = page.waitForEvent('download');
      30 |     
    > 31 |     await page.getByText('JSON', { exact: true }).click();
         |                                                   ^
      32 |     
      33 |     const download = await downloadPromise;
      34 |     expect(download.suggestedFilename()).toMatch(/extraction_\d+\.json/);
        at /Users/matheusrech/Downloads/form-to-sr-extraction/tests/07-export-functionality.spec.js:31:51

    attachment #1: screenshot (image/png) ──────────────────────────────────────────────────────────
    ../test-results/07-export-functionality-Ex-b2fd8-y-should-handle-JSON-export-chromium/test-failed-1.png
    ────────────────────────────────────────────────────────────────────────────────────────────────

    Error Context: ../test-results/07-export-functionality-Ex-b2fd8-y-should-handle-JSON-export-chromium/error-context.md
]]>
</failure>
<system-out>
<![CDATA[
[[ATTACHMENT|test-results/07-export-functionality-Ex-b2fd8-y-should-handle-JSON-export-chromium/test-failed-1.png]]

[[ATTACHMENT|test-results/07-export-functionality-Ex-b2fd8-y-should-handle-JSON-export-chromium/error-context.md]]
]]>
</system-out>
</testcase>
<testcase name="Export Functionality › should handle CSV export" classname="07-export-functionality.spec.js" time="30.054">
<failure message="07-export-functionality.spec.js:37:3 should handle CSV export" type="FAILURE">
<![CDATA[  [chromium] › 07-export-functionality.spec.js:37:3 › Export Functionality › should handle CSV export 

    Test timeout of 30000ms exceeded.

    Error: page.waitForEvent: Test timeout of 30000ms exceeded.
    =========================== logs ===========================
    waiting for event "download"
    ============================================================

      36 |
      37 |   test('should handle CSV export', async ({ page }) => {
    > 38 |     const downloadPromise = page.waitForEvent('download');
         |                                  ^
      39 |     
      40 |     await page.getByText('CSV', { exact: true }).click();
      41 |     
        at /Users/matheusrech/Downloads/form-to-sr-extraction/tests/07-export-functionality.spec.js:38:34

    Error: locator.click: Test timeout of 30000ms exceeded.
    Call log:
      - waiting for getByText('CSV', { exact: true })


      38 |     const downloadPromise = page.waitForEvent('download');
      39 |     
    > 40 |     await page.getByText('CSV', { exact: true }).click();
         |                                                  ^
      41 |     
      42 |     const download = await downloadPromise;
      43 |     expect(download.suggestedFilename()).toMatch(/extraction_\d+\.csv/);
        at /Users/matheusrech/Downloads/form-to-sr-extraction/tests/07-export-functionality.spec.js:40:50

    attachment #1: screenshot (image/png) ──────────────────────────────────────────────────────────
    ../test-results/07-export-functionality-Ex-5f84f-ty-should-handle-CSV-export-chromium/test-failed-1.png
    ────────────────────────────────────────────────────────────────────────────────────────────────

    Error Context: ../test-results/07-export-functionality-Ex-5f84f-ty-should-handle-CSV-export-chromium/error-context.md
]]>
</failure>
<system-out>
<![CDATA[
[[ATTACHMENT|test-results/07-export-functionality-Ex-5f84f-ty-should-handle-CSV-export-chromium/test-failed-1.png]]

[[ATTACHMENT|test-results/07-export-functionality-Ex-5f84f-ty-should-handle-CSV-export-chromium/error-context.md]]
]]>
</system-out>
</testcase>
<testcase name="Export Functionality › should handle systematic review exports" classname="07-export-functionality.spec.js" time="0.793">
<failure message="07-export-functionality.spec.js:46:3 should handle systematic review exports" type="FAILURE">
<![CDATA[  [chromium] › 07-export-functionality.spec.js:46:3 › Export Functionality › should handle systematic review exports 

    Error: page.waitForEvent: Test ended.
    =========================== logs ===========================
    waiting for event "download"
    ============================================================

      46 |   test('should handle systematic review exports', async ({ page }) => {
      47 |     // Test main database export
    > 48 |     const mainDbPromise = page.waitForEvent('download');
         |                                ^
      49 |     await page.getByText('Main Data CSV').click();
      50 |     
      51 |     // Note: This might not trigger download if database is empty
        at /Users/matheusrech/Downloads/form-to-sr-extraction/tests/07-export-functionality.spec.js:48:32

    attachment #1: screenshot (image/png) ──────────────────────────────────────────────────────────
    ../test-results/07-export-functionality-Ex-8ec56-e-systematic-review-exports-chromium/test-failed-1.png
    ────────────────────────────────────────────────────────────────────────────────────────────────
]]>
</failure>
<system-out>
<![CDATA[
[[ATTACHMENT|test-results/07-export-functionality-Ex-8ec56-e-systematic-review-exports-chromium/test-failed-1.png]]
]]>
</system-out>
</testcase>
<testcase name="Export Functionality › should open audit report in new tab" classname="07-export-functionality.spec.js" time="0.821">
</testcase>
</testsuite>
<testsuite name="08-coordinate-visualization.spec.js" timestamp="2025-09-28T21:31:01.926Z" hostname="chromium" tests="5" failures="2" skipped="0" time="38.668" errors="0">
<testcase name="Coordinate Visualization › should show interactive coordinate map button" classname="08-coordinate-visualization.spec.js" time="0.756">
</testcase>
<testcase name="Coordinate Visualization › should show export interactive map button" classname="08-coordinate-visualization.spec.js" time="0.812">
</testcase>
<testcase name="Coordinate Visualization › should open coordinate visualizer modal" classname="08-coordinate-visualization.spec.js" time="0.852">
</testcase>
<testcase name="Coordinate Visualization › should close coordinate visualizer" classname="08-coordinate-visualization.spec.js" time="30.457">
<failure message="08-coordinate-visualization.spec.js:33:3 should close coordinate visualizer" type="FAILURE">
<![CDATA[  [chromium] › 08-coordinate-visualization.spec.js:33:3 › Coordinate Visualization › should close coordinate visualizer 

    Test timeout of 30000ms exceeded.

    Error: locator.click: Test timeout of 30000ms exceeded.
    Call log:
      - waiting for getByText('✕ Close')


      40 |     // Close modal
      41 |     const closeButton = page.getByText('✕ Close');
    > 42 |     await closeButton.click();
         |                       ^
      43 |     
      44 |     await expect(modal).toBeHidden();
      45 |   });
        at /Users/matheusrech/Downloads/form-to-sr-extraction/tests/08-coordinate-visualization.spec.js:42:23

    attachment #1: screenshot (image/png) ──────────────────────────────────────────────────────────
    ../test-results/08-coordinate-visualizatio-be3de-close-coordinate-visualizer-chromium/test-failed-1.png
    ────────────────────────────────────────────────────────────────────────────────────────────────

    attachment #2: video (video/webm) ──────────────────────────────────────────────────────────────
    ../test-results/08-coordinate-visualizatio-be3de-close-coordinate-visualizer-chromium/video.webm
    ────────────────────────────────────────────────────────────────────────────────────────────────

    Error Context: ../test-results/08-coordinate-visualizatio-be3de-close-coordinate-visualizer-chromium/error-context.md
]]>
</failure>
<system-out>
<![CDATA[
[[ATTACHMENT|test-results/08-coordinate-visualizatio-be3de-close-coordinate-visualizer-chromium/test-failed-1.png]]

[[ATTACHMENT|test-results/08-coordinate-visualizatio-be3de-close-coordinate-visualizer-chromium/video.webm]]

[[ATTACHMENT|test-results/08-coordinate-visualizatio-be3de-close-coordinate-visualizer-chromium/error-context.md]]
]]>
</system-out>
</testcase>
<testcase name="Coordinate Visualization › should show visualizer controls" classname="08-coordinate-visualization.spec.js" time="5.791">
<failure message="08-coordinate-visualization.spec.js:47:3 should show visualizer controls" type="FAILURE">
<![CDATA[  [chromium] › 08-coordinate-visualization.spec.js:47:3 › Coordinate Visualization › should show visualizer controls 

    Error: expect(locator).toBeVisible() failed

    Locator:  locator('#viz-field-list')
    Expected: visible
    Received: hidden
    Timeout:  5000ms

    Call log:
      - Expect "toBeVisible" with timeout 5000ms
      - waiting for locator('#viz-field-list')
        9 × locator resolved to <div id="viz-field-list"></div>
          - unexpected value "hidden"


      49 |     
      50 |     // Check for visualizer controls
    > 51 |     await expect(page.locator('#viz-field-list')).toBeVisible();
         |                                                   ^
      52 |     await expect(page.locator('#viz-pdf-container')).toBeVisible();
      53 |     await expect(page.locator('#viz-coordinate-details')).toBeVisible();
      54 |   });
        at /Users/matheusrech/Downloads/form-to-sr-extraction/tests/08-coordinate-visualization.spec.js:51:51

    attachment #1: screenshot (image/png) ──────────────────────────────────────────────────────────
    ../test-results/08-coordinate-visualizatio-10713-ld-show-visualizer-controls-chromium/test-failed-1.png
    ────────────────────────────────────────────────────────────────────────────────────────────────

    attachment #2: video (video/webm) ──────────────────────────────────────────────────────────────
    ../test-results/08-coordinate-visualizatio-10713-ld-show-visualizer-controls-chromium/video.webm
    ────────────────────────────────────────────────────────────────────────────────────────────────

    Error Context: ../test-results/08-coordinate-visualizatio-10713-ld-show-visualizer-controls-chromium/error-context.md
]]>
</failure>
<system-out>
<![CDATA[
[[ATTACHMENT|test-results/08-coordinate-visualizatio-10713-ld-show-visualizer-controls-chromium/test-failed-1.png]]

[[ATTACHMENT|test-results/08-coordinate-visualizatio-10713-ld-show-visualizer-controls-chromium/video.webm]]

[[ATTACHMENT|test-results/08-coordinate-visualizatio-10713-ld-show-visualizer-controls-chromium/error-context.md]]
]]>
</system-out>
</testcase>
</testsuite>
<testsuite name="09-responsive-design.spec.js" timestamp="2025-09-28T21:31:01.926Z" hostname="chromium" tests="4" failures="0" skipped="0" time="1.357" errors="0">
<testcase name="Responsive Design › should display correctly on desktop" classname="09-responsive-design.spec.js" time="0.396">
</testcase>
<testcase name="Responsive Design › should handle medium screens" classname="09-responsive-design.spec.js" time="0.328">
</testcase>
<testcase name="Responsive Design › should handle small screens" classname="09-responsive-design.spec.js" time="0.315">
</testcase>
<testcase name="Responsive Design › should handle mobile screens" classname="09-responsive-design.spec.js" time="0.318">
</testcase>
</testsuite>
<testsuite name="10-integration-tests.spec.js" timestamp="2025-09-28T21:31:01.926Z" hostname="chromium" tests="5" failures="1" skipped="0" time="33.967" errors="0">
<testcase name="Integration Tests › should complete full extraction workflow" classname="10-integration-tests.spec.js" time="0.868">
</testcase>
<testcase name="Integration Tests › should handle localStorage persistence" classname="10-integration-tests.spec.js" time="1.314">
</testcase>
<testcase name="Integration Tests › should handle error conditions gracefully" classname="10-integration-tests.spec.js" time="0.875">
</testcase>
<testcase name="Integration Tests › should maintain state across interactions" classname="10-integration-tests.spec.js" time="30.078">
<failure message="10-integration-tests.spec.js:59:3 should maintain state across interactions" type="FAILURE">
<![CDATA[  [chromium] › 10-integration-tests.spec.js:59:3 › Integration Tests › should maintain state across interactions 

    Test timeout of 30000ms exceeded.

    Error: locator.click: Test timeout of 30000ms exceeded.
    Call log:
      - waiting for getByText('Show Queue Status')


      63 |     
      64 |     // Toggle articles list
    > 65 |     await page.getByText('Show Queue Status').click();
         |                                               ^
      66 |     await page.getByText('Hide Queue Status').click();
      67 |     
      68 |     // Fields should maintain their values
        at /Users/matheusrech/Downloads/form-to-sr-extraction/tests/10-integration-tests.spec.js:65:47

    attachment #1: screenshot (image/png) ──────────────────────────────────────────────────────────
    ../test-results/10-integration-tests-Integ-4b090-n-state-across-interactions-chromium/test-failed-1.png
    ────────────────────────────────────────────────────────────────────────────────────────────────

    attachment #2: video (video/webm) ──────────────────────────────────────────────────────────────
    ../test-results/10-integration-tests-Integ-4b090-n-state-across-interactions-chromium/video.webm
    ────────────────────────────────────────────────────────────────────────────────────────────────

    Error Context: ../test-results/10-integration-tests-Integ-4b090-n-state-across-interactions-chromium/error-context.md
]]>
</failure>
<system-out>
<![CDATA[
[[ATTACHMENT|test-results/10-integration-tests-Integ-4b090-n-state-across-interactions-chromium/test-failed-1.png]]

[[ATTACHMENT|test-results/10-integration-tests-Integ-4b090-n-state-across-interactions-chromium/video.webm]]

[[ATTACHMENT|test-results/10-integration-tests-Integ-4b090-n-state-across-interactions-chromium/error-context.md]]
]]>
</system-out>
</testcase>
<testcase name="Integration Tests › should handle concurrent operations" classname="10-integration-tests.spec.js" time="0.832">
</testcase>
</testsuite>
<testsuite name="accessibility.spec.js" timestamp="2025-09-28T21:31:01.926Z" hostname="chromium" tests="4" failures="2" skipped="0" time="7.679" errors="0">
<testcase name="Accessibility Tests › should not have accessibility violations" classname="accessibility.spec.js" time="1.088">
<failure message="accessibility.spec.js:7:3 should not have accessibility violations" type="FAILURE">
<![CDATA[  [chromium] › accessibility.spec.js:7:3 › Accessibility Tests › should not have accessibility violations 

    Error: expect(received).toEqual(expected) // deep equality

    - Expected  -    1
    + Received  + 1186

    - Array []
    + Array [
    +   Object {
    +     "description": "Ensure the contrast between foreground and background colors meets WCAG 2 AA minimum contrast ratio thresholds",
    +     "help": "Elements must meet minimum color contrast ratio thresholds",
    +     "helpUrl": "https://dequeuniversity.com/rules/axe/4.10/color-contrast?application=playwright",
    +     "id": "color-contrast",
    +     "impact": "serious",
    +     "nodes": Array [
    +       Object {
    +         "all": Array [],
    +         "any": Array [
    +           Object {
    +             "data": Object {
    +               "bgColor": "#2196f3",
    +               "contrastRatio": 3.12,
    +               "expectedContrastRatio": "4.5:1",
    +               "fgColor": "#ffffff",
    +               "fontSize": "8.3pt (11px)",
    +               "fontWeight": "normal",
    +               "messageKey": null,
    +             },
    +             "id": "color-contrast",
    +             "impact": "serious",
    +             "message": "Element has insufficient color contrast of 3.12 (foreground color: #ffffff, background color: #2196f3, font size: 8.3pt (11px), font weight: normal). Expected contrast ratio of 4.5:1",
    +             "relatedNodes": Array [
    +               Object {
    +                 "html": "<button onclick=\"saveCurrentProgress()\" style=\"padding: 6px; font-size: 11px; background: #2196F3;\">
    +                     ðŸ’¾ Save Progress
    +                 </button>",
    +                 "target": Array [
    +                   "button[onclick=\"saveCurrentProgress()\"]",
    +                 ],
    +               },
    +             ],
    +           },
    +         ],
    +         "failureSummary": "Fix any of the following:
    +   Element has insufficient color contrast of 3.12 (foreground color: #ffffff, background color: #2196f3, font size: 8.3pt (11px), font weight: normal). Expected contrast ratio of 4.5:1",
    +         "html": "<button onclick=\"saveCurrentProgress()\" style=\"padding: 6px; font-size: 11px; background: #2196F3;\">
    +                     ðŸ’¾ Save Progress
    +                 </button>",
    +         "impact": "serious",
    +         "none": Array [],
    +         "target": Array [
    +           "button[onclick=\"saveCurrentProgress()\"]",
    +         ],
    +       },
    +       Object {
    +         "all": Array [],
    +         "any": Array [
    +           Object {
    +             "data": Object {
    +               "bgColor": "#4caf50",
    +               "contrastRatio": 2.77,
    +               "expectedContrastRatio": "4.5:1",
    +               "fgColor": "#ffffff",
    +               "fontSize": "8.3pt (11px)",
    +               "fontWeight": "normal",
    +               "messageKey": null,
    +             },
    +             "id": "color-contrast",
    +             "impact": "serious",
    +             "message": "Element has insufficient color contrast of 2.77 (foreground color: #ffffff, background color: #4caf50, font size: 8.3pt (11px), font weight: normal). Expected contrast ratio of 4.5:1",
    +             "relatedNodes": Array [
    +               Object {
    +                 "html": "<button onclick=\"completeCurrentArticle()\" style=\"padding: 6px; font-size: 11px; background: #4CAF50;\">
    +                     âœ… Complete Article
    +                 </button>",
    +                 "target": Array [
    +                   "button[onclick=\"completeCurrentArticle()\"]",
    +                 ],
    +               },
    +             ],
    +           },
    +         ],
    +         "failureSummary": "Fix any of the following:
    +   Element has insufficient color contrast of 2.77 (foreground color: #ffffff, background color: #4caf50, font size: 8.3pt (11px), font weight: normal). Expected contrast ratio of 4.5:1",
    +         "html": "<button onclick=\"completeCurrentArticle()\" style=\"padding: 6px; font-size: 11px; background: #4CAF50;\">
    +                     âœ… Complete Article
    +                 </button>",
    +         "impact": "serious",
    +         "none": Array [],
    +         "target": Array [
    +           "button[onclick=\"completeCurrentArticle()\"]",
    +         ],
    +       },
    +       Object {
    +         "all": Array [],
    +         "any": Array [
    +           Object {
    +             "data": Object {
    +               "bgColor": "#4caf50",
    +               "contrastRatio": 2.77,
    +               "expectedContrastRatio": "4.5:1",
    +               "fgColor": "#ffffff",
    +               "fontSize": "9.0pt (12px)",
    +               "fontWeight": "normal",
    +               "messageKey": null,
    +             },
    +             "id": "color-contrast",
    +             "impact": "serious",
    +             "message": "Element has insufficient color contrast of 2.77 (foreground color: #ffffff, background color: #4caf50, font size: 9.0pt (12px), font weight: normal). Expected contrast ratio of 4.5:1",
    +             "relatedNodes": Array [
    +               Object {
    +                 "html": "<button onclick=\"toggleArticlesList()\" style=\"width: 100%; padding: 6px; font-size: 12px; background: #4CAF50;\">ðŸ“‹ Queue (1/21) - Hornig1994.pdf...</button>",
    +                 "target": Array [
    +                   "button[onclick=\"toggleArticlesList()\"]",
    +                 ],
    +               },
    +             ],
    +           },
    +         ],
    +         "failureSummary": "Fix any of the following:
    +   Element has insufficient color contrast of 2.77 (foreground color: #ffffff, background color: #4caf50, font size: 9.0pt (12px), font weight: normal). Expected contrast ratio of 4.5:1",
    +         "html": "<button onclick=\"toggleArticlesList()\" style=\"width: 100%; padding: 6px; font-size: 12px; background: #4CAF50;\">ðŸ“‹ Queue (1/21) - Hornig1994.pdf...</button>",
    +         "impact": "serious",
    +         "none": Array [],
    +         "target": Array [
    +           "button[onclick=\"toggleArticlesList()\"]",
    +         ],
    +       },
    +       Object {
    +         "all": Array [],
    +         "any": Array [
    +           Object {
    +             "data": Object {
    +               "bgColor": "#f0f8ff",
    +               "contrastRatio": 3.7,
    +               "expectedContrastRatio": "4.5:1",
    +               "fgColor": "#007bff",
    +               "fontSize": "12.0pt (16px)",
    +               "fontWeight": "bold",
    +               "messageKey": null,
    +             },
    +             "id": "color-contrast",
    +             "impact": "serious",
    +             "message": "Element has insufficient color contrast of 3.7 (foreground color: #007bff, background color: #f0f8ff, font size: 12.0pt (16px), font weight: bold). Expected contrast ratio of 4.5:1",
    +             "relatedNodes": Array [
    +               Object {
    +                 "html": "<div id=\"api-key-section\">",
    +                 "target": Array [
    +                   "#api-key-section",
    +                 ],
    +               },
    +             ],
    +           },
    +         ],
    +         "failureSummary": "Fix any of the following:
    +   Element has insufficient color contrast of 3.7 (foreground color: #007bff, background color: #f0f8ff, font size: 12.0pt (16px), font weight: bold). Expected contrast ratio of 4.5:1",
    +         "html": "<h3>ðŸ¤– AI Configuration (Gemini)</h3>",
    +         "impact": "serious",
    +         "none": Array [],
    +         "target": Array [
    +           "#api-key-section > h3",
    +         ],
    +       },
    +       Object {
    +         "all": Array [],
    +         "any": Array [
    +           Object {
    +             "data": Object {
    +               "bgColor": "#007bff",
    +               "contrastRatio": 3.97,
    +               "expectedContrastRatio": "4.5:1",
    +               "fgColor": "#ffffff",
    +               "fontSize": "9.0pt (12px)",
    +               "fontWeight": "normal",
    +               "messageKey": null,
    +             },
    +             "id": "color-contrast",
    +             "impact": "serious",
    +             "message": "Element has insufficient color contrast of 3.97 (foreground color: #ffffff, background color: #007bff, font size: 9.0pt (12px), font weight: normal). Expected contrast ratio of 4.5:1",
    +             "relatedNodes": Array [
    +               Object {
    +                 "html": "<button onclick=\"saveApiKey()\">Save</button>",
    +                 "target": Array [
    +                   "button[onclick=\"saveApiKey()\"]",
    +                 ],
    +               },
    +             ],
    +           },
    +         ],
    +         "failureSummary": "Fix any of the following:
    +   Element has insufficient color contrast of 3.97 (foreground color: #ffffff, background color: #007bff, font size: 9.0pt (12px), font weight: normal). Expected contrast ratio of 4.5:1",
    +         "html": "<button onclick=\"saveApiKey()\">Save</button>",
    +         "impact": "serious",
    +         "none": Array [],
    +         "target": Array [
    +           "button[onclick=\"saveApiKey()\"]",
    +         ],
    +       },
    +       Object {
    +         "all": Array [],
    +         "any": Array [
    +           Object {
    +             "data": Object {
    +               "bgColor": "#007bff",
    +               "contrastRatio": 3.97,
    +               "expectedContrastRatio": "4.5:1",
    +               "fgColor": "#ffffff",
    +               "fontSize": "9.0pt (12px)",
    +               "fontWeight": "normal",
    +               "messageKey": null,
    +             },
    +             "id": "color-contrast",
    +             "impact": "serious",
    +             "message": "Element has insufficient color contrast of 3.97 (foreground color: #ffffff, background color: #007bff, font size: 9.0pt (12px), font weight: normal). Expected contrast ratio of 4.5:1",
    +             "relatedNodes": Array [
    +               Object {
    +                 "html": "<button onclick=\"testApiKey()\">Test</button>",
    +                 "target": Array [
    +                   "button[onclick=\"testApiKey()\"]",
    +                 ],
    +               },
    +             ],
    +           },
    +         ],
    +         "failureSummary": "Fix any of the following:
    +   Element has insufficient color contrast of 3.97 (foreground color: #ffffff, background color: #007bff, font size: 9.0pt (12px), font weight: normal). Expected contrast ratio of 4.5:1",
    +         "html": "<button onclick=\"testApiKey()\">Test</button>",
    +         "impact": "serious",
    +         "none": Array [],
    +         "target": Array [
    +           "button[onclick=\"testApiKey()\"]",
    +         ],
    +       },
    +       Object {
    +         "all": Array [],
    +         "any": Array [
    +           Object {
    +             "data": Object {
    +               "bgColor": "#007bff",
    +               "contrastRatio": 3.97,
    +               "expectedContrastRatio": "4.5:1",
    +               "fgColor": "#ffffff",
    +               "fontSize": "12.0pt (16px)",
    +               "fontWeight": "normal",
    +               "messageKey": null,
    +             },
    +             "id": "color-contrast",
    +             "impact": "serious",
    +             "message": "Element has insufficient color contrast of 3.97 (foreground color: #ffffff, background color: #007bff, font size: 12.0pt (16px), font weight: normal). Expected contrast ratio of 4.5:1",
    +             "relatedNodes": Array [
    +               Object {
    +                 "html": "<button id=\"next-btn\">Next</button>",
    +                 "target": Array [
    +                   "#next-btn",
    +                 ],
    +               },
    +             ],
    +           },
    +         ],
    +         "failureSummary": "Fix any of the following:
    +   Element has insufficient color contrast of 3.97 (foreground color: #ffffff, background color: #007bff, font size: 12.0pt (16px), font weight: normal). Expected contrast ratio of 4.5:1",
    +         "html": "<button id=\"next-btn\">Next</button>",
    +         "impact": "serious",
    +         "none": Array [],
    +         "target": Array [
    +           "#next-btn",
    +         ],
    +       },
    +       Object {
    +         "all": Array [],
    +         "any": Array [
    +           Object {
    +             "data": Object {
    +               "bgColor": "#4caf50",
    +               "contrastRatio": 2.77,
    +               "expectedContrastRatio": "4.5:1",
    +               "fgColor": "#ffffff",
    +               "fontSize": "8.3pt (11px)",
    +               "fontWeight": "normal",
    +               "messageKey": null,
    +             },
    +             "id": "color-contrast",
    +             "impact": "serious",
    +             "message": "Element has insufficient color contrast of 2.77 (foreground color: #ffffff, background color: #4caf50, font size: 8.3pt (11px), font weight: normal). Expected contrast ratio of 4.5:1",
    +             "relatedNodes": Array [
    +               Object {
    +                 "html": "<button onclick=\"exportJSON()\" style=\"background: #4CAF50; color: white;\">ðŸ“„ JSON</button>",
    +                 "target": Array [
    +                   "button[onclick=\"exportJSON()\"]",
    +                 ],
    +               },
    +             ],
    +           },
    +         ],
    +         "failureSummary": "Fix any of the following:
    +   Element has insufficient color contrast of 2.77 (foreground color: #ffffff, background color: #4caf50, font size: 8.3pt (11px), font weight: normal). Expected contrast ratio of 4.5:1",
    +         "html": "<button onclick=\"exportJSON()\" style=\"background: #4CAF50; color: white;\">ðŸ“„ JSON</button>",
    +         "impact": "serious",
    +         "none": Array [],
    +         "target": Array [
    +           "button[onclick=\"exportJSON()\"]",
    +         ],
    +       },
    +       Object {
    +         "all": Array [],
    +         "any": Array [
    +           Object {
    +             "data": Object {
    +               "bgColor": "#2196f3",
    +               "contrastRatio": 3.12,
    +               "expectedContrastRatio": "4.5:1",
    +               "fgColor": "#ffffff",
    +               "fontSize": "8.3pt (11px)",
    +               "fontWeight": "normal",
    +               "messageKey": null,
    +             },
    +             "id": "color-contrast",
    +             "impact": "serious",
    +             "message": "Element has insufficient color contrast of 3.12 (foreground color: #ffffff, background color: #2196f3, font size: 8.3pt (11px), font weight: normal). Expected contrast ratio of 4.5:1",
    +             "relatedNodes": Array [
    +               Object {
    +                 "html": "<button onclick=\"exportCSV()\" style=\"background: #2196F3; color: white;\">ðŸ“Š CSV</button>",
    +                 "target": Array [
    +                   "button[onclick=\"exportCSV()\"]",
    +                 ],
    +               },
    +             ],
    +           },
    +         ],
    +         "failureSummary": "Fix any of the following:
    +   Element has insufficient color contrast of 3.12 (foreground color: #ffffff, background color: #2196f3, font size: 8.3pt (11px), font weight: normal). Expected contrast ratio of 4.5:1",
    +         "html": "<button onclick=\"exportCSV()\" style=\"background: #2196F3; color: white;\">ðŸ“Š CSV</button>",
    +         "impact": "serious",
    +         "none": Array [],
    +         "target": Array [
    +           "button[onclick=\"exportCSV()\"]",
    +         ],
    +       },
    +       Object {
    +         "all": Array [],
    +         "any": Array [
    +           Object {
    +             "data": Object {
    +               "bgColor": "#ff9800",
    +               "contrastRatio": 2.15,
    +               "expectedContrastRatio": "4.5:1",
    +               "fgColor": "#ffffff",
    +               "fontSize": "8.3pt (11px)",
    +               "fontWeight": "normal",
    +               "messageKey": null,
    +             },
    +             "id": "color-contrast",
    +             "impact": "serious",
    +             "message": "Element has insufficient color contrast of 2.15 (foreground color: #ffffff, background color: #ff9800, font size: 8.3pt (11px), font weight: normal). Expected contrast ratio of 4.5:1",
    +             "relatedNodes": Array [
    +               Object {
    +                 "html": "<button onclick=\"exportAuditHTML()\" style=\"background: #FF9800; color: white;\">ðŸ“‹ Audit</button>",
    +                 "target": Array [
    +                   "button[onclick=\"exportAuditHTML()\"]",
    +                 ],
    +               },
    +             ],
    +           },
    +         ],
    +         "failureSummary": "Fix any of the following:
    +   Element has insufficient color contrast of 2.15 (foreground color: #ffffff, background color: #ff9800, font size: 8.3pt (11px), font weight: normal). Expected contrast ratio of 4.5:1",
    +         "html": "<button onclick=\"exportAuditHTML()\" style=\"background: #FF9800; color: white;\">ðŸ“‹ Audit</button>",
    +         "impact": "serious",
    +         "none": Array [],
    +         "target": Array [
    +           "button[onclick=\"exportAuditHTML()\"]",
    +         ],
    +       },
    +       Object {
    +         "all": Array [],
    +         "any": Array [
    +           Object {
    +             "data": Object {
    +               "bgColor": "#e91e63",
    +               "contrastRatio": 4.34,
    +               "expectedContrastRatio": "4.5:1",
    +               "fgColor": "#ffffff",
    +               "fontSize": "8.3pt (11px)",
    +               "fontWeight": "normal",
    +               "messageKey": null,
    +             },
    +             "id": "color-contrast",
    +             "impact": "serious",
    +             "message": "Element has insufficient color contrast of 4.34 (foreground color: #ffffff, background color: #e91e63, font size: 8.3pt (11px), font weight: normal). Expected contrast ratio of 4.5:1",
    +             "relatedNodes": Array [
    +               Object {
    +                 "html": "<button onclick=\"exportSystematicReview()\" style=\"background: #E91E63; color: white; width: 100%; font-size: 11px; padding: 6px; margin-top: 5px;\">
    +                 ðŸ“‹ Complete SR Export
    +             </button>",
    +                 "target": Array [
    +                   "button[onclick=\"exportSystematicReview()\"]",
    +                 ],
    +               },
    +             ],
    +           },
    +         ],
    +         "failureSummary": "Fix any of the following:
    +   Element has insufficient color contrast of 4.34 (foreground color: #ffffff, background color: #e91e63, font size: 8.3pt (11px), font weight: normal). Expected contrast ratio of 4.5:1",
    +         "html": "<button onclick=\"exportSystematicReview()\" style=\"background: #E91E63; color: white; width: 100%; font-size: 11px; padding: 6px; margin-top: 5px;\">
    +                 ðŸ“‹ Complete SR Export
    +             </button>",
    +         "impact": "serious",
    +         "none": Array [],
    +         "target": Array [
    +           "button[onclick=\"exportSystematicReview()\"]",
    +         ],
    +       },
    +       Object {
    +         "all": Array [],
    +         "any": Array [
    +           Object {
    +             "data": Object {
    +               "bgColor": "#607d8b",
    +               "contrastRatio": 4.37,
    +               "expectedContrastRatio": "4.5:1",
    +               "fgColor": "#ffffff",
    +               "fontSize": "9.0pt (12px)",
    +               "fontWeight": "normal",
    +               "messageKey": null,
    +             },
    +             "id": "color-contrast",
    +             "impact": "serious",
    +             "message": "Element has insufficient color contrast of 4.37 (foreground color: #ffffff, background color: #607d8b, font size: 9.0pt (12px), font weight: normal). Expected contrast ratio of 4.5:1",
    +             "relatedNodes": Array [
    +               Object {
    +                 "html": "<button onclick=\"undoLastExtraction()\" style=\"background: #607D8B; font-size: 12px; padding: 6px 12px;\">
    +                 â†¶ Undo Last
    +             </button>",
    +                 "target": Array [
    +                   "button[onclick=\"undoLastExtraction()\"]",
    +                 ],
    +               },
    +             ],
    +           },
    +         ],
    +         "failureSummary": "Fix any of the following:
    +   Element has insufficient color contrast of 4.37 (foreground color: #ffffff, background color: #607d8b, font size: 9.0pt (12px), font weight: normal). Expected contrast ratio of 4.5:1",
    +         "html": "<button onclick=\"undoLastExtraction()\" style=\"background: #607D8B; font-size: 12px; padding: 6px 12px;\">
    +                 â†¶ Undo Last
    +             </button>",
    +         "impact": "serious",
    +         "none": Array [],
    +         "target": Array [
    +           "button[onclick=\"undoLastExtraction()\"]",
    +         ],
    +       },
    +       Object {
    +         "all": Array [],
    +         "any": Array [
    +           Object {
    +             "data": Object {
    +               "bgColor": "#f44336",
    +               "contrastRatio": 3.68,
    +               "expectedContrastRatio": "4.5:1",
    +               "fgColor": "#ffffff",
    +               "fontSize": "9.0pt (12px)",
    +               "fontWeight": "normal",
    +               "messageKey": null,
    +             },
    +             "id": "color-contrast",
    +             "impact": "serious",
    +             "message": "Element has insufficient color contrast of 3.68 (foreground color: #ffffff, background color: #f44336, font size: 9.0pt (12px), font weight: normal). Expected contrast ratio of 4.5:1",
    +             "relatedNodes": Array [
    +               Object {
    +                 "html": "<button onclick=\"clearAllExtractions()\" style=\"background: #f44336; font-size: 12px; padding: 6px 12px;\">
    +                 ðŸ—‘ Clear All
    +             </button>",
    +                 "target": Array [
    +                   "button[onclick=\"clearAllExtractions()\"]",
    +                 ],
    +               },
    +             ],
    +           },
    +         ],
    +         "failureSummary": "Fix any of the following:
    +   Element has insufficient color contrast of 3.68 (foreground color: #ffffff, background color: #f44336, font size: 9.0pt (12px), font weight: normal). Expected contrast ratio of 4.5:1",
    +         "html": "<button onclick=\"clearAllExtractions()\" style=\"background: #f44336; font-size: 12px; padding: 6px 12px;\">
    +                 ðŸ—‘ Clear All
    +             </button>",
    +         "impact": "serious",
    +         "none": Array [],
    +         "target": Array [
    +           "button[onclick=\"clearAllExtractions()\"]",
    +         ],
    +       },
    +       Object {
    +         "all": Array [],
    +         "any": Array [
    +           Object {
    +             "data": Object {
    +               "bgColor": "#2196f3",
    +               "contrastRatio": 3.12,
    +               "expectedContrastRatio": "4.5:1",
    +               "fgColor": "#ffffff",
    +               "fontSize": "12.0pt (16px)",
    +               "fontWeight": "normal",
    +               "messageKey": null,
    +             },
    +             "id": "color-contrast",
    +             "impact": "serious",
    +             "message": "Element has insufficient color contrast of 3.12 (foreground color: #ffffff, background color: #2196f3, font size: 12.0pt (16px), font weight: normal). Expected contrast ratio of 4.5:1",
    +             "relatedNodes": Array [
    +               Object {
    +                 "html": "<div id=\"extraction-status\" class=\"extraction-status show\" style=\"background: rgb(33, 150, 243); color: white;\">
    +     <span id=\"status-message\">System ready. Select an article from the list or load a PDF to begin extraction.</span>
    + </div>",
    +                 "target": Array [
    +                   "#extraction-status",
    +                 ],
    +               },
    +             ],
    +           },
    +         ],
    +         "failureSummary": "Fix any of the following:
    +   Element has insufficient color contrast of 3.12 (foreground color: #ffffff, background color: #2196f3, font size: 12.0pt (16px), font weight: normal). Expected contrast ratio of 4.5:1",
    +         "html": "<span id=\"status-message\">System ready. Select an article from the list or load a PDF to begin extraction.</span>",
    +         "impact": "serious",
    +         "none": Array [],
    +         "target": Array [
    +           "#status-message",
    +         ],
    +       },
    +     ],
    +     "tags": Array [
    +       "cat.color",
    +       "wcag2aa",
    +       "wcag143",
    +       "TTv5",
    +       "TT13.c",
    +       "EN-301-549",
    +       "EN-9.1.4.3",
    +       "ACT",
    +     ],
    +   },
    +   Object {
    +     "description": "Ensure the order of headings is semantically correct",
    +     "help": "Heading levels should only increase by one",
    +     "helpUrl": "https://dequeuniversity.com/rules/axe/4.10/heading-order?application=playwright",
    +     "id": "heading-order",
    +     "impact": "moderate",
    +     "nodes": Array [
    +       Object {
    +         "all": Array [],
    +         "any": Array [
    +           Object {
    +             "data": null,
    +             "id": "heading-order",
    +             "impact": "moderate",
    +             "message": "Heading order invalid",
    +             "relatedNodes": Array [],
    +           },
    +         ],
    +         "failureSummary": "Fix any of the following:
    +   Heading order invalid",
    +         "html": "<h3 style=\"margin: 0 0 10px 0; color: #2e7d32; font-size: 16px;\">ðŸ“š Systematic Review Progress</h3>",
    +         "impact": "moderate",
    +         "none": Array [],
    +         "target": Array [
    +           "#sr-progress-section > h3",
    +         ],
    +       },
    +       Object {
    +         "all": Array [],
    +         "any": Array [
    +           Object {
    +             "data": null,
    +             "id": "heading-order",
    +             "impact": "moderate",
    +             "message": "Heading order invalid",
    +             "relatedNodes": Array [],
    +           },
    +         ],
    +         "failureSummary": "Fix any of the following:
    +   Heading order invalid",
    +         "html": "<h4 style=\"margin: 0 0 10px 0; font-size: 14px;\">Export Options</h4>",
    +         "impact": "moderate",
    +         "none": Array [],
    +         "target": Array [
    +           "h4",
    +         ],
    +       },
    +     ],
    +     "tags": Array [
    +       "cat.semantics",
    +       "best-practice",
    +     ],
    +   },
    +   Object {
    +     "description": "Ensure every HTML document has a lang attribute",
    +     "help": "<html> element must have a lang attribute",
    +     "helpUrl": "https://dequeuniversity.com/rules/axe/4.10/html-has-lang?application=playwright",
    +     "id": "html-has-lang",
    +     "impact": "serious",
    +     "nodes": Array [
    +       Object {
    +         "all": Array [],
    +         "any": Array [
    +           Object {
    +             "data": Object {
    +               "messageKey": "noLang",
    +             },
    +             "id": "has-lang",
    +             "impact": "serious",
    +             "message": "The <html> element does not have a lang attribute",
    +             "relatedNodes": Array [],
    +           },
    +         ],
    +         "failureSummary": "Fix any of the following:
    +   The <html> element does not have a lang attribute",
    +         "html": "<html>",
    +         "impact": "serious",
    +         "none": Array [],
    +         "target": Array [
    +           "html",
    +         ],
    +       },
    +     ],
    +     "tags": Array [
    +       "cat.language",
    +       "wcag2a",
    +       "wcag311",
    +       "TTv5",
    +       "TT11.a",
    +       "EN-301-549",
    +       "EN-9.3.1.1",
    +       "ACT",
    +     ],
    +   },
    +   Object {
    +     "description": "Ensure every form element has a label",
    +     "help": "Form elements must have labels",
    +     "helpUrl": "https://dequeuniversity.com/rules/axe/4.10/label?application=playwright",
    +     "id": "label",
    +     "impact": "critical",
    +     "nodes": Array [
    +       Object {
    +         "all": Array [],
    +         "any": Array [
    +           Object {
    +             "data": null,
    +             "id": "implicit-label",
    +             "impact": "critical",
    +             "message": "Element does not have an implicit (wrapped) <label>",
    +             "relatedNodes": Array [],
    +           },
    +           Object {
    +             "data": null,
    +             "id": "explicit-label",
    +             "impact": "critical",
    +             "message": "Element does not have an explicit <label>",
    +             "relatedNodes": Array [],
    +           },
    +           Object {
    +             "data": null,
    +             "id": "aria-label",
    +             "impact": "critical",
    +             "message": "aria-label attribute does not exist or is empty",
    +             "relatedNodes": Array [],
    +           },
    +           Object {
    +             "data": null,
    +             "id": "aria-labelledby",
    +             "impact": "critical",
    +             "message": "aria-labelledby attribute does not exist, references elements that do not exist or references elements that are empty",
    +             "relatedNodes": Array [],
    +           },
    +           Object {
    +             "data": Object {
    +               "messageKey": "noAttr",
    +             },
    +             "id": "non-empty-title",
    +             "impact": "critical",
    +             "message": "Element has no title attribute",
    +             "relatedNodes": Array [],
    +           },
    +           Object {
    +             "data": Object {
    +               "messageKey": "noAttr",
    +             },
    +             "id": "non-empty-placeholder",
    +             "impact": "critical",
    +             "message": "Element has no placeholder attribute",
    +             "relatedNodes": Array [],
    +           },
    +           Object {
    +             "data": null,
    +             "id": "presentational-role",
    +             "impact": "critical",
    +             "message": "Element's default semantics were not overridden with role=\"none\" or role=\"presentation\"",
    +             "relatedNodes": Array [],
    +           },
    +         ],
    +         "failureSummary": "Fix any of the following:
    +   Element does not have an implicit (wrapped) <label>
    +   Element does not have an explicit <label>
    +   aria-label attribute does not exist or is empty
    +   aria-labelledby attribute does not exist, references elements that do not exist or references elements that are empty
    +   Element has no title attribute
    +   Element has no placeholder attribute
    +   Element's default semantics were not overridden with role=\"none\" or role=\"presentation\"",
    +         "html": "<input type=\"number\" id=\"page-num\" value=\"1\" style=\"width: 50px; text-align: center;\">",
    +         "impact": "critical",
    +         "none": Array [],
    +         "target": Array [
    +           "#page-num",
    +         ],
    +       },
    +     ],
    +     "tags": Array [
    +       "cat.forms",
    +       "wcag2a",
    +       "wcag412",
    +       "section508",
    +       "section508.22.n",
    +       "TTv5",
    +       "TT5.c",
    +       "EN-301-549",
    +       "EN-9.4.1.2",
    +       "ACT",
    +     ],
    +   },
    +   Object {
    +     "description": "Ensure the document has a main landmark",
    +     "help": "Document should have one main landmark",
    +     "helpUrl": "https://dequeuniversity.com/rules/axe/4.10/landmark-one-main?application=playwright",
    +     "id": "landmark-one-main",
    +     "impact": "moderate",
    +     "nodes": Array [
    +       Object {
    +         "all": Array [
    +           Object {
    +             "data": null,
    +             "id": "page-has-main",
    +             "impact": "moderate",
    +             "message": "Document does not have a main landmark",
    +             "relatedNodes": Array [],
    +           },
    +         ],
    +         "any": Array [],
    +         "failureSummary": "Fix all of the following:
    +   Document does not have a main landmark",
    +         "html": "<html>",
    +         "impact": "moderate",
    +         "none": Array [],
    +         "target": Array [
    +           "html",
    +         ],
    +       },
    +     ],
    +     "tags": Array [
    +       "cat.semantics",
    +       "best-practice",
    +     ],
    +   },
    +   Object {
    +     "description": "Ensure all page content is contained by landmarks",
    +     "help": "All page content should be contained by landmarks",
    +     "helpUrl": "https://dequeuniversity.com/rules/axe/4.10/region?application=playwright",
    +     "id": "region",
    +     "impact": "moderate",
    +     "nodes": Array [
    +       Object {
    +         "all": Array [],
    +         "any": Array [
    +           Object {
    +             "data": Object {
    +               "isIframe": false,
    +             },
    +             "id": "region",
    +             "impact": "moderate",
    +             "message": "Some page content is not contained by landmarks",
    +             "relatedNodes": Array [],
    +           },
    +         ],
    +         "failureSummary": "Fix any of the following:
    +   Some page content is not contained by landmarks",
    +         "html": "<h1>Clinical Study Master Extraction</h1>",
    +         "impact": "moderate",
    +         "none": Array [],
    +         "target": Array [
    +           "h1",
    +         ],
    +       },
    +       Object {
    +         "all": Array [],
    +         "any": Array [
    +           Object {
    +             "data": Object {
    +               "isIframe": false,
    +             },
    +             "id": "region",
    +             "impact": "moderate",
    +             "message": "Some page content is not contained by landmarks",
    +             "relatedNodes": Array [],
    +           },
    +         ],
    +         "failureSummary": "Fix any of the following:
    +   Some page content is not contained by landmarks",
    +         "html": "<p style=\"font-size: 14px; color: #666; margin-bottom: 15px;\">
    +             Complete extraction system with AI assistance and full traceability.
    +         </p>",
    +         "impact": "moderate",
    +         "none": Array [],
    +         "target": Array [
    +           ".form-panel > p",
    +         ],
    +       },
    +       Object {
    +         "all": Array [],
    +         "any": Array [
    +           Object {
    +             "data": Object {
    +               "isIframe": false,
    +             },
    +             "id": "region",
    +             "impact": "moderate",
    +             "message": "Some page content is not contained by landmarks",
    +             "relatedNodes": Array [],
    +           },
    +         ],
    +         "failureSummary": "Fix any of the following:
    +   Some page content is not contained by landmarks",
    +         "html": "<h3 style=\"margin: 0 0 10px 0; color: #2e7d32; font-size: 16px;\">ðŸ“š Systematic Review Progress</h3>",
    +         "impact": "moderate",
    +         "none": Array [],
    +         "target": Array [
    +           "#sr-progress-section > h3",
    +         ],
    +       },
    +       Object {
    +         "all": Array [],
    +         "any": Array [
    +           Object {
    +             "data": Object {
    +               "isIframe": false,
    +             },
    +             "id": "region",
    +             "impact": "moderate",
    +             "message": "Some page content is not contained by landmarks",
    +             "relatedNodes": Array [],
    +           },
    +         ],
    +         "failureSummary": "Fix any of the following:
    +   Some page content is not contained by landmarks",
    +         "html": "<div style=\"display: flex; justify-content: space-between; margin-bottom: 10px;\">",
    +         "impact": "moderate",
    +         "none": Array [],
    +         "target": Array [
    +           "#sr-progress-section > div:nth-child(2)",
    +         ],
    +       },
    +       Object {
    +         "all": Array [],
    +         "any": Array [
    +           Object {
    +             "data": Object {
    +               "isIframe": false,
    +             },
    +             "id": "region",
    +             "impact": "moderate",
    +             "message": "Some page content is not contained by landmarks",
    +             "relatedNodes": Array [],
    +           },
    +         ],
    +         "failureSummary": "Fix any of the following:
    +   Some page content is not contained by landmarks",
    +         "html": "<h3>ðŸ¤– AI Configuration (Gemini)</h3>",
    +         "impact": "moderate",
    +         "none": Array [],
    +         "target": Array [
    +           "#api-key-section > h3",
    +         ],
    +       },
    +       Object {
    +         "all": Array [],
    +         "any": Array [
    +           Object {
    +             "data": Object {
    +               "isIframe": false,
    +             },
    +             "id": "region",
    +             "impact": "moderate",
    +             "message": "Some page content is not contained by landmarks",
    +             "relatedNodes": Array [],
    +           },
    +         ],
    +         "failureSummary": "Fix any of the following:
    +   Some page content is not contained by landmarks",
    +         "html": "<input type=\"password\" id=\"api-key-input\" placeholder=\"Enter Gemini API key\">",
    +         "impact": "moderate",
    +         "none": Array [],
    +         "target": Array [
    +           "#api-key-input",
    +         ],
    +       },
    +       Object {
    +         "all": Array [],
    +         "any": Array [
    +           Object {
    +             "data": Object {
    +               "isIframe": false,
    +             },
    +             "id": "region",
    +             "impact": "moderate",
    +             "message": "Some page content is not contained by landmarks",
    +             "relatedNodes": Array [],
    +           },
    +         ],
    +         "failureSummary": "Fix any of the following:
    +   Some page content is not contained by landmarks",
    +         "html": "<form id=\"extraction-form\">",
    +         "impact": "moderate",
    +         "none": Array [],
    +         "target": Array [
    +           "#extraction-form",
    +         ],
    +       },
    +       Object {
    +         "all": Array [],
    +         "any": Array [
    +           Object {
    +             "data": Object {
    +               "isIframe": false,
    +             },
    +             "id": "region",
    +             "impact": "moderate",
    +             "message": "Some page content is not contained by landmarks",
    +             "relatedNodes": Array [],
    +           },
    +         ],
    +         "failureSummary": "Fix any of the following:
    +   Some page content is not contained by landmarks",
    +         "html": "<div id=\"step-indicator\">Step 1 of 8</div>",
    +         "impact": "moderate",
    +         "none": Array [],
    +         "target": Array [
    +           "#step-indicator",
    +         ],
    +       },
    +       Object {
    +         "all": Array [],
    +         "any": Array [
    +           Object {
    +             "data": Object {
    +               "isIframe": false,
    +             },
    +             "id": "region",
    +             "impact": "moderate",
    +             "message": "Some page content is not contained by landmarks",
    +             "relatedNodes": Array [],
    +           },
    +         ],
    +         "failureSummary": "Fix any of the following:
    +   Some page content is not contained by landmarks",
    +         "html": "<span style=\"color: white;\">
    +                 Page <input type=\"number\" id=\"page-num\" value=\"1\" style=\"width: 50px; text-align: center;\"> 
    +                 of <span id=\"total-pages\">0</span>
    +             </span>",
    +         "impact": "moderate",
    +         "none": Array [],
    +         "target": Array [
    +           ".pdf-toolbar > span",
    +         ],
    +       },
    +       Object {
    +         "all": Array [],
    +         "any": Array [
    +           Object {
    +             "data": Object {
    +               "isIframe": false,
    +             },
    +             "id": "region",
    +             "impact": "moderate",
    +             "message": "Some page content is not contained by landmarks",
    +             "relatedNodes": Array [],
    +           },
    +         ],
    +         "failureSummary": "Fix any of the following:
    +   Some page content is not contained by landmarks",
    +         "html": "<select id=\"zoom-level\" onchange=\"changeZoom(this.value)\">",
    +         "impact": "moderate",
    +         "none": Array [],
    +         "target": Array [
    +           "#zoom-level",
    +         ],
    +       },
    +       Object {
    +         "all": Array [],
    +         "any": Array [
    +           Object {
    +             "data": Object {
    +               "isIframe": false,
    +             },
    +             "id": "region",
    +             "impact": "moderate",
    +             "message": "Some page content is not contained by landmarks",
    +             "relatedNodes": Array [],
    +           },
    +         ],
    +         "failureSummary": "Fix any of the following:
    +   Some page content is not contained by landmarks",
    +         "html": "<input type=\"text\" id=\"pdf-search-input\" placeholder=\"Search PDF...\">",
    +         "impact": "moderate",
    +         "none": Array [],
    +         "target": Array [
    +           "#pdf-search-input",
    +         ],
    +       },
    +       Object {
    +         "all": Array [],
    +         "any": Array [
    +           Object {
    +             "data": Object {
    +               "isIframe": false,
    +             },
    +             "id": "region",
    +             "impact": "moderate",
    +             "message": "Some page content is not contained by landmarks",
    +             "relatedNodes": Array [],
    +           },
    +         ],
    +         "failureSummary": "Fix any of the following:
    +   Some page content is not contained by landmarks",
    +         "html": "<h2 style=\"font-size: 18px; margin-top: 0;\">Extraction Trace Log</h2>",
    +         "impact": "moderate",
    +         "none": Array [],
    +         "target": Array [
    +           ".trace-panel > h2",
    +         ],
    +       },
    +       Object {
    +         "all": Array [],
    +         "any": Array [
    +           Object {
    +             "data": Object {
    +               "isIframe": false,
    +             },
    +             "id": "region",
    +             "impact": "moderate",
    +             "message": "Some page content is not contained by landmarks",
    +             "relatedNodes": Array [],
    +           },
    +         ],
    +         "failureSummary": "Fix any of the following:
    +   Some page content is not contained by landmarks",
    +         "html": "<h4 style=\"margin: 0 0 10px 0; font-size: 14px;\">Export Options</h4>",
    +         "impact": "moderate",
    +         "none": Array [],
    +         "target": Array [
    +           "h4",
    +         ],
    +       },
    +       Object {
    +         "all": Array [],
    +         "any": Array [
    +           Object {
    +             "data": Object {
    +               "isIframe": false,
    +             },
    +             "id": "region",
    +             "impact": "moderate",
    +             "message": "Some page content is not contained by landmarks",
    +             "relatedNodes": Array [],
    +           },
    +         ],
    +         "failureSummary": "Fix any of the following:
    +   Some page content is not contained by landmarks",
    +         "html": "<div style=\"background: #f5f5f5; padding: 10px; border-radius: 4px; margin-bottom: 15px;\">",
    +         "impact": "moderate",
    +         "none": Array [],
    +         "target": Array [
    +           ".trace-panel > div:nth-child(3)",
    +         ],
    +       },
    +       Object {
    +         "all": Array [],
    +         "any": Array [
    +           Object {
    +             "data": Object {
    +               "isIframe": false,
    +             },
    +             "id": "region",
    +             "impact": "moderate",
    +             "message": "Some page content is not contained by landmarks",
    +             "relatedNodes": Array [],
    +           },
    +         ],
    +         "failureSummary": "Fix any of the following:
    +   Some page content is not contained by landmarks",
    +         "html": "<div id=\"extraction-status\" class=\"extraction-status show\" style=\"background: rgb(33, 150, 243); color: white;\">
    +     <span id=\"status-message\">System ready. Select an article from the list or load a PDF to begin extraction.</span>
    + </div>",
    +         "impact": "moderate",
    +         "none": Array [],
    +         "target": Array [
    +           "#extraction-status",
    +         ],
    +       },
    +     ],
    +     "tags": Array [
    +       "cat.keyboard",
    +       "best-practice",
    +     ],
    +   },
    +   Object {
    +     "description": "Ensure select element has an accessible name",
    +     "help": "Select element must have an accessible name",
    +     "helpUrl": "https://dequeuniversity.com/rules/axe/4.10/select-name?application=playwright",
    +     "id": "select-name",
    +     "impact": "critical",
    +     "nodes": Array [
    +       Object {
    +         "all": Array [],
    +         "any": Array [
    +           Object {
    +             "data": null,
    +             "id": "implicit-label",
    +             "impact": "critical",
    +             "message": "Element does not have an implicit (wrapped) <label>",
    +             "relatedNodes": Array [],
    +           },
    +           Object {
    +             "data": null,
    +             "id": "explicit-label",
    +             "impact": "critical",
    +             "message": "Element does not have an explicit <label>",
    +             "relatedNodes": Array [],
    +           },
    +           Object {
    +             "data": null,
    +             "id": "aria-label",
    +             "impact": "critical",
    +             "message": "aria-label attribute does not exist or is empty",
    +             "relatedNodes": Array [],
    +           },
    +           Object {
    +             "data": null,
    +             "id": "aria-labelledby",
    +             "impact": "critical",
    +             "message": "aria-labelledby attribute does not exist, references elements that do not exist or references elements that are empty",
    +             "relatedNodes": Array [],
    +           },
    +           Object {
    +             "data": Object {
    +               "messageKey": "noAttr",
    +             },
    +             "id": "non-empty-title",
    +             "impact": "critical",
    +             "message": "Element has no title attribute",
    +             "relatedNodes": Array [],
    +           },
    +           Object {
    +             "data": null,
    +             "id": "presentational-role",
    +             "impact": "critical",
    +             "message": "Element's default semantics were not overridden with role=\"none\" or role=\"presentation\"",
    +             "relatedNodes": Array [],
    +           },
    +         ],
    +         "failureSummary": "Fix any of the following:
    +   Element does not have an implicit (wrapped) <label>
    +   Element does not have an explicit <label>
    +   aria-label attribute does not exist or is empty
    +   aria-labelledby attribute does not exist, references elements that do not exist or references elements that are empty
    +   Element has no title attribute
    +   Element's default semantics were not overridden with role=\"none\" or role=\"presentation\"",
    +         "html": "<select id=\"zoom-level\" onchange=\"changeZoom(this.value)\">",
    +         "impact": "critical",
    +         "none": Array [],
    +         "target": Array [
    +           "#zoom-level",
    +         ],
    +       },
    +     ],
    +     "tags": Array [
    +       "cat.forms",
    +       "wcag2a",
    +       "wcag412",
    +       "section508",
    +       "section508.22.n",
    +       "TTv5",
    +       "TT5.c",
    +       "EN-301-549",
    +       "EN-9.4.1.2",
    +       "ACT",
    +     ],
    +   },
    + ]

      11 |     const accessibilityScanResults = await new AxeBuilder({ page }).analyze();
      12 |     
    > 13 |     expect(accessibilityScanResults.violations).toEqual([]);
         |                                                 ^
      14 |   });
      15 |
      16 |   test('should be keyboard navigable', async ({ page }) => {
        at /Users/matheusrech/Downloads/form-to-sr-extraction/tests/accessibility.spec.js:13:49

    attachment #1: screenshot (image/png) ──────────────────────────────────────────────────────────
    ../test-results/accessibility-Accessibilit-ba859-ve-accessibility-violations-chromium/test-failed-1.png
    ────────────────────────────────────────────────────────────────────────────────────────────────

    attachment #2: video (video/webm) ──────────────────────────────────────────────────────────────
    ../test-results/accessibility-Accessibilit-ba859-ve-accessibility-violations-chromium/video-1.webm
    ────────────────────────────────────────────────────────────────────────────────────────────────

    attachment #3: video (video/webm) ──────────────────────────────────────────────────────────────
    ../test-results/accessibility-Accessibilit-ba859-ve-accessibility-violations-chromium/video.webm
    ────────────────────────────────────────────────────────────────────────────────────────────────

    Error Context: ../test-results/accessibility-Accessibilit-ba859-ve-accessibility-violations-chromium/error-context.md
]]>
</failure>
<system-out>
<![CDATA[
[[ATTACHMENT|test-results/accessibility-Accessibilit-ba859-ve-accessibility-violations-chromium/test-failed-1.png]]

[[ATTACHMENT|test-results/accessibility-Accessibilit-ba859-ve-accessibility-violations-chromium/video-1.webm]]

[[ATTACHMENT|test-results/accessibility-Accessibilit-ba859-ve-accessibility-violations-chromium/video.webm]]

[[ATTACHMENT|test-results/accessibility-Accessibilit-ba859-ve-accessibility-violations-chromium/error-context.md]]
]]>
</system-out>
</testcase>
<testcase name="Accessibility Tests › should be keyboard navigable" classname="accessibility.spec.js" time="0.869">
</testcase>
<testcase name="Accessibility Tests › should have proper ARIA labels" classname="accessibility.spec.js" time="5.348">
<failure message="accessibility.spec.js:32:3 should have proper ARIA labels" type="FAILURE">
<![CDATA[  [chromium] › accessibility.spec.js:32:3 › Accessibility Tests › should have proper ARIA labels ───

    Error: expect(locator).toBeVisible() failed

    Locator:  locator('label[for="api-key-input"]')
    Expected: visible
    Received: <element(s) not found>
    Timeout:  5000ms

    Call log:
      - Expect "toBeVisible" with timeout 5000ms
      - waiting for locator('label[for="api-key-input"]')


      40 |       if (id) {
      41 |         const label = page.locator(`label[for="${id}"]`);
    > 42 |         await expect(label).toBeVisible();
         |                             ^
      43 |       }
      44 |     }
      45 |   });
        at /Users/matheusrech/Downloads/form-to-sr-extraction/tests/accessibility.spec.js:42:29

    attachment #1: screenshot (image/png) ──────────────────────────────────────────────────────────
    ../test-results/accessibility-Accessibilit-10e6e-uld-have-proper-ARIA-labels-chromium/test-failed-1.png
    ────────────────────────────────────────────────────────────────────────────────────────────────

    attachment #2: video (video/webm) ──────────────────────────────────────────────────────────────
    ../test-results/accessibility-Accessibilit-10e6e-uld-have-proper-ARIA-labels-chromium/video.webm
    ────────────────────────────────────────────────────────────────────────────────────────────────

    Error Context: ../test-results/accessibility-Accessibilit-10e6e-uld-have-proper-ARIA-labels-chromium/error-context.md
]]>
</failure>
<system-out>
<![CDATA[
[[ATTACHMENT|test-results/accessibility-Accessibilit-10e6e-uld-have-proper-ARIA-labels-chromium/test-failed-1.png]]

[[ATTACHMENT|test-results/accessibility-Accessibilit-10e6e-uld-have-proper-ARIA-labels-chromium/video.webm]]

[[ATTACHMENT|test-results/accessibility-Accessibilit-10e6e-uld-have-proper-ARIA-labels-chromium/error-context.md]]
]]>
</system-out>
</testcase>
<testcase name="Accessibility Tests › should support screen readers" classname="accessibility.spec.js" time="0.374">
</testcase>
</testsuite>
<testsuite name="e2e-user-journey.spec.js" timestamp="2025-09-28T21:31:01.926Z" hostname="chromium" tests="1" failures="0" skipped="0" time="2.861" errors="0">
<testcase name="Clinical researcher journey › processes a queued article end-to-end" classname="e2e-user-journey.spec.js" time="2.861">
</testcase>
</testsuite>
<testsuite name="performance.spec.js" timestamp="2025-09-28T21:31:01.926Z" hostname="chromium" tests="4" failures="0" skipped="0" time="3.251" errors="0">
<testcase name="Performance Tests › should load within acceptable time" classname="performance.spec.js" time="0.742">
</testcase>
<testcase name="Performance Tests › should handle large form interactions efficiently" classname="performance.spec.js" time="0.996">
</testcase>
<testcase name="Performance Tests › should maintain performance with many extractions" classname="performance.spec.js" time="0.778">
</testcase>
<testcase name="Performance Tests › should handle localStorage efficiently" classname="performance.spec.js" time="0.735">
</testcase>
</testsuite>
<testsuite name="01-basic-functionality.spec.js" timestamp="2025-09-28T21:31:01.926Z" hostname="firefox" tests="6" failures="2" skipped="0" time="11.875" errors="0">
<testcase name="Basic Application Functionality › should load the application successfully" classname="01-basic-functionality.spec.js" time="1.326">
</testcase>
<testcase name="Basic Application Functionality › should display systematic review progress section" classname="01-basic-functionality.spec.js" time="0.835">
</testcase>
<testcase name="Basic Application Functionality › should show API key configuration section" classname="01-basic-functionality.spec.js" time="0.857">
</testcase>
<testcase name="Basic Application Functionality › should display form with linked inputs" classname="01-basic-functionality.spec.js" time="6.484">
<failure message="01-basic-functionality.spec.js:38:3 should display form with linked inputs" type="FAILURE">
<![CDATA[  [firefox] › 01-basic-functionality.spec.js:38:3 › Basic Application Functionality › should display form with linked inputs 

    Error: expect(locator).toHaveCount(expected) failed

    Locator:  locator('.linked-input')
    Expected: 9
    Received: 10
    Timeout:  5000ms

    Call log:
      - Expect "toHaveCount" with timeout 5000ms
      - waiting for locator('.linked-input')
        9 × locator resolved to 10 elements
          - unexpected value "10"


      43 |     
      44 |     // Check linked-input class
    > 45 |     await expect(page.locator('.linked-input')).toHaveCount(9); // Step 1 has 9 fields
         |                                                 ^
      46 |   });
      47 |
      48 |   test('should show export options in trace panel', async ({ page }) => {
        at /Users/matheusrech/Downloads/form-to-sr-extraction/tests/01-basic-functionality.spec.js:45:49

    attachment #1: screenshot (image/png) ──────────────────────────────────────────────────────────
    ../test-results/01-basic-functionality-Bas-bdedb-lay-form-with-linked-inputs-firefox/test-failed-1.png
    ────────────────────────────────────────────────────────────────────────────────────────────────

    attachment #2: video (video/webm) ──────────────────────────────────────────────────────────────
    ../test-results/01-basic-functionality-Bas-bdedb-lay-form-with-linked-inputs-firefox/video.webm
    ────────────────────────────────────────────────────────────────────────────────────────────────

    Error Context: ../test-results/01-basic-functionality-Bas-bdedb-lay-form-with-linked-inputs-firefox/error-context.md
]]>
</failure>
<system-out>
<![CDATA[
[[ATTACHMENT|test-results/01-basic-functionality-Bas-bdedb-lay-form-with-linked-inputs-firefox/test-failed-1.png]]

[[ATTACHMENT|test-results/01-basic-functionality-Bas-bdedb-lay-form-with-linked-inputs-firefox/video.webm]]

[[ATTACHMENT|test-results/01-basic-functionality-Bas-bdedb-lay-form-with-linked-inputs-firefox/error-context.md]]
]]>
</system-out>
</testcase>
<testcase name="Basic Application Functionality › should show export options in trace panel" classname="01-basic-functionality.spec.js" time="0.929">
<failure message="01-basic-functionality.spec.js:48:3 should show export options in trace panel" type="FAILURE">
<![CDATA[  [firefox] › 01-basic-functionality.spec.js:48:3 › Basic Application Functionality › should show export options in trace panel 

    Error: expect.toBeVisible: Error: strict mode violation: getByText('CSV') resolved to 3 elements:
        1) <button onclick="exportCSV()">ðŸ“Š CSV</button> aka getByRole('button', { name: 'ðŸ“Š CSV' })
        2) <button onclick="exportMainDatabase()">↵                    ðŸ“Š Main Data CSV↵         …</button> aka getByRole('button', { name: 'ðŸ“Š Main Data CSV' })
        3) <button onclick="exportTraceDatabase()">↵                    ðŸ“ Trace Data CSV↵        …</button> aka getByRole('button', { name: 'ðŸ“ Trace Data CSV' })

    Call log:
      - Expect "toBeVisible" with timeout 5000ms
      - waiting for getByText('CSV')


      52 |     // Check export buttons
      53 |     await expect(page.getByText('JSON')).toBeVisible();
    > 54 |     await expect(page.getByText('CSV')).toBeVisible();
         |                                         ^
      55 |     await expect(page.getByText('Audit')).toBeVisible();
      56 |     await expect(page.getByText('Ann. PDF')).toBeVisible();
      57 |   });
        at /Users/matheusrech/Downloads/form-to-sr-extraction/tests/01-basic-functionality.spec.js:54:41

    attachment #1: screenshot (image/png) ──────────────────────────────────────────────────────────
    ../test-results/01-basic-functionality-Bas-4b1f3-port-options-in-trace-panel-firefox/test-failed-1.png
    ────────────────────────────────────────────────────────────────────────────────────────────────

    attachment #2: video (video/webm) ──────────────────────────────────────────────────────────────
    ../test-results/01-basic-functionality-Bas-4b1f3-port-options-in-trace-panel-firefox/video.webm
    ────────────────────────────────────────────────────────────────────────────────────────────────

    Error Context: ../test-results/01-basic-functionality-Bas-4b1f3-port-options-in-trace-panel-firefox/error-context.md
]]>
</failure>
<system-out>
<![CDATA[
[[ATTACHMENT|test-results/01-basic-functionality-Bas-4b1f3-port-options-in-trace-panel-firefox/test-failed-1.png]]

[[ATTACHMENT|test-results/01-basic-functionality-Bas-4b1f3-port-options-in-trace-panel-firefox/video.webm]]

[[ATTACHMENT|test-results/01-basic-functionality-Bas-4b1f3-port-options-in-trace-panel-firefox/error-context.md]]
]]>
</system-out>
</testcase>
<testcase name="Basic Application Functionality › should handle keyboard shortcuts" classname="01-basic-functionality.spec.js" time="1.444">
</testcase>
</testsuite>
<testsuite name="02-pdf-functionality.spec.js" timestamp="2025-09-28T21:31:01.926Z" hostname="firefox" tests="5" failures="1" skipped="0" time="10.299" errors="0">
<testcase name="PDF Functionality › should show PDF controls" classname="02-pdf-functionality.spec.js" time="1.374">
</testcase>
<testcase name="PDF Functionality › should have search functionality" classname="02-pdf-functionality.spec.js" time="5.921">
<failure message="02-pdf-functionality.spec.js:23:3 should have search functionality" type="FAILURE">
<![CDATA[  [firefox] › 02-pdf-functionality.spec.js:23:3 › PDF Functionality › should have search functionality 

    Error: expect(locator).toBeVisible() failed

    Locator:  locator('button:has-text("🔍")')
    Expected: visible
    Received: <element(s) not found>
    Timeout:  5000ms

    Call log:
      - Expect "toBeVisible" with timeout 5000ms
      - waiting for locator('button:has-text("🔍")')


      27 |     
      28 |     const searchButton = page.locator('button:has-text("🔍")');
    > 29 |     await expect(searchButton).toBeVisible();
         |                                ^
      30 |   });
      31 |
      32 |   test('should show page navigation controls', async ({ page }) => {
        at /Users/matheusrech/Downloads/form-to-sr-extraction/tests/02-pdf-functionality.spec.js:29:32

    attachment #1: screenshot (image/png) ──────────────────────────────────────────────────────────
    ../test-results/02-pdf-functionality-PDF-F-00eda-d-have-search-functionality-firefox/test-failed-1.png
    ────────────────────────────────────────────────────────────────────────────────────────────────

    attachment #2: video (video/webm) ──────────────────────────────────────────────────────────────
    ../test-results/02-pdf-functionality-PDF-F-00eda-d-have-search-functionality-firefox/video.webm
    ────────────────────────────────────────────────────────────────────────────────────────────────

    Error Context: ../test-results/02-pdf-functionality-PDF-F-00eda-d-have-search-functionality-firefox/error-context.md
]]>
</failure>
<system-out>
<![CDATA[
[[ATTACHMENT|test-results/02-pdf-functionality-PDF-F-00eda-d-have-search-functionality-firefox/test-failed-1.png]]

[[ATTACHMENT|test-results/02-pdf-functionality-PDF-F-00eda-d-have-search-functionality-firefox/video.webm]]

[[ATTACHMENT|test-results/02-pdf-functionality-PDF-F-00eda-d-have-search-functionality-firefox/error-context.md]]
]]>
</system-out>
</testcase>
<testcase name="PDF Functionality › should show page navigation controls" classname="02-pdf-functionality.spec.js" time="0.835">
</testcase>
<testcase name="PDF Functionality › should handle zoom controls" classname="02-pdf-functionality.spec.js" time="0.875">
</testcase>
<testcase name="PDF Functionality › should handle PDF container" classname="02-pdf-functionality.spec.js" time="1.294">
</testcase>
</testsuite>
<testsuite name="03-systematic-review.spec.js" timestamp="2025-09-28T21:31:01.926Z" hostname="firefox" tests="5" failures="1" skipped="0" time="9.917" errors="0">
<testcase name="Systematic Review Workflow › should display articles list when toggled" classname="03-systematic-review.spec.js" time="5.993">
<failure message="03-systematic-review.spec.js:11:3 should display articles list when toggled" type="FAILURE">
<![CDATA[  [firefox] › 03-systematic-review.spec.js:11:3 › Systematic Review Workflow › should display articles list when toggled 

    Error: expect(locator).toBeVisible() failed

    Locator:  getByText('Show Queue Status')
    Expected: visible
    Received: <element(s) not found>
    Timeout:  5000ms

    Call log:
      - Expect "toBeVisible" with timeout 5000ms
      - waiting for getByText('Show Queue Status')


      11 |   test('should display articles list when toggled', async ({ page }) => {
      12 |     const toggleButton = page.getByText('Show Queue Status');
    > 13 |     await expect(toggleButton).toBeVisible();
         |                                ^
      14 |     
      15 |     // Initially hidden
      16 |     const articlesList = page.locator('#articles-list');
        at /Users/matheusrech/Downloads/form-to-sr-extraction/tests/03-systematic-review.spec.js:13:32

    attachment #1: screenshot (image/png) ──────────────────────────────────────────────────────────
    ../test-results/03-systematic-review-Syste-ca5ef--articles-list-when-toggled-firefox/test-failed-1.png
    ────────────────────────────────────────────────────────────────────────────────────────────────

    attachment #2: video (video/webm) ──────────────────────────────────────────────────────────────
    ../test-results/03-systematic-review-Syste-ca5ef--articles-list-when-toggled-firefox/video.webm
    ────────────────────────────────────────────────────────────────────────────────────────────────

    Error Context: ../test-results/03-systematic-review-Syste-ca5ef--articles-list-when-toggled-firefox/error-context.md
]]>
</failure>
<system-out>
<![CDATA[
[[ATTACHMENT|test-results/03-systematic-review-Syste-ca5ef--articles-list-when-toggled-firefox/test-failed-1.png]]

[[ATTACHMENT|test-results/03-systematic-review-Syste-ca5ef--articles-list-when-toggled-firefox/video.webm]]

[[ATTACHMENT|test-results/03-systematic-review-Syste-ca5ef--articles-list-when-toggled-firefox/error-context.md]]
]]>
</system-out>
</testcase>
<testcase name="Systematic Review Workflow › should show save and complete buttons" classname="03-systematic-review.spec.js" time="0.862">
</testcase>
<testcase name="Systematic Review Workflow › should track progress stats" classname="03-systematic-review.spec.js" time="1.266">
</testcase>
<testcase name="Systematic Review Workflow › should handle save progress functionality" classname="03-systematic-review.spec.js" time="0.919">
</testcase>
<testcase name="Systematic Review Workflow › should show export database options" classname="03-systematic-review.spec.js" time="0.877">
</testcase>
</testsuite>
<testsuite name="04-form-interaction.spec.js" timestamp="2025-09-28T21:31:01.926Z" hostname="firefox" tests="5" failures="2" skipped="0" time="11.303" errors="0">
<testcase name="Form Interaction › should highlight active field on focus" classname="04-form-interaction.spec.js" time="0.924">
</testcase>
<testcase name="Form Interaction › should show validation status indicators" classname="04-form-interaction.spec.js" time="6.666">
<failure message="04-form-interaction.spec.js:22:3 should show validation status indicators" type="FAILURE">
<![CDATA[  [firefox] › 04-form-interaction.spec.js:22:3 › Form Interaction › should show validation status indicators 

    Error: expect(locator).toHaveCount(expected) failed

    Locator:  locator('.validation-status')
    Expected: 9
    Received: 1
    Timeout:  5000ms

    Call log:
      - Expect "toHaveCount" with timeout 5000ms
      - waiting for locator('.validation-status')
        9 × locator resolved to 1 element
          - unexpected value "1"


      22 |   test('should show validation status indicators', async ({ page }) => {
      23 |     const validationIndicators = page.locator('.validation-status');
    > 24 |     await expect(validationIndicators).toHaveCount(9); // Step 1 has 9 fields
         |                                        ^
      25 |   });
      26 |
      27 |   test('should handle form field input', async ({ page }) => {
        at /Users/matheusrech/Downloads/form-to-sr-extraction/tests/04-form-interaction.spec.js:24:40

    attachment #1: screenshot (image/png) ──────────────────────────────────────────────────────────
    ../test-results/04-form-interaction-Form-I-aa509-alidation-status-indicators-firefox/test-failed-1.png
    ────────────────────────────────────────────────────────────────────────────────────────────────

    attachment #2: video (video/webm) ──────────────────────────────────────────────────────────────
    ../test-results/04-form-interaction-Form-I-aa509-alidation-status-indicators-firefox/video.webm
    ────────────────────────────────────────────────────────────────────────────────────────────────

    Error Context: ../test-results/04-form-interaction-Form-I-aa509-alidation-status-indicators-firefox/error-context.md
]]>
</failure>
<system-out>
<![CDATA[
[[ATTACHMENT|test-results/04-form-interaction-Form-I-aa509-alidation-status-indicators-firefox/test-failed-1.png]]

[[ATTACHMENT|test-results/04-form-interaction-Form-I-aa509-alidation-status-indicators-firefox/video.webm]]

[[ATTACHMENT|test-results/04-form-interaction-Form-I-aa509-alidation-status-indicators-firefox/error-context.md]]
]]>
</system-out>
</testcase>
<testcase name="Form Interaction › should handle form field input" classname="04-form-interaction.spec.js" time="0.94">
</testcase>
<testcase name="Form Interaction › should show AI extract buttons" classname="04-form-interaction.spec.js" time="1.797">
<failure message="04-form-interaction.spec.js:37:3 should show AI extract buttons" type="FAILURE">
<![CDATA[  [firefox] › 04-form-interaction.spec.js:37:3 › Form Interaction › should show AI extract buttons ─

    Error: expect.toBeVisible: Error: strict mode violation: getByText('AI Extract') resolved to 2 elements:
        1) <button type="button" class="ai-btn" onclick="aiExtractStep(1)">âœ¨ AI Extract</button> aka getByRole('button', { name: 'âœ¨ AI Extract' })
        2) <span>AI Extractions:</span> aka getByText('AI Extractions:')

    Call log:
      - Expect "toBeVisible" with timeout 5000ms
      - waiting for getByText('AI Extract')


      37 |   test('should show AI extract buttons', async ({ page }) => {
      38 |     const aiButton = page.getByText('AI Extract');
    > 39 |     await expect(aiButton).toBeVisible();
         |                            ^
      40 |     await expect(aiButton).toHaveClass(/ai-btn/);
      41 |   });
      42 |
        at /Users/matheusrech/Downloads/form-to-sr-extraction/tests/04-form-interaction.spec.js:39:28

    attachment #1: screenshot (image/png) ──────────────────────────────────────────────────────────
    ../test-results/04-form-interaction-Form-I-b332e-uld-show-AI-extract-buttons-firefox/test-failed-1.png
    ────────────────────────────────────────────────────────────────────────────────────────────────

    attachment #2: video (video/webm) ──────────────────────────────────────────────────────────────
    ../test-results/04-form-interaction-Form-I-b332e-uld-show-AI-extract-buttons-firefox/video.webm
    ────────────────────────────────────────────────────────────────────────────────────────────────

    Error Context: ../test-results/04-form-interaction-Form-I-b332e-uld-show-AI-extract-buttons-firefox/error-context.md
]]>
</failure>
<system-out>
<![CDATA[
[[ATTACHMENT|test-results/04-form-interaction-Form-I-b332e-uld-show-AI-extract-buttons-firefox/test-failed-1.png]]

[[ATTACHMENT|test-results/04-form-interaction-Form-I-b332e-uld-show-AI-extract-buttons-firefox/video.webm]]

[[ATTACHMENT|test-results/04-form-interaction-Form-I-b332e-uld-show-AI-extract-buttons-firefox/error-context.md]]
]]>
</system-out>
</testcase>
<testcase name="Form Interaction › should handle required field validation" classname="04-form-interaction.spec.js" time="0.976">
</testcase>
</testsuite>
<testsuite name="05-ai-integration.spec.js" timestamp="2025-09-28T21:31:01.926Z" hostname="firefox" tests="4" failures="1" skipped="0" time="4.633" errors="0">
<testcase name="AI Integration › should handle API key input" classname="05-ai-integration.spec.js" time="1.161">
</testcase>
<testcase name="AI Integration › should show test button for API key" classname="05-ai-integration.spec.js" time="0.972">
</testcase>
<testcase name="AI Integration › should show AI modal on processing" classname="05-ai-integration.spec.js" time="0.934">
</testcase>
<testcase name="AI Integration › should have AI extract functionality per step" classname="05-ai-integration.spec.js" time="1.566">
<failure message="05-ai-integration.spec.js:43:3 should have AI extract functionality per step" type="FAILURE">
<![CDATA[  [firefox] › 05-ai-integration.spec.js:43:3 › AI Integration › should have AI extract functionality per step 

    Error: expect.toBeVisible: Error: strict mode violation: getByText('AI Extract') resolved to 2 elements:
        1) <button type="button" class="ai-btn" onclick="aiExtractStep(1)">âœ¨ AI Extract</button> aka getByRole('button', { name: 'âœ¨ AI Extract' })
        2) <span>AI Extractions:</span> aka getByText('AI Extractions:')

    Call log:
      - Expect "toBeVisible" with timeout 5000ms
      - waiting for getByText('AI Extract')


      43 |   test('should have AI extract functionality per step', async ({ page }) => {
      44 |     const aiExtractButton = page.getByText('AI Extract');
    > 45 |     await expect(aiExtractButton).toBeVisible();
         |                                   ^
      46 |     
      47 |     // Click should trigger AI extraction (would need API key)
      48 |     // For now, just verify the button exists and is clickable
        at /Users/matheusrech/Downloads/form-to-sr-extraction/tests/05-ai-integration.spec.js:45:35

    attachment #1: screenshot (image/png) ──────────────────────────────────────────────────────────
    ../test-results/05-ai-integration-AI-Integ-7de3a-ract-functionality-per-step-firefox/test-failed-1.png
    ────────────────────────────────────────────────────────────────────────────────────────────────

    attachment #2: video (video/webm) ──────────────────────────────────────────────────────────────
    ../test-results/05-ai-integration-AI-Integ-7de3a-ract-functionality-per-step-firefox/video.webm
    ────────────────────────────────────────────────────────────────────────────────────────────────

    Error Context: ../test-results/05-ai-integration-AI-Integ-7de3a-ract-functionality-per-step-firefox/error-context.md
]]>
</failure>
<system-out>
<![CDATA[
[[ATTACHMENT|test-results/05-ai-integration-AI-Integ-7de3a-ract-functionality-per-step-firefox/test-failed-1.png]]

[[ATTACHMENT|test-results/05-ai-integration-AI-Integ-7de3a-ract-functionality-per-step-firefox/video.webm]]

[[ATTACHMENT|test-results/05-ai-integration-AI-Integ-7de3a-ract-functionality-per-step-firefox/error-context.md]]
]]>
</system-out>
</testcase>
</testsuite>
<testsuite name="06-extraction-tracking.spec.js" timestamp="2025-09-28T21:31:01.926Z" hostname="firefox" tests="4" failures="1" skipped="0" time="9.546" errors="0">
<testcase name="Extraction Tracking › should show trace log panel" classname="06-extraction-tracking.spec.js" time="5.946">
<failure message="06-extraction-tracking.spec.js:11:3 should show trace log panel" type="FAILURE">
<![CDATA[  [firefox] › 06-extraction-tracking.spec.js:11:3 › Extraction Tracking › should show trace log panel 

    Error: expect(locator).toBeVisible() failed

    Locator:  locator('#trace-log')
    Expected: visible
    Received: hidden
    Timeout:  5000ms

    Call log:
      - Expect "toBeVisible" with timeout 5000ms
      - waiting for locator('#trace-log')
        9 × locator resolved to <div id="trace-log"></div>
          - unexpected value "hidden"


      11 |   test('should show trace log panel', async ({ page }) => {
      12 |     const traceLog = page.locator('#trace-log');
    > 13 |     await expect(traceLog).toBeVisible();
         |                            ^
      14 |   });
      15 |
      16 |   test('should display extraction statistics', async ({ page }) => {
        at /Users/matheusrech/Downloads/form-to-sr-extraction/tests/06-extraction-tracking.spec.js:13:28

    attachment #1: screenshot (image/png) ──────────────────────────────────────────────────────────
    ../test-results/06-extraction-tracking-Ext-081a8-should-show-trace-log-panel-firefox/test-failed-1.png
    ────────────────────────────────────────────────────────────────────────────────────────────────

    attachment #2: video (video/webm) ──────────────────────────────────────────────────────────────
    ../test-results/06-extraction-tracking-Ext-081a8-should-show-trace-log-panel-firefox/video.webm
    ────────────────────────────────────────────────────────────────────────────────────────────────

    Error Context: ../test-results/06-extraction-tracking-Ext-081a8-should-show-trace-log-panel-firefox/error-context.md
]]>
</failure>
<system-err>
<![CDATA[
Warning: attachment test-results/06-extraction-tracking-Ext-081a8-should-show-trace-log-panel-firefox/test-failed-1.png is missing
Warning: attachment test-results/06-extraction-tracking-Ext-081a8-should-show-trace-log-panel-firefox/video.webm is missing
Warning: attachment test-results/06-extraction-tracking-Ext-081a8-should-show-trace-log-panel-firefox/error-context.md is missing]]>
</system-err>
</testcase>
<testcase name="Extraction Tracking › should display extraction statistics" classname="06-extraction-tracking.spec.js" time="0.944">
</testcase>
<testcase name="Extraction Tracking › should show undo and clear buttons" classname="06-extraction-tracking.spec.js" time="1.475">
</testcase>
<testcase name="Extraction Tracking › should handle clear all extractions with confirmation" classname="06-extraction-tracking.spec.js" time="1.181">
</testcase>
</testsuite>
<testsuite name="07-export-functionality.spec.js" timestamp="2025-09-28T21:31:01.926Z" hostname="firefox" tests="5" failures="4" skipped="0" time="68.978" errors="0">
<testcase name="Export Functionality › should show all export buttons" classname="07-export-functionality.spec.js" time="5.961">
<failure message="07-export-functionality.spec.js:11:3 should show all export buttons" type="FAILURE">
<![CDATA[  [firefox] › 07-export-functionality.spec.js:11:3 › Export Functionality › should show all export buttons 

    Error: expect(locator).toBeVisible() failed

    Locator:  getByText('JSON', { exact: true })
    Expected: visible
    Received: <element(s) not found>
    Timeout:  5000ms

    Call log:
      - Expect "toBeVisible" with timeout 5000ms
      - waiting for getByText('JSON', { exact: true })


      21 |     
      22 |     for (const buttonText of exportButtons) {
    > 23 |       await expect(page.getByText(buttonText, { exact: true })).toBeVisible();
         |                                                                 ^
      24 |     }
      25 |   });
      26 |
        at /Users/matheusrech/Downloads/form-to-sr-extraction/tests/07-export-functionality.spec.js:23:65

    attachment #1: screenshot (image/png) ──────────────────────────────────────────────────────────
    ../test-results/07-export-functionality-Ex-c4e2c-uld-show-all-export-buttons-firefox/test-failed-1.png
    ────────────────────────────────────────────────────────────────────────────────────────────────

    attachment #2: video (video/webm) ──────────────────────────────────────────────────────────────
    ../test-results/07-export-functionality-Ex-c4e2c-uld-show-all-export-buttons-firefox/video.webm
    ────────────────────────────────────────────────────────────────────────────────────────────────

    Error Context: ../test-results/07-export-functionality-Ex-c4e2c-uld-show-all-export-buttons-firefox/error-context.md
]]>
</failure>
<system-err>
<![CDATA[
Warning: attachment test-results/07-export-functionality-Ex-c4e2c-uld-show-all-export-buttons-firefox/test-failed-1.png is missing
Warning: attachment test-results/07-export-functionality-Ex-c4e2c-uld-show-all-export-buttons-firefox/video.webm is missing
Warning: attachment test-results/07-export-functionality-Ex-c4e2c-uld-show-all-export-buttons-firefox/error-context.md is missing]]>
</system-err>
</testcase>
<testcase name="Export Functionality › should handle JSON export" classname="07-export-functionality.spec.js" time="30.071">
<failure message="07-export-functionality.spec.js:27:3 should handle JSON export" type="FAILURE">
<![CDATA[  [firefox] › 07-export-functionality.spec.js:27:3 › Export Functionality › should handle JSON export 

    Test timeout of 30000ms exceeded.

    Error: page.waitForEvent: Test timeout of 30000ms exceeded.
    =========================== logs ===========================
    waiting for event "download"
    ============================================================

      27 |   test('should handle JSON export', async ({ page }) => {
      28 |     // Listen for download
    > 29 |     const downloadPromise = page.waitForEvent('download');
         |                                  ^
      30 |     
      31 |     await page.getByText('JSON', { exact: true }).click();
      32 |     
        at /Users/matheusrech/Downloads/form-to-sr-extraction/tests/07-export-functionality.spec.js:29:34

    Error: locator.click: Test timeout of 30000ms exceeded.
    Call log:
      - waiting for getByText('JSON', { exact: true })


      29 |     const downloadPromise = page.waitForEvent('download');
      30 |     
    > 31 |     await page.getByText('JSON', { exact: true }).click();
         |                                                   ^
      32 |     
      33 |     const download = await downloadPromise;
      34 |     expect(download.suggestedFilename()).toMatch(/extraction_\d+\.json/);
        at /Users/matheusrech/Downloads/form-to-sr-extraction/tests/07-export-functionality.spec.js:31:51

    attachment #1: screenshot (image/png) ──────────────────────────────────────────────────────────
    ../test-results/07-export-functionality-Ex-b2fd8-y-should-handle-JSON-export-firefox/test-failed-1.png
    ────────────────────────────────────────────────────────────────────────────────────────────────

    Error Context: ../test-results/07-export-functionality-Ex-b2fd8-y-should-handle-JSON-export-firefox/error-context.md
]]>
</failure>
<system-err>
<![CDATA[
Warning: attachment test-results/07-export-functionality-Ex-b2fd8-y-should-handle-JSON-export-firefox/test-failed-1.png is missing
Warning: attachment test-results/07-export-functionality-Ex-b2fd8-y-should-handle-JSON-export-firefox/error-context.md is missing]]>
</system-err>
</testcase>
<testcase name="Export Functionality › should handle CSV export" classname="07-export-functionality.spec.js" time="30.068">
<failure message="07-export-functionality.spec.js:37:3 should handle CSV export" type="FAILURE">
<![CDATA[  [firefox] › 07-export-functionality.spec.js:37:3 › Export Functionality › should handle CSV export 

    Test timeout of 30000ms exceeded.

    Error: page.waitForEvent: Test timeout of 30000ms exceeded.
    =========================== logs ===========================
    waiting for event "download"
    ============================================================

      36 |
      37 |   test('should handle CSV export', async ({ page }) => {
    > 38 |     const downloadPromise = page.waitForEvent('download');
         |                                  ^
      39 |     
      40 |     await page.getByText('CSV', { exact: true }).click();
      41 |     
        at /Users/matheusrech/Downloads/form-to-sr-extraction/tests/07-export-functionality.spec.js:38:34

    Error: locator.click: Test timeout of 30000ms exceeded.
    Call log:
      - waiting for getByText('CSV', { exact: true })


      38 |     const downloadPromise = page.waitForEvent('download');
      39 |     
    > 40 |     await page.getByText('CSV', { exact: true }).click();
         |                                                  ^
      41 |     
      42 |     const download = await downloadPromise;
      43 |     expect(download.suggestedFilename()).toMatch(/extraction_\d+\.csv/);
        at /Users/matheusrech/Downloads/form-to-sr-extraction/tests/07-export-functionality.spec.js:40:50

    attachment #1: screenshot (image/png) ──────────────────────────────────────────────────────────
    ../test-results/07-export-functionality-Ex-5f84f-ty-should-handle-CSV-export-firefox/test-failed-1.png
    ────────────────────────────────────────────────────────────────────────────────────────────────

    Error Context: ../test-results/07-export-functionality-Ex-5f84f-ty-should-handle-CSV-export-firefox/error-context.md
]]>
</failure>
<system-err>
<![CDATA[
Warning: attachment test-results/07-export-functionality-Ex-5f84f-ty-should-handle-CSV-export-firefox/test-failed-1.png is missing
Warning: attachment test-results/07-export-functionality-Ex-5f84f-ty-should-handle-CSV-export-firefox/error-context.md is missing]]>
</system-err>
</testcase>
<testcase name="Export Functionality › should handle systematic review exports" classname="07-export-functionality.spec.js" time="1.365">
<failure message="07-export-functionality.spec.js:46:3 should handle systematic review exports" type="FAILURE">
<![CDATA[  [firefox] › 07-export-functionality.spec.js:46:3 › Export Functionality › should handle systematic review exports 

    Error: page.waitForEvent: Test ended.
    =========================== logs ===========================
    waiting for event "download"
    ============================================================

      46 |   test('should handle systematic review exports', async ({ page }) => {
      47 |     // Test main database export
    > 48 |     const mainDbPromise = page.waitForEvent('download');
         |                                ^
      49 |     await page.getByText('Main Data CSV').click();
      50 |     
      51 |     // Note: This might not trigger download if database is empty
        at /Users/matheusrech/Downloads/form-to-sr-extraction/tests/07-export-functionality.spec.js:48:32

    attachment #1: screenshot (image/png) ──────────────────────────────────────────────────────────
    ../test-results/07-export-functionality-Ex-8ec56-e-systematic-review-exports-firefox/test-failed-1.png
    ────────────────────────────────────────────────────────────────────────────────────────────────
]]>
</failure>
<system-err>
<![CDATA[
Warning: attachment test-results/07-export-functionality-Ex-8ec56-e-systematic-review-exports-firefox/test-failed-1.png is missing]]>
</system-err>
</testcase>
<testcase name="Export Functionality › should open audit report in new tab" classname="07-export-functionality.spec.js" time="1.513">
</testcase>
</testsuite>
<testsuite name="08-coordinate-visualization.spec.js" timestamp="2025-09-28T21:31:01.926Z" hostname="firefox" tests="5" failures="2" skipped="0" time="40.054" errors="0">
<testcase name="Coordinate Visualization › should show interactive coordinate map button" classname="08-coordinate-visualization.spec.js" time="1.472">
</testcase>
<testcase name="Coordinate Visualization › should show export interactive map button" classname="08-coordinate-visualization.spec.js" time="0.927">
</testcase>
<testcase name="Coordinate Visualization › should open coordinate visualizer modal" classname="08-coordinate-visualization.spec.js" time="1.529">
</testcase>
<testcase name="Coordinate Visualization › should close coordinate visualizer" classname="08-coordinate-visualization.spec.js" time="30.094">
<failure message="08-coordinate-visualization.spec.js:33:3 should close coordinate visualizer" type="FAILURE">
<![CDATA[  [firefox] › 08-coordinate-visualization.spec.js:33:3 › Coordinate Visualization › should close coordinate visualizer 

    Test timeout of 30000ms exceeded.

    Error: locator.click: Test timeout of 30000ms exceeded.
    Call log:
      - waiting for getByText('✕ Close')


      40 |     // Close modal
      41 |     const closeButton = page.getByText('✕ Close');
    > 42 |     await closeButton.click();
         |                       ^
      43 |     
      44 |     await expect(modal).toBeHidden();
      45 |   });
        at /Users/matheusrech/Downloads/form-to-sr-extraction/tests/08-coordinate-visualization.spec.js:42:23

    attachment #1: screenshot (image/png) ──────────────────────────────────────────────────────────
    ../test-results/08-coordinate-visualizatio-be3de-close-coordinate-visualizer-firefox/test-failed-1.png
    ────────────────────────────────────────────────────────────────────────────────────────────────

    attachment #2: video (video/webm) ──────────────────────────────────────────────────────────────
    ../test-results/08-coordinate-visualizatio-be3de-close-coordinate-visualizer-firefox/video.webm
    ────────────────────────────────────────────────────────────────────────────────────────────────

    Error Context: ../test-results/08-coordinate-visualizatio-be3de-close-coordinate-visualizer-firefox/error-context.md
]]>
</failure>
<system-err>
<![CDATA[
Warning: attachment test-results/08-coordinate-visualizatio-be3de-close-coordinate-visualizer-firefox/test-failed-1.png is missing
Warning: attachment test-results/08-coordinate-visualizatio-be3de-close-coordinate-visualizer-firefox/video.webm is missing
Warning: attachment test-results/08-coordinate-visualizatio-be3de-close-coordinate-visualizer-firefox/error-context.md is missing]]>
</system-err>
</testcase>
<testcase name="Coordinate Visualization › should show visualizer controls" classname="08-coordinate-visualization.spec.js" time="6.032">
<failure message="08-coordinate-visualization.spec.js:47:3 should show visualizer controls" type="FAILURE">
<![CDATA[  [firefox] › 08-coordinate-visualization.spec.js:47:3 › Coordinate Visualization › should show visualizer controls 

    Error: expect(locator).toBeVisible() failed

    Locator:  locator('#viz-field-list')
    Expected: visible
    Received: hidden
    Timeout:  5000ms

    Call log:
      - Expect "toBeVisible" with timeout 5000ms
      - waiting for locator('#viz-field-list')
        9 × locator resolved to <div id="viz-field-list"></div>
          - unexpected value "hidden"


      49 |     
      50 |     // Check for visualizer controls
    > 51 |     await expect(page.locator('#viz-field-list')).toBeVisible();
         |                                                   ^
      52 |     await expect(page.locator('#viz-pdf-container')).toBeVisible();
      53 |     await expect(page.locator('#viz-coordinate-details')).toBeVisible();
      54 |   });
        at /Users/matheusrech/Downloads/form-to-sr-extraction/tests/08-coordinate-visualization.spec.js:51:51

    attachment #1: screenshot (image/png) ──────────────────────────────────────────────────────────
    ../test-results/08-coordinate-visualizatio-10713-ld-show-visualizer-controls-firefox/test-failed-1.png
    ────────────────────────────────────────────────────────────────────────────────────────────────

    attachment #2: video (video/webm) ──────────────────────────────────────────────────────────────
    ../test-results/08-coordinate-visualizatio-10713-ld-show-visualizer-controls-firefox/video.webm
    ────────────────────────────────────────────────────────────────────────────────────────────────

    Error Context: ../test-results/08-coordinate-visualizatio-10713-ld-show-visualizer-controls-firefox/error-context.md
]]>
</failure>
<system-err>
<![CDATA[
Warning: attachment test-results/08-coordinate-visualizatio-10713-ld-show-visualizer-controls-firefox/test-failed-1.png is missing
Warning: attachment test-results/08-coordinate-visualizatio-10713-ld-show-visualizer-controls-firefox/video.webm is missing
Warning: attachment test-results/08-coordinate-visualizatio-10713-ld-show-visualizer-controls-firefox/error-context.md is missing]]>
</system-err>
</testcase>
</testsuite>
<testsuite name="09-responsive-design.spec.js" timestamp="2025-09-28T21:31:01.926Z" hostname="firefox" tests="4" failures="0" skipped="0" time="1.677" errors="0">
<testcase name="Responsive Design › should display correctly on desktop" classname="09-responsive-design.spec.js" time="0.432">
</testcase>
<testcase name="Responsive Design › should handle medium screens" classname="09-responsive-design.spec.js" time="0.419">
</testcase>
<testcase name="Responsive Design › should handle small screens" classname="09-responsive-design.spec.js" time="0.416">
</testcase>
<testcase name="Responsive Design › should handle mobile screens" classname="09-responsive-design.spec.js" time="0.41">
</testcase>
</testsuite>
<testsuite name="10-integration-tests.spec.js" timestamp="2025-09-28T21:31:01.926Z" hostname="firefox" tests="5" failures="1" skipped="0" time="34.5" errors="0">
<testcase name="Integration Tests › should complete full extraction workflow" classname="10-integration-tests.spec.js" time="0.908">
</testcase>
<testcase name="Integration Tests › should handle localStorage persistence" classname="10-integration-tests.spec.js" time="1.616">
</testcase>
<testcase name="Integration Tests › should handle error conditions gracefully" classname="10-integration-tests.spec.js" time="0.975">
</testcase>
<testcase name="Integration Tests › should maintain state across interactions" classname="10-integration-tests.spec.js" time="30.088">
<failure message="10-integration-tests.spec.js:59:3 should maintain state across interactions" type="FAILURE">
<![CDATA[  [firefox] › 10-integration-tests.spec.js:59:3 › Integration Tests › should maintain state across interactions 

    Test timeout of 30000ms exceeded.

    Error: locator.click: Test timeout of 30000ms exceeded.
    Call log:
      - waiting for getByText('Show Queue Status')


      63 |     
      64 |     // Toggle articles list
    > 65 |     await page.getByText('Show Queue Status').click();
         |                                               ^
      66 |     await page.getByText('Hide Queue Status').click();
      67 |     
      68 |     // Fields should maintain their values
        at /Users/matheusrech/Downloads/form-to-sr-extraction/tests/10-integration-tests.spec.js:65:47

    attachment #1: screenshot (image/png) ──────────────────────────────────────────────────────────
    ../test-results/10-integration-tests-Integ-4b090-n-state-across-interactions-firefox/test-failed-1.png
    ────────────────────────────────────────────────────────────────────────────────────────────────

    attachment #2: video (video/webm) ──────────────────────────────────────────────────────────────
    ../test-results/10-integration-tests-Integ-4b090-n-state-across-interactions-firefox/video.webm
    ────────────────────────────────────────────────────────────────────────────────────────────────

    Error Context: ../test-results/10-integration-tests-Integ-4b090-n-state-across-interactions-firefox/error-context.md
]]>
</failure>
<system-err>
<![CDATA[
Warning: attachment test-results/10-integration-tests-Integ-4b090-n-state-across-interactions-firefox/test-failed-1.png is missing
Warning: attachment test-results/10-integration-tests-Integ-4b090-n-state-across-interactions-firefox/video.webm is missing
Warning: attachment test-results/10-integration-tests-Integ-4b090-n-state-across-interactions-firefox/error-context.md is missing]]>
</system-err>
</testcase>
<testcase name="Integration Tests › should handle concurrent operations" classname="10-integration-tests.spec.js" time="0.913">
</testcase>
</testsuite>
<testsuite name="accessibility.spec.js" timestamp="2025-09-28T21:31:01.926Z" hostname="firefox" tests="4" failures="2" skipped="0" time="8.981" errors="0">
<testcase name="Accessibility Tests › should not have accessibility violations" classname="accessibility.spec.js" time="1.317">
<failure message="accessibility.spec.js:7:3 should not have accessibility violations" type="FAILURE">
<![CDATA[  [firefox] › accessibility.spec.js:7:3 › Accessibility Tests › should not have accessibility violations 

    Error: expect(received).toEqual(expected) // deep equality

    - Expected  -    1
    + Received  + 1186

    - Array []
    + Array [
    +   Object {
    +     "description": "Ensure the contrast between foreground and background colors meets WCAG 2 AA minimum contrast ratio thresholds",
    +     "help": "Elements must meet minimum color contrast ratio thresholds",
    +     "helpUrl": "https://dequeuniversity.com/rules/axe/4.10/color-contrast?application=playwright",
    +     "id": "color-contrast",
    +     "impact": "serious",
    +     "nodes": Array [
    +       Object {
    +         "all": Array [],
    +         "any": Array [
    +           Object {
    +             "data": Object {
    +               "bgColor": "#2196f3",
    +               "contrastRatio": 3.12,
    +               "expectedContrastRatio": "4.5:1",
    +               "fgColor": "#ffffff",
    +               "fontSize": "8.3pt (11px)",
    +               "fontWeight": "normal",
    +               "messageKey": null,
    +             },
    +             "id": "color-contrast",
    +             "impact": "serious",
    +             "message": "Element has insufficient color contrast of 3.12 (foreground color: #ffffff, background color: #2196f3, font size: 8.3pt (11px), font weight: normal). Expected contrast ratio of 4.5:1",
    +             "relatedNodes": Array [
    +               Object {
    +                 "html": "<button onclick=\"saveCurrentProgress()\" style=\"padding: 6px; font-size: 11px; background: #2196F3;\">
    +                     ðŸ’¾ Save Progress
    +                 </button>",
    +                 "target": Array [
    +                   "button[onclick=\"saveCurrentProgress()\"]",
    +                 ],
    +               },
    +             ],
    +           },
    +         ],
    +         "failureSummary": "Fix any of the following:
    +   Element has insufficient color contrast of 3.12 (foreground color: #ffffff, background color: #2196f3, font size: 8.3pt (11px), font weight: normal). Expected contrast ratio of 4.5:1",
    +         "html": "<button onclick=\"saveCurrentProgress()\" style=\"padding: 6px; font-size: 11px; background: #2196F3;\">
    +                     ðŸ’¾ Save Progress
    +                 </button>",
    +         "impact": "serious",
    +         "none": Array [],
    +         "target": Array [
    +           "button[onclick=\"saveCurrentProgress()\"]",
    +         ],
    +       },
    +       Object {
    +         "all": Array [],
    +         "any": Array [
    +           Object {
    +             "data": Object {
    +               "bgColor": "#4caf50",
    +               "contrastRatio": 2.77,
    +               "expectedContrastRatio": "4.5:1",
    +               "fgColor": "#ffffff",
    +               "fontSize": "8.3pt (11px)",
    +               "fontWeight": "normal",
    +               "messageKey": null,
    +             },
    +             "id": "color-contrast",
    +             "impact": "serious",
    +             "message": "Element has insufficient color contrast of 2.77 (foreground color: #ffffff, background color: #4caf50, font size: 8.3pt (11px), font weight: normal). Expected contrast ratio of 4.5:1",
    +             "relatedNodes": Array [
    +               Object {
    +                 "html": "<button onclick=\"completeCurrentArticle()\" style=\"padding: 6px; font-size: 11px; background: #4CAF50;\">
    +                     âœ… Complete Article
    +                 </button>",
    +                 "target": Array [
    +                   "button[onclick=\"completeCurrentArticle()\"]",
    +                 ],
    +               },
    +             ],
    +           },
    +         ],
    +         "failureSummary": "Fix any of the following:
    +   Element has insufficient color contrast of 2.77 (foreground color: #ffffff, background color: #4caf50, font size: 8.3pt (11px), font weight: normal). Expected contrast ratio of 4.5:1",
    +         "html": "<button onclick=\"completeCurrentArticle()\" style=\"padding: 6px; font-size: 11px; background: #4CAF50;\">
    +                     âœ… Complete Article
    +                 </button>",
    +         "impact": "serious",
    +         "none": Array [],
    +         "target": Array [
    +           "button[onclick=\"completeCurrentArticle()\"]",
    +         ],
    +       },
    +       Object {
    +         "all": Array [],
    +         "any": Array [
    +           Object {
    +             "data": Object {
    +               "bgColor": "#4caf50",
    +               "contrastRatio": 2.77,
    +               "expectedContrastRatio": "4.5:1",
    +               "fgColor": "#ffffff",
    +               "fontSize": "9.0pt (12px)",
    +               "fontWeight": "normal",
    +               "messageKey": null,
    +             },
    +             "id": "color-contrast",
    +             "impact": "serious",
    +             "message": "Element has insufficient color contrast of 2.77 (foreground color: #ffffff, background color: #4caf50, font size: 9.0pt (12px), font weight: normal). Expected contrast ratio of 4.5:1",
    +             "relatedNodes": Array [
    +               Object {
    +                 "html": "<button onclick=\"toggleArticlesList()\" style=\"width: 100%; padding: 6px; font-size: 12px; background: #4CAF50;\">ðŸ“‹ Queue (1/21) - HernandezDuran2023.p...</button>",
    +                 "target": Array [
    +                   "button[onclick=\"toggleArticlesList()\"]",
    +                 ],
    +               },
    +             ],
    +           },
    +         ],
    +         "failureSummary": "Fix any of the following:
    +   Element has insufficient color contrast of 2.77 (foreground color: #ffffff, background color: #4caf50, font size: 9.0pt (12px), font weight: normal). Expected contrast ratio of 4.5:1",
    +         "html": "<button onclick=\"toggleArticlesList()\" style=\"width: 100%; padding: 6px; font-size: 12px; background: #4CAF50;\">ðŸ“‹ Queue (1/21) - HernandezDuran2023.p...</button>",
    +         "impact": "serious",
    +         "none": Array [],
    +         "target": Array [
    +           "button[onclick=\"toggleArticlesList()\"]",
    +         ],
    +       },
    +       Object {
    +         "all": Array [],
    +         "any": Array [
    +           Object {
    +             "data": Object {
    +               "bgColor": "#f0f8ff",
    +               "contrastRatio": 3.7,
    +               "expectedContrastRatio": "4.5:1",
    +               "fgColor": "#007bff",
    +               "fontSize": "12.0pt (16px)",
    +               "fontWeight": "bold",
    +               "messageKey": null,
    +             },
    +             "id": "color-contrast",
    +             "impact": "serious",
    +             "message": "Element has insufficient color contrast of 3.7 (foreground color: #007bff, background color: #f0f8ff, font size: 12.0pt (16px), font weight: bold). Expected contrast ratio of 4.5:1",
    +             "relatedNodes": Array [
    +               Object {
    +                 "html": "<div id=\"api-key-section\">",
    +                 "target": Array [
    +                   "#api-key-section",
    +                 ],
    +               },
    +             ],
    +           },
    +         ],
    +         "failureSummary": "Fix any of the following:
    +   Element has insufficient color contrast of 3.7 (foreground color: #007bff, background color: #f0f8ff, font size: 12.0pt (16px), font weight: bold). Expected contrast ratio of 4.5:1",
    +         "html": "<h3>ðŸ¤– AI Configuration (Gemini)</h3>",
    +         "impact": "serious",
    +         "none": Array [],
    +         "target": Array [
    +           "#api-key-section > h3",
    +         ],
    +       },
    +       Object {
    +         "all": Array [],
    +         "any": Array [
    +           Object {
    +             "data": Object {
    +               "bgColor": "#007bff",
    +               "contrastRatio": 3.97,
    +               "expectedContrastRatio": "4.5:1",
    +               "fgColor": "#ffffff",
    +               "fontSize": "9.0pt (12px)",
    +               "fontWeight": "normal",
    +               "messageKey": null,
    +             },
    +             "id": "color-contrast",
    +             "impact": "serious",
    +             "message": "Element has insufficient color contrast of 3.97 (foreground color: #ffffff, background color: #007bff, font size: 9.0pt (12px), font weight: normal). Expected contrast ratio of 4.5:1",
    +             "relatedNodes": Array [
    +               Object {
    +                 "html": "<button onclick=\"saveApiKey()\">Save</button>",
    +                 "target": Array [
    +                   "button[onclick=\"saveApiKey()\"]",
    +                 ],
    +               },
    +             ],
    +           },
    +         ],
    +         "failureSummary": "Fix any of the following:
    +   Element has insufficient color contrast of 3.97 (foreground color: #ffffff, background color: #007bff, font size: 9.0pt (12px), font weight: normal). Expected contrast ratio of 4.5:1",
    +         "html": "<button onclick=\"saveApiKey()\">Save</button>",
    +         "impact": "serious",
    +         "none": Array [],
    +         "target": Array [
    +           "button[onclick=\"saveApiKey()\"]",
    +         ],
    +       },
    +       Object {
    +         "all": Array [],
    +         "any": Array [
    +           Object {
    +             "data": Object {
    +               "bgColor": "#007bff",
    +               "contrastRatio": 3.97,
    +               "expectedContrastRatio": "4.5:1",
    +               "fgColor": "#ffffff",
    +               "fontSize": "9.0pt (12px)",
    +               "fontWeight": "normal",
    +               "messageKey": null,
    +             },
    +             "id": "color-contrast",
    +             "impact": "serious",
    +             "message": "Element has insufficient color contrast of 3.97 (foreground color: #ffffff, background color: #007bff, font size: 9.0pt (12px), font weight: normal). Expected contrast ratio of 4.5:1",
    +             "relatedNodes": Array [
    +               Object {
    +                 "html": "<button onclick=\"testApiKey()\">Test</button>",
    +                 "target": Array [
    +                   "button[onclick=\"testApiKey()\"]",
    +                 ],
    +               },
    +             ],
    +           },
    +         ],
    +         "failureSummary": "Fix any of the following:
    +   Element has insufficient color contrast of 3.97 (foreground color: #ffffff, background color: #007bff, font size: 9.0pt (12px), font weight: normal). Expected contrast ratio of 4.5:1",
    +         "html": "<button onclick=\"testApiKey()\">Test</button>",
    +         "impact": "serious",
    +         "none": Array [],
    +         "target": Array [
    +           "button[onclick=\"testApiKey()\"]",
    +         ],
    +       },
    +       Object {
    +         "all": Array [],
    +         "any": Array [
    +           Object {
    +             "data": Object {
    +               "bgColor": "#007bff",
    +               "contrastRatio": 3.97,
    +               "expectedContrastRatio": "4.5:1",
    +               "fgColor": "#ffffff",
    +               "fontSize": "12.0pt (16px)",
    +               "fontWeight": "normal",
    +               "messageKey": null,
    +             },
    +             "id": "color-contrast",
    +             "impact": "serious",
    +             "message": "Element has insufficient color contrast of 3.97 (foreground color: #ffffff, background color: #007bff, font size: 12.0pt (16px), font weight: normal). Expected contrast ratio of 4.5:1",
    +             "relatedNodes": Array [
    +               Object {
    +                 "html": "<button id=\"next-btn\">Next</button>",
    +                 "target": Array [
    +                   "#next-btn",
    +                 ],
    +               },
    +             ],
    +           },
    +         ],
    +         "failureSummary": "Fix any of the following:
    +   Element has insufficient color contrast of 3.97 (foreground color: #ffffff, background color: #007bff, font size: 12.0pt (16px), font weight: normal). Expected contrast ratio of 4.5:1",
    +         "html": "<button id=\"next-btn\">Next</button>",
    +         "impact": "serious",
    +         "none": Array [],
    +         "target": Array [
    +           "#next-btn",
    +         ],
    +       },
    +       Object {
    +         "all": Array [],
    +         "any": Array [
    +           Object {
    +             "data": Object {
    +               "bgColor": "#4caf50",
    +               "contrastRatio": 2.77,
    +               "expectedContrastRatio": "4.5:1",
    +               "fgColor": "#ffffff",
    +               "fontSize": "8.3pt (11px)",
    +               "fontWeight": "normal",
    +               "messageKey": null,
    +             },
    +             "id": "color-contrast",
    +             "impact": "serious",
    +             "message": "Element has insufficient color contrast of 2.77 (foreground color: #ffffff, background color: #4caf50, font size: 8.3pt (11px), font weight: normal). Expected contrast ratio of 4.5:1",
    +             "relatedNodes": Array [
    +               Object {
    +                 "html": "<button onclick=\"exportJSON()\" style=\"background: #4CAF50; color: white;\">ðŸ“„ JSON</button>",
    +                 "target": Array [
    +                   "button[onclick=\"exportJSON()\"]",
    +                 ],
    +               },
    +             ],
    +           },
    +         ],
    +         "failureSummary": "Fix any of the following:
    +   Element has insufficient color contrast of 2.77 (foreground color: #ffffff, background color: #4caf50, font size: 8.3pt (11px), font weight: normal). Expected contrast ratio of 4.5:1",
    +         "html": "<button onclick=\"exportJSON()\" style=\"background: #4CAF50; color: white;\">ðŸ“„ JSON</button>",
    +         "impact": "serious",
    +         "none": Array [],
    +         "target": Array [
    +           "button[onclick=\"exportJSON()\"]",
    +         ],
    +       },
    +       Object {
    +         "all": Array [],
    +         "any": Array [
    +           Object {
    +             "data": Object {
    +               "bgColor": "#2196f3",
    +               "contrastRatio": 3.12,
    +               "expectedContrastRatio": "4.5:1",
    +               "fgColor": "#ffffff",
    +               "fontSize": "8.3pt (11px)",
    +               "fontWeight": "normal",
    +               "messageKey": null,
    +             },
    +             "id": "color-contrast",
    +             "impact": "serious",
    +             "message": "Element has insufficient color contrast of 3.12 (foreground color: #ffffff, background color: #2196f3, font size: 8.3pt (11px), font weight: normal). Expected contrast ratio of 4.5:1",
    +             "relatedNodes": Array [
    +               Object {
    +                 "html": "<button onclick=\"exportCSV()\" style=\"background: #2196F3; color: white;\">ðŸ“Š CSV</button>",
    +                 "target": Array [
    +                   "button[onclick=\"exportCSV()\"]",
    +                 ],
    +               },
    +             ],
    +           },
    +         ],
    +         "failureSummary": "Fix any of the following:
    +   Element has insufficient color contrast of 3.12 (foreground color: #ffffff, background color: #2196f3, font size: 8.3pt (11px), font weight: normal). Expected contrast ratio of 4.5:1",
    +         "html": "<button onclick=\"exportCSV()\" style=\"background: #2196F3; color: white;\">ðŸ“Š CSV</button>",
    +         "impact": "serious",
    +         "none": Array [],
    +         "target": Array [
    +           "button[onclick=\"exportCSV()\"]",
    +         ],
    +       },
    +       Object {
    +         "all": Array [],
    +         "any": Array [
    +           Object {
    +             "data": Object {
    +               "bgColor": "#ff9800",
    +               "contrastRatio": 2.15,
    +               "expectedContrastRatio": "4.5:1",
    +               "fgColor": "#ffffff",
    +               "fontSize": "8.3pt (11px)",
    +               "fontWeight": "normal",
    +               "messageKey": null,
    +             },
    +             "id": "color-contrast",
    +             "impact": "serious",
    +             "message": "Element has insufficient color contrast of 2.15 (foreground color: #ffffff, background color: #ff9800, font size: 8.3pt (11px), font weight: normal). Expected contrast ratio of 4.5:1",
    +             "relatedNodes": Array [
    +               Object {
    +                 "html": "<button onclick=\"exportAuditHTML()\" style=\"background: #FF9800; color: white;\">ðŸ“‹ Audit</button>",
    +                 "target": Array [
    +                   "button[onclick=\"exportAuditHTML()\"]",
    +                 ],
    +               },
    +             ],
    +           },
    +         ],
    +         "failureSummary": "Fix any of the following:
    +   Element has insufficient color contrast of 2.15 (foreground color: #ffffff, background color: #ff9800, font size: 8.3pt (11px), font weight: normal). Expected contrast ratio of 4.5:1",
    +         "html": "<button onclick=\"exportAuditHTML()\" style=\"background: #FF9800; color: white;\">ðŸ“‹ Audit</button>",
    +         "impact": "serious",
    +         "none": Array [],
    +         "target": Array [
    +           "button[onclick=\"exportAuditHTML()\"]",
    +         ],
    +       },
    +       Object {
    +         "all": Array [],
    +         "any": Array [
    +           Object {
    +             "data": Object {
    +               "bgColor": "#e91e63",
    +               "contrastRatio": 4.34,
    +               "expectedContrastRatio": "4.5:1",
    +               "fgColor": "#ffffff",
    +               "fontSize": "8.3pt (11px)",
    +               "fontWeight": "normal",
    +               "messageKey": null,
    +             },
    +             "id": "color-contrast",
    +             "impact": "serious",
    +             "message": "Element has insufficient color contrast of 4.34 (foreground color: #ffffff, background color: #e91e63, font size: 8.3pt (11px), font weight: normal). Expected contrast ratio of 4.5:1",
    +             "relatedNodes": Array [
    +               Object {
    +                 "html": "<button onclick=\"exportSystematicReview()\" style=\"background: #E91E63; color: white; width: 100%; font-size: 11px; padding: 6px; margin-top: 5px;\">
    +                 ðŸ“‹ Complete SR Export
    +             </button>",
    +                 "target": Array [
    +                   "button[onclick=\"exportSystematicReview()\"]",
    +                 ],
    +               },
    +             ],
    +           },
    +         ],
    +         "failureSummary": "Fix any of the following:
    +   Element has insufficient color contrast of 4.34 (foreground color: #ffffff, background color: #e91e63, font size: 8.3pt (11px), font weight: normal). Expected contrast ratio of 4.5:1",
    +         "html": "<button onclick=\"exportSystematicReview()\" style=\"background: #E91E63; color: white; width: 100%; font-size: 11px; padding: 6px; margin-top: 5px;\">
    +                 ðŸ“‹ Complete SR Export
    +             </button>",
    +         "impact": "serious",
    +         "none": Array [],
    +         "target": Array [
    +           "button[onclick=\"exportSystematicReview()\"]",
    +         ],
    +       },
    +       Object {
    +         "all": Array [],
    +         "any": Array [
    +           Object {
    +             "data": Object {
    +               "bgColor": "#607d8b",
    +               "contrastRatio": 4.37,
    +               "expectedContrastRatio": "4.5:1",
    +               "fgColor": "#ffffff",
    +               "fontSize": "9.0pt (12px)",
    +               "fontWeight": "normal",
    +               "messageKey": null,
    +             },
    +             "id": "color-contrast",
    +             "impact": "serious",
    +             "message": "Element has insufficient color contrast of 4.37 (foreground color: #ffffff, background color: #607d8b, font size: 9.0pt (12px), font weight: normal). Expected contrast ratio of 4.5:1",
    +             "relatedNodes": Array [
    +               Object {
    +                 "html": "<button onclick=\"undoLastExtraction()\" style=\"background: #607D8B; font-size: 12px; padding: 6px 12px;\">
    +                 â†¶ Undo Last
    +             </button>",
    +                 "target": Array [
    +                   "button[onclick=\"undoLastExtraction()\"]",
    +                 ],
    +               },
    +             ],
    +           },
    +         ],
    +         "failureSummary": "Fix any of the following:
    +   Element has insufficient color contrast of 4.37 (foreground color: #ffffff, background color: #607d8b, font size: 9.0pt (12px), font weight: normal). Expected contrast ratio of 4.5:1",
    +         "html": "<button onclick=\"undoLastExtraction()\" style=\"background: #607D8B; font-size: 12px; padding: 6px 12px;\">
    +                 â†¶ Undo Last
    +             </button>",
    +         "impact": "serious",
    +         "none": Array [],
    +         "target": Array [
    +           "button[onclick=\"undoLastExtraction()\"]",
    +         ],
    +       },
    +       Object {
    +         "all": Array [],
    +         "any": Array [
    +           Object {
    +             "data": Object {
    +               "bgColor": "#f44336",
    +               "contrastRatio": 3.68,
    +               "expectedContrastRatio": "4.5:1",
    +               "fgColor": "#ffffff",
    +               "fontSize": "9.0pt (12px)",
    +               "fontWeight": "normal",
    +               "messageKey": null,
    +             },
    +             "id": "color-contrast",
    +             "impact": "serious",
    +             "message": "Element has insufficient color contrast of 3.68 (foreground color: #ffffff, background color: #f44336, font size: 9.0pt (12px), font weight: normal). Expected contrast ratio of 4.5:1",
    +             "relatedNodes": Array [
    +               Object {
    +                 "html": "<button onclick=\"clearAllExtractions()\" style=\"background: #f44336; font-size: 12px; padding: 6px 12px;\">
    +                 ðŸ—‘ Clear All
    +             </button>",
    +                 "target": Array [
    +                   "button[onclick=\"clearAllExtractions()\"]",
    +                 ],
    +               },
    +             ],
    +           },
    +         ],
    +         "failureSummary": "Fix any of the following:
    +   Element has insufficient color contrast of 3.68 (foreground color: #ffffff, background color: #f44336, font size: 9.0pt (12px), font weight: normal). Expected contrast ratio of 4.5:1",
    +         "html": "<button onclick=\"clearAllExtractions()\" style=\"background: #f44336; font-size: 12px; padding: 6px 12px;\">
    +                 ðŸ—‘ Clear All
    +             </button>",
    +         "impact": "serious",
    +         "none": Array [],
    +         "target": Array [
    +           "button[onclick=\"clearAllExtractions()\"]",
    +         ],
    +       },
    +       Object {
    +         "all": Array [],
    +         "any": Array [
    +           Object {
    +             "data": Object {
    +               "bgColor": "#2196f3",
    +               "contrastRatio": 3.12,
    +               "expectedContrastRatio": "4.5:1",
    +               "fgColor": "#ffffff",
    +               "fontSize": "12.0pt (16px)",
    +               "fontWeight": "normal",
    +               "messageKey": null,
    +             },
    +             "id": "color-contrast",
    +             "impact": "serious",
    +             "message": "Element has insufficient color contrast of 3.12 (foreground color: #ffffff, background color: #2196f3, font size: 12.0pt (16px), font weight: normal). Expected contrast ratio of 4.5:1",
    +             "relatedNodes": Array [
    +               Object {
    +                 "html": "<div id=\"extraction-status\" class=\"extraction-status show\" style=\"background: rgb(33, 150, 243); color: white;\">
    +     <span id=\"status-message\">System ready. Select an article from the list or load a PDF to begin extraction.</span>
    + </div>",
    +                 "target": Array [
    +                   "#extraction-status",
    +                 ],
    +               },
    +             ],
    +           },
    +         ],
    +         "failureSummary": "Fix any of the following:
    +   Element has insufficient color contrast of 3.12 (foreground color: #ffffff, background color: #2196f3, font size: 12.0pt (16px), font weight: normal). Expected contrast ratio of 4.5:1",
    +         "html": "<span id=\"status-message\">System ready. Select an article from the list or load a PDF to begin extraction.</span>",
    +         "impact": "serious",
    +         "none": Array [],
    +         "target": Array [
    +           "#status-message",
    +         ],
    +       },
    +     ],
    +     "tags": Array [
    +       "cat.color",
    +       "wcag2aa",
    +       "wcag143",
    +       "TTv5",
    +       "TT13.c",
    +       "EN-301-549",
    +       "EN-9.1.4.3",
    +       "ACT",
    +     ],
    +   },
    +   Object {
    +     "description": "Ensure the order of headings is semantically correct",
    +     "help": "Heading levels should only increase by one",
    +     "helpUrl": "https://dequeuniversity.com/rules/axe/4.10/heading-order?application=playwright",
    +     "id": "heading-order",
    +     "impact": "moderate",
    +     "nodes": Array [
    +       Object {
    +         "all": Array [],
    +         "any": Array [
    +           Object {
    +             "data": null,
    +             "id": "heading-order",
    +             "impact": "moderate",
    +             "message": "Heading order invalid",
    +             "relatedNodes": Array [],
    +           },
    +         ],
    +         "failureSummary": "Fix any of the following:
    +   Heading order invalid",
    +         "html": "<h3 style=\"margin: 0 0 10px 0; color: #2e7d32; font-size: 16px;\">ðŸ“š Systematic Review Progress</h3>",
    +         "impact": "moderate",
    +         "none": Array [],
    +         "target": Array [
    +           "#sr-progress-section > h3",
    +         ],
    +       },
    +       Object {
    +         "all": Array [],
    +         "any": Array [
    +           Object {
    +             "data": null,
    +             "id": "heading-order",
    +             "impact": "moderate",
    +             "message": "Heading order invalid",
    +             "relatedNodes": Array [],
    +           },
    +         ],
    +         "failureSummary": "Fix any of the following:
    +   Heading order invalid",
    +         "html": "<h4 style=\"margin: 0 0 10px 0; font-size: 14px;\">Export Options</h4>",
    +         "impact": "moderate",
    +         "none": Array [],
    +         "target": Array [
    +           "h4",
    +         ],
    +       },
    +     ],
    +     "tags": Array [
    +       "cat.semantics",
    +       "best-practice",
    +     ],
    +   },
    +   Object {
    +     "description": "Ensure every HTML document has a lang attribute",
    +     "help": "<html> element must have a lang attribute",
    +     "helpUrl": "https://dequeuniversity.com/rules/axe/4.10/html-has-lang?application=playwright",
    +     "id": "html-has-lang",
    +     "impact": "serious",
    +     "nodes": Array [
    +       Object {
    +         "all": Array [],
    +         "any": Array [
    +           Object {
    +             "data": Object {
    +               "messageKey": "noLang",
    +             },
    +             "id": "has-lang",
    +             "impact": "serious",
    +             "message": "The <html> element does not have a lang attribute",
    +             "relatedNodes": Array [],
    +           },
    +         ],
    +         "failureSummary": "Fix any of the following:
    +   The <html> element does not have a lang attribute",
    +         "html": "<html>",
    +         "impact": "serious",
    +         "none": Array [],
    +         "target": Array [
    +           "html",
    +         ],
    +       },
    +     ],
    +     "tags": Array [
    +       "cat.language",
    +       "wcag2a",
    +       "wcag311",
    +       "TTv5",
    +       "TT11.a",
    +       "EN-301-549",
    +       "EN-9.3.1.1",
    +       "ACT",
    +     ],
    +   },
    +   Object {
    +     "description": "Ensure every form element has a label",
    +     "help": "Form elements must have labels",
    +     "helpUrl": "https://dequeuniversity.com/rules/axe/4.10/label?application=playwright",
    +     "id": "label",
    +     "impact": "critical",
    +     "nodes": Array [
    +       Object {
    +         "all": Array [],
    +         "any": Array [
    +           Object {
    +             "data": null,
    +             "id": "implicit-label",
    +             "impact": "critical",
    +             "message": "Element does not have an implicit (wrapped) <label>",
    +             "relatedNodes": Array [],
    +           },
    +           Object {
    +             "data": null,
    +             "id": "explicit-label",
    +             "impact": "critical",
    +             "message": "Element does not have an explicit <label>",
    +             "relatedNodes": Array [],
    +           },
    +           Object {
    +             "data": null,
    +             "id": "aria-label",
    +             "impact": "critical",
    +             "message": "aria-label attribute does not exist or is empty",
    +             "relatedNodes": Array [],
    +           },
    +           Object {
    +             "data": null,
    +             "id": "aria-labelledby",
    +             "impact": "critical",
    +             "message": "aria-labelledby attribute does not exist, references elements that do not exist or references elements that are empty",
    +             "relatedNodes": Array [],
    +           },
    +           Object {
    +             "data": Object {
    +               "messageKey": "noAttr",
    +             },
    +             "id": "non-empty-title",
    +             "impact": "critical",
    +             "message": "Element has no title attribute",
    +             "relatedNodes": Array [],
    +           },
    +           Object {
    +             "data": Object {
    +               "messageKey": "noAttr",
    +             },
    +             "id": "non-empty-placeholder",
    +             "impact": "critical",
    +             "message": "Element has no placeholder attribute",
    +             "relatedNodes": Array [],
    +           },
    +           Object {
    +             "data": null,
    +             "id": "presentational-role",
    +             "impact": "critical",
    +             "message": "Element's default semantics were not overridden with role=\"none\" or role=\"presentation\"",
    +             "relatedNodes": Array [],
    +           },
    +         ],
    +         "failureSummary": "Fix any of the following:
    +   Element does not have an implicit (wrapped) <label>
    +   Element does not have an explicit <label>
    +   aria-label attribute does not exist or is empty
    +   aria-labelledby attribute does not exist, references elements that do not exist or references elements that are empty
    +   Element has no title attribute
    +   Element has no placeholder attribute
    +   Element's default semantics were not overridden with role=\"none\" or role=\"presentation\"",
    +         "html": "<input type=\"number\" id=\"page-num\" value=\"1\" style=\"width: 50px; text-align: center;\">",
    +         "impact": "critical",
    +         "none": Array [],
    +         "target": Array [
    +           "#page-num",
    +         ],
    +       },
    +     ],
    +     "tags": Array [
    +       "cat.forms",
    +       "wcag2a",
    +       "wcag412",
    +       "section508",
    +       "section508.22.n",
    +       "TTv5",
    +       "TT5.c",
    +       "EN-301-549",
    +       "EN-9.4.1.2",
    +       "ACT",
    +     ],
    +   },
    +   Object {
    +     "description": "Ensure the document has a main landmark",
    +     "help": "Document should have one main landmark",
    +     "helpUrl": "https://dequeuniversity.com/rules/axe/4.10/landmark-one-main?application=playwright",
    +     "id": "landmark-one-main",
    +     "impact": "moderate",
    +     "nodes": Array [
    +       Object {
    +         "all": Array [
    +           Object {
    +             "data": null,
    +             "id": "page-has-main",
    +             "impact": "moderate",
    +             "message": "Document does not have a main landmark",
    +             "relatedNodes": Array [],
    +           },
    +         ],
    +         "any": Array [],
    +         "failureSummary": "Fix all of the following:
    +   Document does not have a main landmark",
    +         "html": "<html>",
    +         "impact": "moderate",
    +         "none": Array [],
    +         "target": Array [
    +           "html",
    +         ],
    +       },
    +     ],
    +     "tags": Array [
    +       "cat.semantics",
    +       "best-practice",
    +     ],
    +   },
    +   Object {
    +     "description": "Ensure all page content is contained by landmarks",
    +     "help": "All page content should be contained by landmarks",
    +     "helpUrl": "https://dequeuniversity.com/rules/axe/4.10/region?application=playwright",
    +     "id": "region",
    +     "impact": "moderate",
    +     "nodes": Array [
    +       Object {
    +         "all": Array [],
    +         "any": Array [
    +           Object {
    +             "data": Object {
    +               "isIframe": false,
    +             },
    +             "id": "region",
    +             "impact": "moderate",
    +             "message": "Some page content is not contained by landmarks",
    +             "relatedNodes": Array [],
    +           },
    +         ],
    +         "failureSummary": "Fix any of the following:
    +   Some page content is not contained by landmarks",
    +         "html": "<h1>Clinical Study Master Extraction</h1>",
    +         "impact": "moderate",
    +         "none": Array [],
    +         "target": Array [
    +           "h1",
    +         ],
    +       },
    +       Object {
    +         "all": Array [],
    +         "any": Array [
    +           Object {
    +             "data": Object {
    +               "isIframe": false,
    +             },
    +             "id": "region",
    +             "impact": "moderate",
    +             "message": "Some page content is not contained by landmarks",
    +             "relatedNodes": Array [],
    +           },
    +         ],
    +         "failureSummary": "Fix any of the following:
    +   Some page content is not contained by landmarks",
    +         "html": "<p style=\"font-size: 14px; color: #666; margin-bottom: 15px;\">
    +             Complete extraction system with AI assistance and full traceability.
    +         </p>",
    +         "impact": "moderate",
    +         "none": Array [],
    +         "target": Array [
    +           ".form-panel > p",
    +         ],
    +       },
    +       Object {
    +         "all": Array [],
    +         "any": Array [
    +           Object {
    +             "data": Object {
    +               "isIframe": false,
    +             },
    +             "id": "region",
    +             "impact": "moderate",
    +             "message": "Some page content is not contained by landmarks",
    +             "relatedNodes": Array [],
    +           },
    +         ],
    +         "failureSummary": "Fix any of the following:
    +   Some page content is not contained by landmarks",
    +         "html": "<h3 style=\"margin: 0 0 10px 0; color: #2e7d32; font-size: 16px;\">ðŸ“š Systematic Review Progress</h3>",
    +         "impact": "moderate",
    +         "none": Array [],
    +         "target": Array [
    +           "#sr-progress-section > h3",
    +         ],
    +       },
    +       Object {
    +         "all": Array [],
    +         "any": Array [
    +           Object {
    +             "data": Object {
    +               "isIframe": false,
    +             },
    +             "id": "region",
    +             "impact": "moderate",
    +             "message": "Some page content is not contained by landmarks",
    +             "relatedNodes": Array [],
    +           },
    +         ],
    +         "failureSummary": "Fix any of the following:
    +   Some page content is not contained by landmarks",
    +         "html": "<div style=\"display: flex; justify-content: space-between; margin-bottom: 10px;\">",
    +         "impact": "moderate",
    +         "none": Array [],
    +         "target": Array [
    +           "#sr-progress-section > div:nth-child(2)",
    +         ],
    +       },
    +       Object {
    +         "all": Array [],
    +         "any": Array [
    +           Object {
    +             "data": Object {
    +               "isIframe": false,
    +             },
    +             "id": "region",
    +             "impact": "moderate",
    +             "message": "Some page content is not contained by landmarks",
    +             "relatedNodes": Array [],
    +           },
    +         ],
    +         "failureSummary": "Fix any of the following:
    +   Some page content is not contained by landmarks",
    +         "html": "<h3>ðŸ¤– AI Configuration (Gemini)</h3>",
    +         "impact": "moderate",
    +         "none": Array [],
    +         "target": Array [
    +           "#api-key-section > h3",
    +         ],
    +       },
    +       Object {
    +         "all": Array [],
    +         "any": Array [
    +           Object {
    +             "data": Object {
    +               "isIframe": false,
    +             },
    +             "id": "region",
    +             "impact": "moderate",
    +             "message": "Some page content is not contained by landmarks",
    +             "relatedNodes": Array [],
    +           },
    +         ],
    +         "failureSummary": "Fix any of the following:
    +   Some page content is not contained by landmarks",
    +         "html": "<input type=\"password\" id=\"api-key-input\" placeholder=\"Enter Gemini API key\">",
    +         "impact": "moderate",
    +         "none": Array [],
    +         "target": Array [
    +           "#api-key-input",
    +         ],
    +       },
    +       Object {
    +         "all": Array [],
    +         "any": Array [
    +           Object {
    +             "data": Object {
    +               "isIframe": false,
    +             },
    +             "id": "region",
    +             "impact": "moderate",
    +             "message": "Some page content is not contained by landmarks",
    +             "relatedNodes": Array [],
    +           },
    +         ],
    +         "failureSummary": "Fix any of the following:
    +   Some page content is not contained by landmarks",
    +         "html": "<form id=\"extraction-form\">",
    +         "impact": "moderate",
    +         "none": Array [],
    +         "target": Array [
    +           "#extraction-form",
    +         ],
    +       },
    +       Object {
    +         "all": Array [],
    +         "any": Array [
    +           Object {
    +             "data": Object {
    +               "isIframe": false,
    +             },
    +             "id": "region",
    +             "impact": "moderate",
    +             "message": "Some page content is not contained by landmarks",
    +             "relatedNodes": Array [],
    +           },
    +         ],
    +         "failureSummary": "Fix any of the following:
    +   Some page content is not contained by landmarks",
    +         "html": "<div id=\"step-indicator\">Step 1 of 8</div>",
    +         "impact": "moderate",
    +         "none": Array [],
    +         "target": Array [
    +           "#step-indicator",
    +         ],
    +       },
    +       Object {
    +         "all": Array [],
    +         "any": Array [
    +           Object {
    +             "data": Object {
    +               "isIframe": false,
    +             },
    +             "id": "region",
    +             "impact": "moderate",
    +             "message": "Some page content is not contained by landmarks",
    +             "relatedNodes": Array [],
    +           },
    +         ],
    +         "failureSummary": "Fix any of the following:
    +   Some page content is not contained by landmarks",
    +         "html": "<span style=\"color: white;\">
    +                 Page <input type=\"number\" id=\"page-num\" value=\"1\" style=\"width: 50px; text-align: center;\"> 
    +                 of <span id=\"total-pages\">0</span>
    +             </span>",
    +         "impact": "moderate",
    +         "none": Array [],
    +         "target": Array [
    +           ".pdf-toolbar > span",
    +         ],
    +       },
    +       Object {
    +         "all": Array [],
    +         "any": Array [
    +           Object {
    +             "data": Object {
    +               "isIframe": false,
    +             },
    +             "id": "region",
    +             "impact": "moderate",
    +             "message": "Some page content is not contained by landmarks",
    +             "relatedNodes": Array [],
    +           },
    +         ],
    +         "failureSummary": "Fix any of the following:
    +   Some page content is not contained by landmarks",
    +         "html": "<select id=\"zoom-level\" onchange=\"changeZoom(this.value)\">",
    +         "impact": "moderate",
    +         "none": Array [],
    +         "target": Array [
    +           "#zoom-level",
    +         ],
    +       },
    +       Object {
    +         "all": Array [],
    +         "any": Array [
    +           Object {
    +             "data": Object {
    +               "isIframe": false,
    +             },
    +             "id": "region",
    +             "impact": "moderate",
    +             "message": "Some page content is not contained by landmarks",
    +             "relatedNodes": Array [],
    +           },
    +         ],
    +         "failureSummary": "Fix any of the following:
    +   Some page content is not contained by landmarks",
    +         "html": "<input type=\"text\" id=\"pdf-search-input\" placeholder=\"Search PDF...\">",
    +         "impact": "moderate",
    +         "none": Array [],
    +         "target": Array [
    +           "#pdf-search-input",
    +         ],
    +       },
    +       Object {
    +         "all": Array [],
    +         "any": Array [
    +           Object {
    +             "data": Object {
    +               "isIframe": false,
    +             },
    +             "id": "region",
    +             "impact": "moderate",
    +             "message": "Some page content is not contained by landmarks",
    +             "relatedNodes": Array [],
    +           },
    +         ],
    +         "failureSummary": "Fix any of the following:
    +   Some page content is not contained by landmarks",
    +         "html": "<h2 style=\"font-size: 18px; margin-top: 0;\">Extraction Trace Log</h2>",
    +         "impact": "moderate",
    +         "none": Array [],
    +         "target": Array [
    +           ".trace-panel > h2",
    +         ],
    +       },
    +       Object {
    +         "all": Array [],
    +         "any": Array [
    +           Object {
    +             "data": Object {
    +               "isIframe": false,
    +             },
    +             "id": "region",
    +             "impact": "moderate",
    +             "message": "Some page content is not contained by landmarks",
    +             "relatedNodes": Array [],
    +           },
    +         ],
    +         "failureSummary": "Fix any of the following:
    +   Some page content is not contained by landmarks",
    +         "html": "<h4 style=\"margin: 0 0 10px 0; font-size: 14px;\">Export Options</h4>",
    +         "impact": "moderate",
    +         "none": Array [],
    +         "target": Array [
    +           "h4",
    +         ],
    +       },
    +       Object {
    +         "all": Array [],
    +         "any": Array [
    +           Object {
    +             "data": Object {
    +               "isIframe": false,
    +             },
    +             "id": "region",
    +             "impact": "moderate",
    +             "message": "Some page content is not contained by landmarks",
    +             "relatedNodes": Array [],
    +           },
    +         ],
    +         "failureSummary": "Fix any of the following:
    +   Some page content is not contained by landmarks",
    +         "html": "<div style=\"background: #f5f5f5; padding: 10px; border-radius: 4px; margin-bottom: 15px;\">",
    +         "impact": "moderate",
    +         "none": Array [],
    +         "target": Array [
    +           ".trace-panel > div:nth-child(3)",
    +         ],
    +       },
    +       Object {
    +         "all": Array [],
    +         "any": Array [
    +           Object {
    +             "data": Object {
    +               "isIframe": false,
    +             },
    +             "id": "region",
    +             "impact": "moderate",
    +             "message": "Some page content is not contained by landmarks",
    +             "relatedNodes": Array [],
    +           },
    +         ],
    +         "failureSummary": "Fix any of the following:
    +   Some page content is not contained by landmarks",
    +         "html": "<div id=\"extraction-status\" class=\"extraction-status show\" style=\"background: rgb(33, 150, 243); color: white;\">
    +     <span id=\"status-message\">System ready. Select an article from the list or load a PDF to begin extraction.</span>
    + </div>",
    +         "impact": "moderate",
    +         "none": Array [],
    +         "target": Array [
    +           "#extraction-status",
    +         ],
    +       },
    +     ],
    +     "tags": Array [
    +       "cat.keyboard",
    +       "best-practice",
    +     ],
    +   },
    +   Object {
    +     "description": "Ensure select element has an accessible name",
    +     "help": "Select element must have an accessible name",
    +     "helpUrl": "https://dequeuniversity.com/rules/axe/4.10/select-name?application=playwright",
    +     "id": "select-name",
    +     "impact": "critical",
    +     "nodes": Array [
    +       Object {
    +         "all": Array [],
    +         "any": Array [
    +           Object {
    +             "data": null,
    +             "id": "implicit-label",
    +             "impact": "critical",
    +             "message": "Element does not have an implicit (wrapped) <label>",
    +             "relatedNodes": Array [],
    +           },
    +           Object {
    +             "data": null,
    +             "id": "explicit-label",
    +             "impact": "critical",
    +             "message": "Element does not have an explicit <label>",
    +             "relatedNodes": Array [],
    +           },
    +           Object {
    +             "data": null,
    +             "id": "aria-label",
    +             "impact": "critical",
    +             "message": "aria-label attribute does not exist or is empty",
    +             "relatedNodes": Array [],
    +           },
    +           Object {
    +             "data": null,
    +             "id": "aria-labelledby",
    +             "impact": "critical",
    +             "message": "aria-labelledby attribute does not exist, references elements that do not exist or references elements that are empty",
    +             "relatedNodes": Array [],
    +           },
    +           Object {
    +             "data": Object {
    +               "messageKey": "noAttr",
    +             },
    +             "id": "non-empty-title",
    +             "impact": "critical",
    +             "message": "Element has no title attribute",
    +             "relatedNodes": Array [],
    +           },
    +           Object {
    +             "data": null,
    +             "id": "presentational-role",
    +             "impact": "critical",
    +             "message": "Element's default semantics were not overridden with role=\"none\" or role=\"presentation\"",
    +             "relatedNodes": Array [],
    +           },
    +         ],
    +         "failureSummary": "Fix any of the following:
    +   Element does not have an implicit (wrapped) <label>
    +   Element does not have an explicit <label>
    +   aria-label attribute does not exist or is empty
    +   aria-labelledby attribute does not exist, references elements that do not exist or references elements that are empty
    +   Element has no title attribute
    +   Element's default semantics were not overridden with role=\"none\" or role=\"presentation\"",
    +         "html": "<select id=\"zoom-level\" onchange=\"changeZoom(this.value)\">",
    +         "impact": "critical",
    +         "none": Array [],
    +         "target": Array [
    +           "#zoom-level",
    +         ],
    +       },
    +     ],
    +     "tags": Array [
    +       "cat.forms",
    +       "wcag2a",
    +       "wcag412",
    +       "section508",
    +       "section508.22.n",
    +       "TTv5",
    +       "TT5.c",
    +       "EN-301-549",
    +       "EN-9.4.1.2",
    +       "ACT",
    +     ],
    +   },
    + ]

      11 |     const accessibilityScanResults = await new AxeBuilder({ page }).analyze();
      12 |     
    > 13 |     expect(accessibilityScanResults.violations).toEqual([]);
         |                                                 ^
      14 |   });
      15 |
      16 |   test('should be keyboard navigable', async ({ page }) => {
        at /Users/matheusrech/Downloads/form-to-sr-extraction/tests/accessibility.spec.js:13:49

    attachment #1: screenshot (image/png) ──────────────────────────────────────────────────────────
    ../test-results/accessibility-Accessibilit-ba859-ve-accessibility-violations-firefox/test-failed-1.png
    ────────────────────────────────────────────────────────────────────────────────────────────────

    attachment #2: video (video/webm) ──────────────────────────────────────────────────────────────
    ../test-results/accessibility-Accessibilit-ba859-ve-accessibility-violations-firefox/video-1.webm
    ────────────────────────────────────────────────────────────────────────────────────────────────

    attachment #3: video (video/webm) ──────────────────────────────────────────────────────────────
    ../test-results/accessibility-Accessibilit-ba859-ve-accessibility-violations-firefox/video.webm
    ────────────────────────────────────────────────────────────────────────────────────────────────

    Error Context: ../test-results/accessibility-Accessibilit-ba859-ve-accessibility-violations-firefox/error-context.md
]]>
</failure>
<system-err>
<![CDATA[
Warning: attachment test-results/accessibility-Accessibilit-ba859-ve-accessibility-violations-firefox/test-failed-1.png is missing
Warning: attachment test-results/accessibility-Accessibilit-ba859-ve-accessibility-violations-firefox/video-1.webm is missing
Warning: attachment test-results/accessibility-Accessibilit-ba859-ve-accessibility-violations-firefox/video.webm is missing
Warning: attachment test-results/accessibility-Accessibilit-ba859-ve-accessibility-violations-firefox/error-context.md is missing]]>
</system-err>
</testcase>
<testcase name="Accessibility Tests › should be keyboard navigable" classname="accessibility.spec.js" time="1.322">
</testcase>
<testcase name="Accessibility Tests › should have proper ARIA labels" classname="accessibility.spec.js" time="5.442">
<failure message="accessibility.spec.js:32:3 should have proper ARIA labels" type="FAILURE">
<![CDATA[  [firefox] › accessibility.spec.js:32:3 › Accessibility Tests › should have proper ARIA labels ────

    Error: expect(locator).toBeVisible() failed

    Locator:  locator('label[for="api-key-input"]')
    Expected: visible
    Received: <element(s) not found>
    Timeout:  5000ms

    Call log:
      - Expect "toBeVisible" with timeout 5000ms
      - waiting for locator('label[for="api-key-input"]')


      40 |       if (id) {
      41 |         const label = page.locator(`label[for="${id}"]`);
    > 42 |         await expect(label).toBeVisible();
         |                             ^
      43 |       }
      44 |     }
      45 |   });
        at /Users/matheusrech/Downloads/form-to-sr-extraction/tests/accessibility.spec.js:42:29

    attachment #1: screenshot (image/png) ──────────────────────────────────────────────────────────
    ../test-results/accessibility-Accessibilit-10e6e-uld-have-proper-ARIA-labels-firefox/test-failed-1.png
    ────────────────────────────────────────────────────────────────────────────────────────────────

    attachment #2: video (video/webm) ──────────────────────────────────────────────────────────────
    ../test-results/accessibility-Accessibilit-10e6e-uld-have-proper-ARIA-labels-firefox/video.webm
    ────────────────────────────────────────────────────────────────────────────────────────────────

    Error Context: ../test-results/accessibility-Accessibilit-10e6e-uld-have-proper-ARIA-labels-firefox/error-context.md
]]>
</failure>
<system-err>
<![CDATA[
Warning: attachment test-results/accessibility-Accessibilit-10e6e-uld-have-proper-ARIA-labels-firefox/test-failed-1.png is missing
Warning: attachment test-results/accessibility-Accessibilit-10e6e-uld-have-proper-ARIA-labels-firefox/video.webm is missing
Warning: attachment test-results/accessibility-Accessibilit-10e6e-uld-have-proper-ARIA-labels-firefox/error-context.md is missing]]>
</system-err>
</testcase>
<testcase name="Accessibility Tests › should support screen readers" classname="accessibility.spec.js" time="0.9">
</testcase>
</testsuite>
<testsuite name="e2e-user-journey.spec.js" timestamp="2025-09-28T21:31:01.926Z" hostname="firefox" tests="1" failures="0" skipped="0" time="3.257" errors="0">
<testcase name="Clinical researcher journey › processes a queued article end-to-end" classname="e2e-user-journey.spec.js" time="3.257">
</testcase>
</testsuite>
<testsuite name="performance.spec.js" timestamp="2025-09-28T21:31:01.926Z" hostname="firefox" tests="4" failures="0" skipped="0" time="5.915" errors="0">
<testcase name="Performance Tests › should load within acceptable time" classname="performance.spec.js" time="0.876">
</testcase>
<testcase name="Performance Tests › should handle large form interactions efficiently" classname="performance.spec.js" time="1.672">
</testcase>
<testcase name="Performance Tests › should maintain performance with many extractions" classname="performance.spec.js" time="1.591">
</testcase>
<testcase name="Performance Tests › should handle localStorage efficiently" classname="performance.spec.js" time="1.776">
</testcase>
</testsuite>
<testsuite name="01-basic-functionality.spec.js" timestamp="2025-09-28T21:31:01.926Z" hostname="webkit" tests="6" failures="2" skipped="0" time="13.284" errors="0">
<testcase name="Basic Application Functionality › should load the application successfully" classname="01-basic-functionality.spec.js" time="1.628">
</testcase>
<testcase name="Basic Application Functionality › should display systematic review progress section" classname="01-basic-functionality.spec.js" time="1.399">
</testcase>
<testcase name="Basic Application Functionality › should show API key configuration section" classname="01-basic-functionality.spec.js" time="1.029">
</testcase>
<testcase name="Basic Application Functionality › should display form with linked inputs" classname="01-basic-functionality.spec.js" time="6.541">
<failure message="01-basic-functionality.spec.js:38:3 should display form with linked inputs" type="FAILURE">
<![CDATA[  [webkit] › 01-basic-functionality.spec.js:38:3 › Basic Application Functionality › should display form with linked inputs 

    Error: expect(locator).toHaveCount(expected) failed

    Locator:  locator('.linked-input')
    Expected: 9
    Received: 10
    Timeout:  5000ms

    Call log:
      - Expect "toHaveCount" with timeout 5000ms
      - waiting for locator('.linked-input')
        9 × locator resolved to 10 elements
          - unexpected value "10"


      43 |     
      44 |     // Check linked-input class
    > 45 |     await expect(page.locator('.linked-input')).toHaveCount(9); // Step 1 has 9 fields
         |                                                 ^
      46 |   });
      47 |
      48 |   test('should show export options in trace panel', async ({ page }) => {
        at /Users/matheusrech/Downloads/form-to-sr-extraction/tests/01-basic-functionality.spec.js:45:49

    attachment #1: screenshot (image/png) ──────────────────────────────────────────────────────────
    ../test-results/01-basic-functionality-Bas-bdedb-lay-form-with-linked-inputs-webkit/test-failed-1.png
    ────────────────────────────────────────────────────────────────────────────────────────────────

    attachment #2: video (video/webm) ──────────────────────────────────────────────────────────────
    ../test-results/01-basic-functionality-Bas-bdedb-lay-form-with-linked-inputs-webkit/video.webm
    ────────────────────────────────────────────────────────────────────────────────────────────────

    Error Context: ../test-results/01-basic-functionality-Bas-bdedb-lay-form-with-linked-inputs-webkit/error-context.md
]]>
</failure>
<system-err>
<![CDATA[
Warning: attachment test-results/01-basic-functionality-Bas-bdedb-lay-form-with-linked-inputs-webkit/test-failed-1.png is missing
Warning: attachment test-results/01-basic-functionality-Bas-bdedb-lay-form-with-linked-inputs-webkit/video.webm is missing
Warning: attachment test-results/01-basic-functionality-Bas-bdedb-lay-form-with-linked-inputs-webkit/error-context.md is missing]]>
</system-err>
</testcase>
<testcase name="Basic Application Functionality › should show export options in trace panel" classname="01-basic-functionality.spec.js" time="1.254">
<failure message="01-basic-functionality.spec.js:48:3 should show export options in trace panel" type="FAILURE">
<![CDATA[  [webkit] › 01-basic-functionality.spec.js:48:3 › Basic Application Functionality › should show export options in trace panel 

    Error: expect.toBeVisible: Error: strict mode violation: getByText('CSV') resolved to 3 elements:
        1) <button onclick="exportCSV()">ðŸ“Š CSV</button> aka getByRole('button', { name: 'ðŸ“Š CSV' })
        2) <button onclick="exportMainDatabase()">↵                    ðŸ“Š Main Data CSV↵         …</button> aka getByRole('button', { name: 'ðŸ“Š Main Data CSV' })
        3) <button onclick="exportTraceDatabase()">↵                    ðŸ“ Trace Data CSV↵        …</button> aka getByRole('button', { name: 'ðŸ“ Trace Data CSV' })

    Call log:
      - Expect "toBeVisible" with timeout 5000ms
      - waiting for getByText('CSV')


      52 |     // Check export buttons
      53 |     await expect(page.getByText('JSON')).toBeVisible();
    > 54 |     await expect(page.getByText('CSV')).toBeVisible();
         |                                         ^
      55 |     await expect(page.getByText('Audit')).toBeVisible();
      56 |     await expect(page.getByText('Ann. PDF')).toBeVisible();
      57 |   });
        at /Users/matheusrech/Downloads/form-to-sr-extraction/tests/01-basic-functionality.spec.js:54:41

    attachment #1: screenshot (image/png) ──────────────────────────────────────────────────────────
    ../test-results/01-basic-functionality-Bas-4b1f3-port-options-in-trace-panel-webkit/test-failed-1.png
    ────────────────────────────────────────────────────────────────────────────────────────────────

    attachment #2: video (video/webm) ──────────────────────────────────────────────────────────────
    ../test-results/01-basic-functionality-Bas-4b1f3-port-options-in-trace-panel-webkit/video.webm
    ────────────────────────────────────────────────────────────────────────────────────────────────

    Error Context: ../test-results/01-basic-functionality-Bas-4b1f3-port-options-in-trace-panel-webkit/error-context.md
]]>
</failure>
<system-err>
<![CDATA[
Warning: attachment test-results/01-basic-functionality-Bas-4b1f3-port-options-in-trace-panel-webkit/test-failed-1.png is missing
Warning: attachment test-results/01-basic-functionality-Bas-4b1f3-port-options-in-trace-panel-webkit/video.webm is missing
Warning: attachment test-results/01-basic-functionality-Bas-4b1f3-port-options-in-trace-panel-webkit/error-context.md is missing]]>
</system-err>
</testcase>
<testcase name="Basic Application Functionality › should handle keyboard shortcuts" classname="01-basic-functionality.spec.js" time="1.433">
</testcase>
</testsuite>
<testsuite name="02-pdf-functionality.spec.js" timestamp="2025-09-28T21:31:01.926Z" hostname="webkit" tests="5" failures="1" skipped="0" time="11.744" errors="0">
<testcase name="PDF Functionality › should show PDF controls" classname="02-pdf-functionality.spec.js" time="1.455">
</testcase>
<testcase name="PDF Functionality › should have search functionality" classname="02-pdf-functionality.spec.js" time="6.632">
<failure message="02-pdf-functionality.spec.js:23:3 should have search functionality" type="FAILURE">
<![CDATA[  [webkit] › 02-pdf-functionality.spec.js:23:3 › PDF Functionality › should have search functionality 

    Error: expect(locator).toBeVisible() failed

    Locator:  locator('button:has-text("🔍")')
    Expected: visible
    Received: <element(s) not found>
    Timeout:  5000ms

    Call log:
      - Expect "toBeVisible" with timeout 5000ms
      - waiting for locator('button:has-text("🔍")')


      27 |     
      28 |     const searchButton = page.locator('button:has-text("🔍")');
    > 29 |     await expect(searchButton).toBeVisible();
         |                                ^
      30 |   });
      31 |
      32 |   test('should show page navigation controls', async ({ page }) => {
        at /Users/matheusrech/Downloads/form-to-sr-extraction/tests/02-pdf-functionality.spec.js:29:32

    attachment #1: screenshot (image/png) ──────────────────────────────────────────────────────────
    ../test-results/02-pdf-functionality-PDF-F-00eda-d-have-search-functionality-webkit/test-failed-1.png
    ────────────────────────────────────────────────────────────────────────────────────────────────

    attachment #2: video (video/webm) ──────────────────────────────────────────────────────────────
    ../test-results/02-pdf-functionality-PDF-F-00eda-d-have-search-functionality-webkit/video.webm
    ────────────────────────────────────────────────────────────────────────────────────────────────

    Error Context: ../test-results/02-pdf-functionality-PDF-F-00eda-d-have-search-functionality-webkit/error-context.md
]]>
</failure>
<system-err>
<![CDATA[
Warning: attachment test-results/02-pdf-functionality-PDF-F-00eda-d-have-search-functionality-webkit/test-failed-1.png is missing
Warning: attachment test-results/02-pdf-functionality-PDF-F-00eda-d-have-search-functionality-webkit/video.webm is missing
Warning: attachment test-results/02-pdf-functionality-PDF-F-00eda-d-have-search-functionality-webkit/error-context.md is missing]]>
</system-err>
</testcase>
<testcase name="PDF Functionality › should show page navigation controls" classname="02-pdf-functionality.spec.js" time="1.332">
</testcase>
<testcase name="PDF Functionality › should handle zoom controls" classname="02-pdf-functionality.spec.js" time="1.168">
</testcase>
<testcase name="PDF Functionality › should handle PDF container" classname="02-pdf-functionality.spec.js" time="1.157">
</testcase>
</testsuite>
<testsuite name="03-systematic-review.spec.js" timestamp="2025-09-28T21:31:01.926Z" hostname="webkit" tests="5" failures="1" skipped="0" time="11.231" errors="0">
<testcase name="Systematic Review Workflow › should display articles list when toggled" classname="03-systematic-review.spec.js" time="6.073">
<failure message="03-systematic-review.spec.js:11:3 should display articles list when toggled" type="FAILURE">
<![CDATA[  [webkit] › 03-systematic-review.spec.js:11:3 › Systematic Review Workflow › should display articles list when toggled 

    Error: expect(locator).toBeVisible() failed

    Locator:  getByText('Show Queue Status')
    Expected: visible
    Received: <element(s) not found>
    Timeout:  5000ms

    Call log:
      - Expect "toBeVisible" with timeout 5000ms
      - waiting for getByText('Show Queue Status')


      11 |   test('should display articles list when toggled', async ({ page }) => {
      12 |     const toggleButton = page.getByText('Show Queue Status');
    > 13 |     await expect(toggleButton).toBeVisible();
         |                                ^
      14 |     
      15 |     // Initially hidden
      16 |     const articlesList = page.locator('#articles-list');
        at /Users/matheusrech/Downloads/form-to-sr-extraction/tests/03-systematic-review.spec.js:13:32

    attachment #1: screenshot (image/png) ──────────────────────────────────────────────────────────
    ../test-results/03-systematic-review-Syste-ca5ef--articles-list-when-toggled-webkit/test-failed-1.png
    ────────────────────────────────────────────────────────────────────────────────────────────────

    attachment #2: video (video/webm) ──────────────────────────────────────────────────────────────
    ../test-results/03-systematic-review-Syste-ca5ef--articles-list-when-toggled-webkit/video.webm
    ────────────────────────────────────────────────────────────────────────────────────────────────

    Error Context: ../test-results/03-systematic-review-Syste-ca5ef--articles-list-when-toggled-webkit/error-context.md
]]>
</failure>
<system-err>
<![CDATA[
Warning: attachment test-results/03-systematic-review-Syste-ca5ef--articles-list-when-toggled-webkit/test-failed-1.png is missing
Warning: attachment test-results/03-systematic-review-Syste-ca5ef--articles-list-when-toggled-webkit/video.webm is missing
Warning: attachment test-results/03-systematic-review-Syste-ca5ef--articles-list-when-toggled-webkit/error-context.md is missing]]>
</system-err>
</testcase>
<testcase name="Systematic Review Workflow › should show save and complete buttons" classname="03-systematic-review.spec.js" time="1.161">
</testcase>
<testcase name="Systematic Review Workflow › should track progress stats" classname="03-systematic-review.spec.js" time="1.094">
</testcase>
<testcase name="Systematic Review Workflow › should handle save progress functionality" classname="03-systematic-review.spec.js" time="1.505">
</testcase>
<testcase name="Systematic Review Workflow › should show export database options" classname="03-systematic-review.spec.js" time="1.398">
</testcase>
</testsuite>
<testsuite name="04-form-interaction.spec.js" timestamp="2025-09-28T21:31:01.926Z" hostname="webkit" tests="5" failures="2" skipped="0" time="11.974" errors="0">
<testcase name="Form Interaction › should highlight active field on focus" classname="04-form-interaction.spec.js" time="1.237">
</testcase>
<testcase name="Form Interaction › should show validation status indicators" classname="04-form-interaction.spec.js" time="6.547">
<failure message="04-form-interaction.spec.js:22:3 should show validation status indicators" type="FAILURE">
<![CDATA[  [webkit] › 04-form-interaction.spec.js:22:3 › Form Interaction › should show validation status indicators 

    Error: expect(locator).toHaveCount(expected) failed

    Locator:  locator('.validation-status')
    Expected: 9
    Received: 1
    Timeout:  5000ms

    Call log:
      - Expect "toHaveCount" with timeout 5000ms
      - waiting for locator('.validation-status')
        9 × locator resolved to 1 element
          - unexpected value "1"


      22 |   test('should show validation status indicators', async ({ page }) => {
      23 |     const validationIndicators = page.locator('.validation-status');
    > 24 |     await expect(validationIndicators).toHaveCount(9); // Step 1 has 9 fields
         |                                        ^
      25 |   });
      26 |
      27 |   test('should handle form field input', async ({ page }) => {
        at /Users/matheusrech/Downloads/form-to-sr-extraction/tests/04-form-interaction.spec.js:24:40

    attachment #1: screenshot (image/png) ──────────────────────────────────────────────────────────
    ../test-results/04-form-interaction-Form-I-aa509-alidation-status-indicators-webkit/test-failed-1.png
    ────────────────────────────────────────────────────────────────────────────────────────────────

    attachment #2: video (video/webm) ──────────────────────────────────────────────────────────────
    ../test-results/04-form-interaction-Form-I-aa509-alidation-status-indicators-webkit/video.webm
    ────────────────────────────────────────────────────────────────────────────────────────────────

    Error Context: ../test-results/04-form-interaction-Form-I-aa509-alidation-status-indicators-webkit/error-context.md
]]>
</failure>
<system-err>
<![CDATA[
Warning: attachment test-results/04-form-interaction-Form-I-aa509-alidation-status-indicators-webkit/test-failed-1.png is missing
Warning: attachment test-results/04-form-interaction-Form-I-aa509-alidation-status-indicators-webkit/video.webm is missing
Warning: attachment test-results/04-form-interaction-Form-I-aa509-alidation-status-indicators-webkit/error-context.md is missing]]>
</system-err>
</testcase>
<testcase name="Form Interaction › should handle form field input" classname="04-form-interaction.spec.js" time="1.51">
</testcase>
<testcase name="Form Interaction › should show AI extract buttons" classname="04-form-interaction.spec.js" time="1.49">
<failure message="04-form-interaction.spec.js:37:3 should show AI extract buttons" type="FAILURE">
<![CDATA[  [webkit] › 04-form-interaction.spec.js:37:3 › Form Interaction › should show AI extract buttons ──

    Error: expect.toBeVisible: Error: strict mode violation: getByText('AI Extract') resolved to 2 elements:
        1) <button type="button" class="ai-btn" onclick="aiExtractStep(1)">âœ¨ AI Extract</button> aka getByRole('button', { name: 'âœ¨ AI Extract' })
        2) <span>AI Extractions:</span> aka getByText('AI Extractions:')

    Call log:
      - Expect "toBeVisible" with timeout 5000ms
      - waiting for getByText('AI Extract')


      37 |   test('should show AI extract buttons', async ({ page }) => {
      38 |     const aiButton = page.getByText('AI Extract');
    > 39 |     await expect(aiButton).toBeVisible();
         |                            ^
      40 |     await expect(aiButton).toHaveClass(/ai-btn/);
      41 |   });
      42 |
        at /Users/matheusrech/Downloads/form-to-sr-extraction/tests/04-form-interaction.spec.js:39:28

    attachment #1: screenshot (image/png) ──────────────────────────────────────────────────────────
    ../test-results/04-form-interaction-Form-I-b332e-uld-show-AI-extract-buttons-webkit/test-failed-1.png
    ────────────────────────────────────────────────────────────────────────────────────────────────

    attachment #2: video (video/webm) ──────────────────────────────────────────────────────────────
    ../test-results/04-form-interaction-Form-I-b332e-uld-show-AI-extract-buttons-webkit/video.webm
    ────────────────────────────────────────────────────────────────────────────────────────────────

    Error Context: ../test-results/04-form-interaction-Form-I-b332e-uld-show-AI-extract-buttons-webkit/error-context.md
]]>
</failure>
<system-err>
<![CDATA[
Warning: attachment test-results/04-form-interaction-Form-I-b332e-uld-show-AI-extract-buttons-webkit/test-failed-1.png is missing
Warning: attachment test-results/04-form-interaction-Form-I-b332e-uld-show-AI-extract-buttons-webkit/video.webm is missing
Warning: attachment test-results/04-form-interaction-Form-I-b332e-uld-show-AI-extract-buttons-webkit/error-context.md is missing]]>
</system-err>
</testcase>
<testcase name="Form Interaction › should handle required field validation" classname="04-form-interaction.spec.js" time="1.19">
</testcase>
</testsuite>
<testsuite name="05-ai-integration.spec.js" timestamp="2025-09-28T21:31:01.926Z" hostname="webkit" tests="4" failures="1" skipped="0" time="5.568" errors="0">
<testcase name="AI Integration › should handle API key input" classname="05-ai-integration.spec.js" time="1.494">
</testcase>
<testcase name="AI Integration › should show test button for API key" classname="05-ai-integration.spec.js" time="1.364">
</testcase>
<testcase name="AI Integration › should show AI modal on processing" classname="05-ai-integration.spec.js" time="1.314">
</testcase>
<testcase name="AI Integration › should have AI extract functionality per step" classname="05-ai-integration.spec.js" time="1.396">
<failure message="05-ai-integration.spec.js:43:3 should have AI extract functionality per step" type="FAILURE">
<![CDATA[  [webkit] › 05-ai-integration.spec.js:43:3 › AI Integration › should have AI extract functionality per step 

    Error: expect.toBeVisible: Error: strict mode violation: getByText('AI Extract') resolved to 2 elements:
        1) <button type="button" class="ai-btn" onclick="aiExtractStep(1)">âœ¨ AI Extract</button> aka getByRole('button', { name: 'âœ¨ AI Extract' })
        2) <span>AI Extractions:</span> aka getByText('AI Extractions:')

    Call log:
      - Expect "toBeVisible" with timeout 5000ms
      - waiting for getByText('AI Extract')


      43 |   test('should have AI extract functionality per step', async ({ page }) => {
      44 |     const aiExtractButton = page.getByText('AI Extract');
    > 45 |     await expect(aiExtractButton).toBeVisible();
         |                                   ^
      46 |     
      47 |     // Click should trigger AI extraction (would need API key)
      48 |     // For now, just verify the button exists and is clickable
        at /Users/matheusrech/Downloads/form-to-sr-extraction/tests/05-ai-integration.spec.js:45:35

    attachment #1: screenshot (image/png) ──────────────────────────────────────────────────────────
    ../test-results/05-ai-integration-AI-Integ-7de3a-ract-functionality-per-step-webkit/test-failed-1.png
    ────────────────────────────────────────────────────────────────────────────────────────────────

    attachment #2: video (video/webm) ──────────────────────────────────────────────────────────────
    ../test-results/05-ai-integration-AI-Integ-7de3a-ract-functionality-per-step-webkit/video.webm
    ────────────────────────────────────────────────────────────────────────────────────────────────

    Error Context: ../test-results/05-ai-integration-AI-Integ-7de3a-ract-functionality-per-step-webkit/error-context.md
]]>
</failure>
<system-err>
<![CDATA[
Warning: attachment test-results/05-ai-integration-AI-Integ-7de3a-ract-functionality-per-step-webkit/test-failed-1.png is missing
Warning: attachment test-results/05-ai-integration-AI-Integ-7de3a-ract-functionality-per-step-webkit/video.webm is missing
Warning: attachment test-results/05-ai-integration-AI-Integ-7de3a-ract-functionality-per-step-webkit/error-context.md is missing]]>
</system-err>
</testcase>
</testsuite>
<testsuite name="06-extraction-tracking.spec.js" timestamp="2025-09-28T21:31:01.926Z" hostname="webkit" tests="4" failures="1" skipped="0" time="10.381" errors="0">
<testcase name="Extraction Tracking › should show trace log panel" classname="06-extraction-tracking.spec.js" time="6.231">
<failure message="06-extraction-tracking.spec.js:11:3 should show trace log panel" type="FAILURE">
<![CDATA[  [webkit] › 06-extraction-tracking.spec.js:11:3 › Extraction Tracking › should show trace log panel 

    Error: expect(locator).toBeVisible() failed

    Locator:  locator('#trace-log')
    Expected: visible
    Received: hidden
    Timeout:  5000ms

    Call log:
      - Expect "toBeVisible" with timeout 5000ms
      - waiting for locator('#trace-log')
        9 × locator resolved to <div id="trace-log"></div>
          - unexpected value "hidden"


      11 |   test('should show trace log panel', async ({ page }) => {
      12 |     const traceLog = page.locator('#trace-log');
    > 13 |     await expect(traceLog).toBeVisible();
         |                            ^
      14 |   });
      15 |
      16 |   test('should display extraction statistics', async ({ page }) => {
        at /Users/matheusrech/Downloads/form-to-sr-extraction/tests/06-extraction-tracking.spec.js:13:28

    attachment #1: screenshot (image/png) ──────────────────────────────────────────────────────────
    ../test-results/06-extraction-tracking-Ext-081a8-should-show-trace-log-panel-webkit/test-failed-1.png
    ────────────────────────────────────────────────────────────────────────────────────────────────

    attachment #2: video (video/webm) ──────────────────────────────────────────────────────────────
    ../test-results/06-extraction-tracking-Ext-081a8-should-show-trace-log-panel-webkit/video.webm
    ────────────────────────────────────────────────────────────────────────────────────────────────

    Error Context: ../test-results/06-extraction-tracking-Ext-081a8-should-show-trace-log-panel-webkit/error-context.md
]]>
</failure>
<system-err>
<![CDATA[
Warning: attachment test-results/06-extraction-tracking-Ext-081a8-should-show-trace-log-panel-webkit/test-failed-1.png is missing
Warning: attachment test-results/06-extraction-tracking-Ext-081a8-should-show-trace-log-panel-webkit/video.webm is missing
Warning: attachment test-results/06-extraction-tracking-Ext-081a8-should-show-trace-log-panel-webkit/error-context.md is missing]]>
</system-err>
</testcase>
<testcase name="Extraction Tracking › should display extraction statistics" classname="06-extraction-tracking.spec.js" time="1.322">
</testcase>
<testcase name="Extraction Tracking › should show undo and clear buttons" classname="06-extraction-tracking.spec.js" time="1.15">
</testcase>
<testcase name="Extraction Tracking › should handle clear all extractions with confirmation" classname="06-extraction-tracking.spec.js" time="1.678">
</testcase>
</testsuite>
<testsuite name="07-export-functionality.spec.js" timestamp="2025-09-28T21:31:01.926Z" hostname="webkit" tests="5" failures="4" skipped="0" time="69.402" errors="0">
<testcase name="Export Functionality › should show all export buttons" classname="07-export-functionality.spec.js" time="6.256">
<failure message="07-export-functionality.spec.js:11:3 should show all export buttons" type="FAILURE">
<![CDATA[  [webkit] › 07-export-functionality.spec.js:11:3 › Export Functionality › should show all export buttons 

    Error: expect(locator).toBeVisible() failed

    Locator:  getByText('JSON', { exact: true })
    Expected: visible
    Received: <element(s) not found>
    Timeout:  5000ms

    Call log:
      - Expect "toBeVisible" with timeout 5000ms
      - waiting for getByText('JSON', { exact: true })


      21 |     
      22 |     for (const buttonText of exportButtons) {
    > 23 |       await expect(page.getByText(buttonText, { exact: true })).toBeVisible();
         |                                                                 ^
      24 |     }
      25 |   });
      26 |
        at /Users/matheusrech/Downloads/form-to-sr-extraction/tests/07-export-functionality.spec.js:23:65

    attachment #1: screenshot (image/png) ──────────────────────────────────────────────────────────
    ../test-results/07-export-functionality-Ex-c4e2c-uld-show-all-export-buttons-webkit/test-failed-1.png
    ────────────────────────────────────────────────────────────────────────────────────────────────

    attachment #2: video (video/webm) ──────────────────────────────────────────────────────────────
    ../test-results/07-export-functionality-Ex-c4e2c-uld-show-all-export-buttons-webkit/video.webm
    ────────────────────────────────────────────────────────────────────────────────────────────────

    Error Context: ../test-results/07-export-functionality-Ex-c4e2c-uld-show-all-export-buttons-webkit/error-context.md
]]>
</failure>
<system-err>
<![CDATA[
Warning: attachment test-results/07-export-functionality-Ex-c4e2c-uld-show-all-export-buttons-webkit/test-failed-1.png is missing
Warning: attachment test-results/07-export-functionality-Ex-c4e2c-uld-show-all-export-buttons-webkit/video.webm is missing
Warning: attachment test-results/07-export-functionality-Ex-c4e2c-uld-show-all-export-buttons-webkit/error-context.md is missing]]>
</system-err>
</testcase>
<testcase name="Export Functionality › should handle JSON export" classname="07-export-functionality.spec.js" time="30.076">
<failure message="07-export-functionality.spec.js:27:3 should handle JSON export" type="FAILURE">
<![CDATA[  [webkit] › 07-export-functionality.spec.js:27:3 › Export Functionality › should handle JSON export 

    Test timeout of 30000ms exceeded.

    Error: page.waitForEvent: Test timeout of 30000ms exceeded.
    =========================== logs ===========================
    waiting for event "download"
    ============================================================

      27 |   test('should handle JSON export', async ({ page }) => {
      28 |     // Listen for download
    > 29 |     const downloadPromise = page.waitForEvent('download');
         |                                  ^
      30 |     
      31 |     await page.getByText('JSON', { exact: true }).click();
      32 |     
        at /Users/matheusrech/Downloads/form-to-sr-extraction/tests/07-export-functionality.spec.js:29:34

    Error: locator.click: Test timeout of 30000ms exceeded.
    Call log:
      - waiting for getByText('JSON', { exact: true })


      29 |     const downloadPromise = page.waitForEvent('download');
      30 |     
    > 31 |     await page.getByText('JSON', { exact: true }).click();
         |                                                   ^
      32 |     
      33 |     const download = await downloadPromise;
      34 |     expect(download.suggestedFilename()).toMatch(/extraction_\d+\.json/);
        at /Users/matheusrech/Downloads/form-to-sr-extraction/tests/07-export-functionality.spec.js:31:51

    attachment #1: screenshot (image/png) ──────────────────────────────────────────────────────────
    ../test-results/07-export-functionality-Ex-b2fd8-y-should-handle-JSON-export-webkit/test-failed-1.png
    ────────────────────────────────────────────────────────────────────────────────────────────────

    Error Context: ../test-results/07-export-functionality-Ex-b2fd8-y-should-handle-JSON-export-webkit/error-context.md

    attachment #3: video (video/webm) ──────────────────────────────────────────────────────────────
    ../test-results/07-export-functionality-Ex-b2fd8-y-should-handle-JSON-export-webkit/video.webm
    ────────────────────────────────────────────────────────────────────────────────────────────────
]]>
</failure>
<system-err>
<![CDATA[
Warning: attachment test-results/07-export-functionality-Ex-b2fd8-y-should-handle-JSON-export-webkit/test-failed-1.png is missing
Warning: attachment test-results/07-export-functionality-Ex-b2fd8-y-should-handle-JSON-export-webkit/error-context.md is missing
Warning: attachment test-results/07-export-functionality-Ex-b2fd8-y-should-handle-JSON-export-webkit/video.webm is missing]]>
</system-err>
</testcase>
<testcase name="Export Functionality › should handle CSV export" classname="07-export-functionality.spec.js" time="30.096">
<failure message="07-export-functionality.spec.js:37:3 should handle CSV export" type="FAILURE">
<![CDATA[  [webkit] › 07-export-functionality.spec.js:37:3 › Export Functionality › should handle CSV export 

    Test timeout of 30000ms exceeded.

    Error: page.waitForEvent: Test timeout of 30000ms exceeded.
    =========================== logs ===========================
    waiting for event "download"
    ============================================================

      36 |
      37 |   test('should handle CSV export', async ({ page }) => {
    > 38 |     const downloadPromise = page.waitForEvent('download');
         |                                  ^
      39 |     
      40 |     await page.getByText('CSV', { exact: true }).click();
      41 |     
        at /Users/matheusrech/Downloads/form-to-sr-extraction/tests/07-export-functionality.spec.js:38:34

    Error: locator.click: Test timeout of 30000ms exceeded.
    Call log:
      - waiting for getByText('CSV', { exact: true })


      38 |     const downloadPromise = page.waitForEvent('download');
      39 |     
    > 40 |     await page.getByText('CSV', { exact: true }).click();
         |                                                  ^
      41 |     
      42 |     const download = await downloadPromise;
      43 |     expect(download.suggestedFilename()).toMatch(/extraction_\d+\.csv/);
        at /Users/matheusrech/Downloads/form-to-sr-extraction/tests/07-export-functionality.spec.js:40:50

    attachment #1: screenshot (image/png) ──────────────────────────────────────────────────────────
    ../test-results/07-export-functionality-Ex-5f84f-ty-should-handle-CSV-export-webkit/test-failed-1.png
    ────────────────────────────────────────────────────────────────────────────────────────────────

    Error Context: ../test-results/07-export-functionality-Ex-5f84f-ty-should-handle-CSV-export-webkit/error-context.md

    attachment #3: video (video/webm) ──────────────────────────────────────────────────────────────
    ../test-results/07-export-functionality-Ex-5f84f-ty-should-handle-CSV-export-webkit/video.webm
    ────────────────────────────────────────────────────────────────────────────────────────────────
]]>
</failure>
<system-err>
<![CDATA[
Warning: attachment test-results/07-export-functionality-Ex-5f84f-ty-should-handle-CSV-export-webkit/test-failed-1.png is missing
Warning: attachment test-results/07-export-functionality-Ex-5f84f-ty-should-handle-CSV-export-webkit/error-context.md is missing
Warning: attachment test-results/07-export-functionality-Ex-5f84f-ty-should-handle-CSV-export-webkit/video.webm is missing]]>
</system-err>
</testcase>
<testcase name="Export Functionality › should handle systematic review exports" classname="07-export-functionality.spec.js" time="1.137">
<failure message="07-export-functionality.spec.js:46:3 should handle systematic review exports" type="FAILURE">
<![CDATA[  [webkit] › 07-export-functionality.spec.js:46:3 › Export Functionality › should handle systematic review exports 

    Error: page.waitForEvent: Test ended.
    =========================== logs ===========================
    waiting for event "download"
    ============================================================

      46 |   test('should handle systematic review exports', async ({ page }) => {
      47 |     // Test main database export
    > 48 |     const mainDbPromise = page.waitForEvent('download');
         |                                ^
      49 |     await page.getByText('Main Data CSV').click();
      50 |     
      51 |     // Note: This might not trigger download if database is empty
        at /Users/matheusrech/Downloads/form-to-sr-extraction/tests/07-export-functionality.spec.js:48:32

    attachment #1: screenshot (image/png) ──────────────────────────────────────────────────────────
    ../test-results/07-export-functionality-Ex-8ec56-e-systematic-review-exports-webkit/test-failed-1.png
    ────────────────────────────────────────────────────────────────────────────────────────────────

    attachment #2: video (video/webm) ──────────────────────────────────────────────────────────────
    ../test-results/07-export-functionality-Ex-8ec56-e-systematic-review-exports-webkit/video.webm
    ────────────────────────────────────────────────────────────────────────────────────────────────
]]>
</failure>
<system-err>
<![CDATA[
Warning: attachment test-results/07-export-functionality-Ex-8ec56-e-systematic-review-exports-webkit/test-failed-1.png is missing
Warning: attachment test-results/07-export-functionality-Ex-8ec56-e-systematic-review-exports-webkit/video.webm is missing]]>
</system-err>
</testcase>
<testcase name="Export Functionality › should open audit report in new tab" classname="07-export-functionality.spec.js" time="1.837">
</testcase>
</testsuite>
<testsuite name="08-coordinate-visualization.spec.js" timestamp="2025-09-28T21:31:01.926Z" hostname="webkit" tests="5" failures="2" skipped="0" time="40.698" errors="0">
<testcase name="Coordinate Visualization › should show interactive coordinate map button" classname="08-coordinate-visualization.spec.js" time="1.423">
</testcase>
<testcase name="Coordinate Visualization › should show export interactive map button" classname="08-coordinate-visualization.spec.js" time="1.357">
</testcase>
<testcase name="Coordinate Visualization › should open coordinate visualizer modal" classname="08-coordinate-visualization.spec.js" time="1.475">
</testcase>
<testcase name="Coordinate Visualization › should close coordinate visualizer" classname="08-coordinate-visualization.spec.js" time="30.129">
<failure message="08-coordinate-visualization.spec.js:33:3 should close coordinate visualizer" type="FAILURE">
<![CDATA[  [webkit] › 08-coordinate-visualization.spec.js:33:3 › Coordinate Visualization › should close coordinate visualizer 

    Test timeout of 30000ms exceeded.

    Error: locator.click: Test timeout of 30000ms exceeded.
    Call log:
      - waiting for getByText('✕ Close')


      40 |     // Close modal
      41 |     const closeButton = page.getByText('✕ Close');
    > 42 |     await closeButton.click();
         |                       ^
      43 |     
      44 |     await expect(modal).toBeHidden();
      45 |   });
        at /Users/matheusrech/Downloads/form-to-sr-extraction/tests/08-coordinate-visualization.spec.js:42:23

    attachment #1: screenshot (image/png) ──────────────────────────────────────────────────────────
    ../test-results/08-coordinate-visualizatio-be3de-close-coordinate-visualizer-webkit/test-failed-1.png
    ────────────────────────────────────────────────────────────────────────────────────────────────

    attachment #2: video (video/webm) ──────────────────────────────────────────────────────────────
    ../test-results/08-coordinate-visualizatio-be3de-close-coordinate-visualizer-webkit/video.webm
    ────────────────────────────────────────────────────────────────────────────────────────────────

    Error Context: ../test-results/08-coordinate-visualizatio-be3de-close-coordinate-visualizer-webkit/error-context.md
]]>
</failure>
<system-err>
<![CDATA[
Warning: attachment test-results/08-coordinate-visualizatio-be3de-close-coordinate-visualizer-webkit/test-failed-1.png is missing
Warning: attachment test-results/08-coordinate-visualizatio-be3de-close-coordinate-visualizer-webkit/video.webm is missing
Warning: attachment test-results/08-coordinate-visualizatio-be3de-close-coordinate-visualizer-webkit/error-context.md is missing]]>
</system-err>
</testcase>
<testcase name="Coordinate Visualization › should show visualizer controls" classname="08-coordinate-visualization.spec.js" time="6.314">
<failure message="08-coordinate-visualization.spec.js:47:3 should show visualizer controls" type="FAILURE">
<![CDATA[  [webkit] › 08-coordinate-visualization.spec.js:47:3 › Coordinate Visualization › should show visualizer controls 

    Error: expect(locator).toBeVisible() failed

    Locator:  locator('#viz-field-list')
    Expected: visible
    Received: hidden
    Timeout:  5000ms

    Call log:
      - Expect "toBeVisible" with timeout 5000ms
      - waiting for locator('#viz-field-list')
        9 × locator resolved to <div id="viz-field-list"></div>
          - unexpected value "hidden"


      49 |     
      50 |     // Check for visualizer controls
    > 51 |     await expect(page.locator('#viz-field-list')).toBeVisible();
         |                                                   ^
      52 |     await expect(page.locator('#viz-pdf-container')).toBeVisible();
      53 |     await expect(page.locator('#viz-coordinate-details')).toBeVisible();
      54 |   });
        at /Users/matheusrech/Downloads/form-to-sr-extraction/tests/08-coordinate-visualization.spec.js:51:51

    attachment #1: screenshot (image/png) ──────────────────────────────────────────────────────────
    ../test-results/08-coordinate-visualizatio-10713-ld-show-visualizer-controls-webkit/test-failed-1.png
    ────────────────────────────────────────────────────────────────────────────────────────────────

    attachment #2: video (video/webm) ──────────────────────────────────────────────────────────────
    ../test-results/08-coordinate-visualizatio-10713-ld-show-visualizer-controls-webkit/video.webm
    ────────────────────────────────────────────────────────────────────────────────────────────────

    Error Context: ../test-results/08-coordinate-visualizatio-10713-ld-show-visualizer-controls-webkit/error-context.md
]]>
</failure>
<system-err>
<![CDATA[
Warning: attachment test-results/08-coordinate-visualizatio-10713-ld-show-visualizer-controls-webkit/test-failed-1.png is missing
Warning: attachment test-results/08-coordinate-visualizatio-10713-ld-show-visualizer-controls-webkit/video.webm is missing
Warning: attachment test-results/08-coordinate-visualizatio-10713-ld-show-visualizer-controls-webkit/error-context.md is missing]]>
</system-err>
</testcase>
</testsuite>
<testsuite name="09-responsive-design.spec.js" timestamp="2025-09-28T21:31:01.926Z" hostname="webkit" tests="4" failures="0" skipped="0" time="2.621" errors="0">
<testcase name="Responsive Design › should display correctly on desktop" classname="09-responsive-design.spec.js" time="0.626">
</testcase>
<testcase name="Responsive Design › should handle medium screens" classname="09-responsive-design.spec.js" time="0.837">
</testcase>
<testcase name="Responsive Design › should handle small screens" classname="09-responsive-design.spec.js" time="0.627">
</testcase>
<testcase name="Responsive Design › should handle mobile screens" classname="09-responsive-design.spec.js" time="0.531">
</testcase>
</testsuite>
<testsuite name="10-integration-tests.spec.js" timestamp="2025-09-28T21:31:01.926Z" hostname="webkit" tests="5" failures="1" skipped="0" time="36.309" errors="0">
<testcase name="Integration Tests › should complete full extraction workflow" classname="10-integration-tests.spec.js" time="1.649">
</testcase>
<testcase name="Integration Tests › should handle localStorage persistence" classname="10-integration-tests.spec.js" time="1.884">
</testcase>
<testcase name="Integration Tests › should handle error conditions gracefully" classname="10-integration-tests.spec.js" time="1.4">
</testcase>
<testcase name="Integration Tests › should maintain state across interactions" classname="10-integration-tests.spec.js" time="30.131">
<failure message="10-integration-tests.spec.js:59:3 should maintain state across interactions" type="FAILURE">
<![CDATA[  [webkit] › 10-integration-tests.spec.js:59:3 › Integration Tests › should maintain state across interactions 

    Test timeout of 30000ms exceeded.

    Error: locator.click: Test timeout of 30000ms exceeded.
    Call log:
      - waiting for getByText('Show Queue Status')


      63 |     
      64 |     // Toggle articles list
    > 65 |     await page.getByText('Show Queue Status').click();
         |                                               ^
      66 |     await page.getByText('Hide Queue Status').click();
      67 |     
      68 |     // Fields should maintain their values
        at /Users/matheusrech/Downloads/form-to-sr-extraction/tests/10-integration-tests.spec.js:65:47

    attachment #1: screenshot (image/png) ──────────────────────────────────────────────────────────
    ../test-results/10-integration-tests-Integ-4b090-n-state-across-interactions-webkit/test-failed-1.png
    ────────────────────────────────────────────────────────────────────────────────────────────────

    attachment #2: video (video/webm) ──────────────────────────────────────────────────────────────
    ../test-results/10-integration-tests-Integ-4b090-n-state-across-interactions-webkit/video.webm
    ────────────────────────────────────────────────────────────────────────────────────────────────

    Error Context: ../test-results/10-integration-tests-Integ-4b090-n-state-across-interactions-webkit/error-context.md
]]>
</failure>
<system-err>
<![CDATA[
Warning: attachment test-results/10-integration-tests-Integ-4b090-n-state-across-interactions-webkit/test-failed-1.png is missing
Warning: attachment test-results/10-integration-tests-Integ-4b090-n-state-across-interactions-webkit/video.webm is missing
Warning: attachment test-results/10-integration-tests-Integ-4b090-n-state-across-interactions-webkit/error-context.md is missing]]>
</system-err>
</testcase>
<testcase name="Integration Tests › should handle concurrent operations" classname="10-integration-tests.spec.js" time="1.245">
</testcase>
</testsuite>
<testsuite name="accessibility.spec.js" timestamp="2025-09-28T21:31:01.926Z" hostname="webkit" tests="4" failures="2" skipped="0" time="9.356" errors="0">
<testcase name="Accessibility Tests › should not have accessibility violations" classname="accessibility.spec.js" time="1.491">
<failure message="accessibility.spec.js:7:3 should not have accessibility violations" type="FAILURE">
<![CDATA[  [webkit] › accessibility.spec.js:7:3 › Accessibility Tests › should not have accessibility violations 

    Error: expect(received).toEqual(expected) // deep equality

    - Expected  -    1
    + Received  + 1186

    - Array []
    + Array [
    +   Object {
    +     "description": "Ensure the contrast between foreground and background colors meets WCAG 2 AA minimum contrast ratio thresholds",
    +     "help": "Elements must meet minimum color contrast ratio thresholds",
    +     "helpUrl": "https://dequeuniversity.com/rules/axe/4.10/color-contrast?application=playwright",
    +     "id": "color-contrast",
    +     "impact": "serious",
    +     "nodes": Array [
    +       Object {
    +         "all": Array [],
    +         "any": Array [
    +           Object {
    +             "data": Object {
    +               "bgColor": "#2196f3",
    +               "contrastRatio": 3.12,
    +               "expectedContrastRatio": "4.5:1",
    +               "fgColor": "#ffffff",
    +               "fontSize": "8.3pt (11px)",
    +               "fontWeight": "normal",
    +               "messageKey": null,
    +             },
    +             "id": "color-contrast",
    +             "impact": "serious",
    +             "message": "Element has insufficient color contrast of 3.12 (foreground color: #ffffff, background color: #2196f3, font size: 8.3pt (11px), font weight: normal). Expected contrast ratio of 4.5:1",
    +             "relatedNodes": Array [
    +               Object {
    +                 "html": "<button onclick=\"saveCurrentProgress()\" style=\"padding: 6px; font-size: 11px; background: #2196F3;\">
    +                     ðŸ’¾ Save Progress
    +                 </button>",
    +                 "target": Array [
    +                   "button[onclick=\"saveCurrentProgress()\"]",
    +                 ],
    +               },
    +             ],
    +           },
    +         ],
    +         "failureSummary": "Fix any of the following:
    +   Element has insufficient color contrast of 3.12 (foreground color: #ffffff, background color: #2196f3, font size: 8.3pt (11px), font weight: normal). Expected contrast ratio of 4.5:1",
    +         "html": "<button onclick=\"saveCurrentProgress()\" style=\"padding: 6px; font-size: 11px; background: #2196F3;\">
    +                     ðŸ’¾ Save Progress
    +                 </button>",
    +         "impact": "serious",
    +         "none": Array [],
    +         "target": Array [
    +           "button[onclick=\"saveCurrentProgress()\"]",
    +         ],
    +       },
    +       Object {
    +         "all": Array [],
    +         "any": Array [
    +           Object {
    +             "data": Object {
    +               "bgColor": "#4caf50",
    +               "contrastRatio": 2.77,
    +               "expectedContrastRatio": "4.5:1",
    +               "fgColor": "#ffffff",
    +               "fontSize": "8.3pt (11px)",
    +               "fontWeight": "normal",
    +               "messageKey": null,
    +             },
    +             "id": "color-contrast",
    +             "impact": "serious",
    +             "message": "Element has insufficient color contrast of 2.77 (foreground color: #ffffff, background color: #4caf50, font size: 8.3pt (11px), font weight: normal). Expected contrast ratio of 4.5:1",
    +             "relatedNodes": Array [
    +               Object {
    +                 "html": "<button onclick=\"completeCurrentArticle()\" style=\"padding: 6px; font-size: 11px; background: #4CAF50;\">
    +                     âœ… Complete Article
    +                 </button>",
    +                 "target": Array [
    +                   "button[onclick=\"completeCurrentArticle()\"]",
    +                 ],
    +               },
    +             ],
    +           },
    +         ],
    +         "failureSummary": "Fix any of the following:
    +   Element has insufficient color contrast of 2.77 (foreground color: #ffffff, background color: #4caf50, font size: 8.3pt (11px), font weight: normal). Expected contrast ratio of 4.5:1",
    +         "html": "<button onclick=\"completeCurrentArticle()\" style=\"padding: 6px; font-size: 11px; background: #4CAF50;\">
    +                     âœ… Complete Article
    +                 </button>",
    +         "impact": "serious",
    +         "none": Array [],
    +         "target": Array [
    +           "button[onclick=\"completeCurrentArticle()\"]",
    +         ],
    +       },
    +       Object {
    +         "all": Array [],
    +         "any": Array [
    +           Object {
    +             "data": Object {
    +               "bgColor": "#4caf50",
    +               "contrastRatio": 2.77,
    +               "expectedContrastRatio": "4.5:1",
    +               "fgColor": "#ffffff",
    +               "fontSize": "9.0pt (12px)",
    +               "fontWeight": "normal",
    +               "messageKey": null,
    +             },
    +             "id": "color-contrast",
    +             "impact": "serious",
    +             "message": "Element has insufficient color contrast of 2.77 (foreground color: #ffffff, background color: #4caf50, font size: 9.0pt (12px), font weight: normal). Expected contrast ratio of 4.5:1",
    +             "relatedNodes": Array [
    +               Object {
    +                 "html": "<button onclick=\"toggleArticlesList()\" style=\"width: 100%; padding: 6px; font-size: 12px; background: #4CAF50;\">ðŸ“‹ Queue (1/21) - Wu 2023.pdf...</button>",
    +                 "target": Array [
    +                   "button[onclick=\"toggleArticlesList()\"]",
    +                 ],
    +               },
    +             ],
    +           },
    +         ],
    +         "failureSummary": "Fix any of the following:
    +   Element has insufficient color contrast of 2.77 (foreground color: #ffffff, background color: #4caf50, font size: 9.0pt (12px), font weight: normal). Expected contrast ratio of 4.5:1",
    +         "html": "<button onclick=\"toggleArticlesList()\" style=\"width: 100%; padding: 6px; font-size: 12px; background: #4CAF50;\">ðŸ“‹ Queue (1/21) - Wu 2023.pdf...</button>",
    +         "impact": "serious",
    +         "none": Array [],
    +         "target": Array [
    +           "button[onclick=\"toggleArticlesList()\"]",
    +         ],
    +       },
    +       Object {
    +         "all": Array [],
    +         "any": Array [
    +           Object {
    +             "data": Object {
    +               "bgColor": "#f0f8ff",
    +               "contrastRatio": 3.7,
    +               "expectedContrastRatio": "4.5:1",
    +               "fgColor": "#007bff",
    +               "fontSize": "12.0pt (16px)",
    +               "fontWeight": "bold",
    +               "messageKey": null,
    +             },
    +             "id": "color-contrast",
    +             "impact": "serious",
    +             "message": "Element has insufficient color contrast of 3.7 (foreground color: #007bff, background color: #f0f8ff, font size: 12.0pt (16px), font weight: bold). Expected contrast ratio of 4.5:1",
    +             "relatedNodes": Array [
    +               Object {
    +                 "html": "<div id=\"api-key-section\">",
    +                 "target": Array [
    +                   "#api-key-section",
    +                 ],
    +               },
    +             ],
    +           },
    +         ],
    +         "failureSummary": "Fix any of the following:
    +   Element has insufficient color contrast of 3.7 (foreground color: #007bff, background color: #f0f8ff, font size: 12.0pt (16px), font weight: bold). Expected contrast ratio of 4.5:1",
    +         "html": "<h3>ðŸ¤– AI Configuration (Gemini)</h3>",
    +         "impact": "serious",
    +         "none": Array [],
    +         "target": Array [
    +           "#api-key-section > h3",
    +         ],
    +       },
    +       Object {
    +         "all": Array [],
    +         "any": Array [
    +           Object {
    +             "data": Object {
    +               "bgColor": "#007bff",
    +               "contrastRatio": 3.97,
    +               "expectedContrastRatio": "4.5:1",
    +               "fgColor": "#ffffff",
    +               "fontSize": "9.0pt (12px)",
    +               "fontWeight": "normal",
    +               "messageKey": null,
    +             },
    +             "id": "color-contrast",
    +             "impact": "serious",
    +             "message": "Element has insufficient color contrast of 3.97 (foreground color: #ffffff, background color: #007bff, font size: 9.0pt (12px), font weight: normal). Expected contrast ratio of 4.5:1",
    +             "relatedNodes": Array [
    +               Object {
    +                 "html": "<button onclick=\"saveApiKey()\">Save</button>",
    +                 "target": Array [
    +                   "button[onclick=\"saveApiKey()\"]",
    +                 ],
    +               },
    +             ],
    +           },
    +         ],
    +         "failureSummary": "Fix any of the following:
    +   Element has insufficient color contrast of 3.97 (foreground color: #ffffff, background color: #007bff, font size: 9.0pt (12px), font weight: normal). Expected contrast ratio of 4.5:1",
    +         "html": "<button onclick=\"saveApiKey()\">Save</button>",
    +         "impact": "serious",
    +         "none": Array [],
    +         "target": Array [
    +           "button[onclick=\"saveApiKey()\"]",
    +         ],
    +       },
    +       Object {
    +         "all": Array [],
    +         "any": Array [
    +           Object {
    +             "data": Object {
    +               "bgColor": "#007bff",
    +               "contrastRatio": 3.97,
    +               "expectedContrastRatio": "4.5:1",
    +               "fgColor": "#ffffff",
    +               "fontSize": "9.0pt (12px)",
    +               "fontWeight": "normal",
    +               "messageKey": null,
    +             },
    +             "id": "color-contrast",
    +             "impact": "serious",
    +             "message": "Element has insufficient color contrast of 3.97 (foreground color: #ffffff, background color: #007bff, font size: 9.0pt (12px), font weight: normal). Expected contrast ratio of 4.5:1",
    +             "relatedNodes": Array [
    +               Object {
    +                 "html": "<button onclick=\"testApiKey()\">Test</button>",
    +                 "target": Array [
    +                   "button[onclick=\"testApiKey()\"]",
    +                 ],
    +               },
    +             ],
    +           },
    +         ],
    +         "failureSummary": "Fix any of the following:
    +   Element has insufficient color contrast of 3.97 (foreground color: #ffffff, background color: #007bff, font size: 9.0pt (12px), font weight: normal). Expected contrast ratio of 4.5:1",
    +         "html": "<button onclick=\"testApiKey()\">Test</button>",
    +         "impact": "serious",
    +         "none": Array [],
    +         "target": Array [
    +           "button[onclick=\"testApiKey()\"]",
    +         ],
    +       },
    +       Object {
    +         "all": Array [],
    +         "any": Array [
    +           Object {
    +             "data": Object {
    +               "bgColor": "#007bff",
    +               "contrastRatio": 3.97,
    +               "expectedContrastRatio": "4.5:1",
    +               "fgColor": "#ffffff",
    +               "fontSize": "12.0pt (16px)",
    +               "fontWeight": "normal",
    +               "messageKey": null,
    +             },
    +             "id": "color-contrast",
    +             "impact": "serious",
    +             "message": "Element has insufficient color contrast of 3.97 (foreground color: #ffffff, background color: #007bff, font size: 12.0pt (16px), font weight: normal). Expected contrast ratio of 4.5:1",
    +             "relatedNodes": Array [
    +               Object {
    +                 "html": "<button id=\"next-btn\">Next</button>",
    +                 "target": Array [
    +                   "#next-btn",
    +                 ],
    +               },
    +             ],
    +           },
    +         ],
    +         "failureSummary": "Fix any of the following:
    +   Element has insufficient color contrast of 3.97 (foreground color: #ffffff, background color: #007bff, font size: 12.0pt (16px), font weight: normal). Expected contrast ratio of 4.5:1",
    +         "html": "<button id=\"next-btn\">Next</button>",
    +         "impact": "serious",
    +         "none": Array [],
    +         "target": Array [
    +           "#next-btn",
    +         ],
    +       },
    +       Object {
    +         "all": Array [],
    +         "any": Array [
    +           Object {
    +             "data": Object {
    +               "bgColor": "#4caf50",
    +               "contrastRatio": 2.77,
    +               "expectedContrastRatio": "4.5:1",
    +               "fgColor": "#ffffff",
    +               "fontSize": "8.3pt (11px)",
    +               "fontWeight": "normal",
    +               "messageKey": null,
    +             },
    +             "id": "color-contrast",
    +             "impact": "serious",
    +             "message": "Element has insufficient color contrast of 2.77 (foreground color: #ffffff, background color: #4caf50, font size: 8.3pt (11px), font weight: normal). Expected contrast ratio of 4.5:1",
    +             "relatedNodes": Array [
    +               Object {
    +                 "html": "<button onclick=\"exportJSON()\" style=\"background: #4CAF50; color: white;\">ðŸ“„ JSON</button>",
    +                 "target": Array [
    +                   "button[onclick=\"exportJSON()\"]",
    +                 ],
    +               },
    +             ],
    +           },
    +         ],
    +         "failureSummary": "Fix any of the following:
    +   Element has insufficient color contrast of 2.77 (foreground color: #ffffff, background color: #4caf50, font size: 8.3pt (11px), font weight: normal). Expected contrast ratio of 4.5:1",
    +         "html": "<button onclick=\"exportJSON()\" style=\"background: #4CAF50; color: white;\">ðŸ“„ JSON</button>",
    +         "impact": "serious",
    +         "none": Array [],
    +         "target": Array [
    +           "button[onclick=\"exportJSON()\"]",
    +         ],
    +       },
    +       Object {
    +         "all": Array [],
    +         "any": Array [
    +           Object {
    +             "data": Object {
    +               "bgColor": "#2196f3",
    +               "contrastRatio": 3.12,
    +               "expectedContrastRatio": "4.5:1",
    +               "fgColor": "#ffffff",
    +               "fontSize": "8.3pt (11px)",
    +               "fontWeight": "normal",
    +               "messageKey": null,
    +             },
    +             "id": "color-contrast",
    +             "impact": "serious",
    +             "message": "Element has insufficient color contrast of 3.12 (foreground color: #ffffff, background color: #2196f3, font size: 8.3pt (11px), font weight: normal). Expected contrast ratio of 4.5:1",
    +             "relatedNodes": Array [
    +               Object {
    +                 "html": "<button onclick=\"exportCSV()\" style=\"background: #2196F3; color: white;\">ðŸ“Š CSV</button>",
    +                 "target": Array [
    +                   "button[onclick=\"exportCSV()\"]",
    +                 ],
    +               },
    +             ],
    +           },
    +         ],
    +         "failureSummary": "Fix any of the following:
    +   Element has insufficient color contrast of 3.12 (foreground color: #ffffff, background color: #2196f3, font size: 8.3pt (11px), font weight: normal). Expected contrast ratio of 4.5:1",
    +         "html": "<button onclick=\"exportCSV()\" style=\"background: #2196F3; color: white;\">ðŸ“Š CSV</button>",
    +         "impact": "serious",
    +         "none": Array [],
    +         "target": Array [
    +           "button[onclick=\"exportCSV()\"]",
    +         ],
    +       },
    +       Object {
    +         "all": Array [],
    +         "any": Array [
    +           Object {
    +             "data": Object {
    +               "bgColor": "#ff9800",
    +               "contrastRatio": 2.15,
    +               "expectedContrastRatio": "4.5:1",
    +               "fgColor": "#ffffff",
    +               "fontSize": "8.3pt (11px)",
    +               "fontWeight": "normal",
    +               "messageKey": null,
    +             },
    +             "id": "color-contrast",
    +             "impact": "serious",
    +             "message": "Element has insufficient color contrast of 2.15 (foreground color: #ffffff, background color: #ff9800, font size: 8.3pt (11px), font weight: normal). Expected contrast ratio of 4.5:1",
    +             "relatedNodes": Array [
    +               Object {
    +                 "html": "<button onclick=\"exportAuditHTML()\" style=\"background: #FF9800; color: white;\">ðŸ“‹ Audit</button>",
    +                 "target": Array [
    +                   "button[onclick=\"exportAuditHTML()\"]",
    +                 ],
    +               },
    +             ],
    +           },
    +         ],
    +         "failureSummary": "Fix any of the following:
    +   Element has insufficient color contrast of 2.15 (foreground color: #ffffff, background color: #ff9800, font size: 8.3pt (11px), font weight: normal). Expected contrast ratio of 4.5:1",
    +         "html": "<button onclick=\"exportAuditHTML()\" style=\"background: #FF9800; color: white;\">ðŸ“‹ Audit</button>",
    +         "impact": "serious",
    +         "none": Array [],
    +         "target": Array [
    +           "button[onclick=\"exportAuditHTML()\"]",
    +         ],
    +       },
    +       Object {
    +         "all": Array [],
    +         "any": Array [
    +           Object {
    +             "data": Object {
    +               "bgColor": "#e91e63",
    +               "contrastRatio": 4.34,
    +               "expectedContrastRatio": "4.5:1",
    +               "fgColor": "#ffffff",
    +               "fontSize": "8.3pt (11px)",
    +               "fontWeight": "normal",
    +               "messageKey": null,
    +             },
    +             "id": "color-contrast",
    +             "impact": "serious",
    +             "message": "Element has insufficient color contrast of 4.34 (foreground color: #ffffff, background color: #e91e63, font size: 8.3pt (11px), font weight: normal). Expected contrast ratio of 4.5:1",
    +             "relatedNodes": Array [
    +               Object {
    +                 "html": "<button onclick=\"exportSystematicReview()\" style=\"background: #E91E63; color: white; width: 100%; font-size: 11px; padding: 6px; margin-top: 5px;\">
    +                 ðŸ“‹ Complete SR Export
    +             </button>",
    +                 "target": Array [
    +                   "button[onclick=\"exportSystematicReview()\"]",
    +                 ],
    +               },
    +             ],
    +           },
    +         ],
    +         "failureSummary": "Fix any of the following:
    +   Element has insufficient color contrast of 4.34 (foreground color: #ffffff, background color: #e91e63, font size: 8.3pt (11px), font weight: normal). Expected contrast ratio of 4.5:1",
    +         "html": "<button onclick=\"exportSystematicReview()\" style=\"background: #E91E63; color: white; width: 100%; font-size: 11px; padding: 6px; margin-top: 5px;\">
    +                 ðŸ“‹ Complete SR Export
    +             </button>",
    +         "impact": "serious",
    +         "none": Array [],
    +         "target": Array [
    +           "button[onclick=\"exportSystematicReview()\"]",
    +         ],
    +       },
    +       Object {
    +         "all": Array [],
    +         "any": Array [
    +           Object {
    +             "data": Object {
    +               "bgColor": "#607d8b",
    +               "contrastRatio": 4.37,
    +               "expectedContrastRatio": "4.5:1",
    +               "fgColor": "#ffffff",
    +               "fontSize": "9.0pt (12px)",
    +               "fontWeight": "normal",
    +               "messageKey": null,
    +             },
    +             "id": "color-contrast",
    +             "impact": "serious",
    +             "message": "Element has insufficient color contrast of 4.37 (foreground color: #ffffff, background color: #607d8b, font size: 9.0pt (12px), font weight: normal). Expected contrast ratio of 4.5:1",
    +             "relatedNodes": Array [
    +               Object {
    +                 "html": "<button onclick=\"undoLastExtraction()\" style=\"background: #607D8B; font-size: 12px; padding: 6px 12px;\">
    +                 â†¶ Undo Last
    +             </button>",
    +                 "target": Array [
    +                   "button[onclick=\"undoLastExtraction()\"]",
    +                 ],
    +               },
    +             ],
    +           },
    +         ],
    +         "failureSummary": "Fix any of the following:
    +   Element has insufficient color contrast of 4.37 (foreground color: #ffffff, background color: #607d8b, font size: 9.0pt (12px), font weight: normal). Expected contrast ratio of 4.5:1",
    +         "html": "<button onclick=\"undoLastExtraction()\" style=\"background: #607D8B; font-size: 12px; padding: 6px 12px;\">
    +                 â†¶ Undo Last
    +             </button>",
    +         "impact": "serious",
    +         "none": Array [],
    +         "target": Array [
    +           "button[onclick=\"undoLastExtraction()\"]",
    +         ],
    +       },
    +       Object {
    +         "all": Array [],
    +         "any": Array [
    +           Object {
    +             "data": Object {
    +               "bgColor": "#f44336",
    +               "contrastRatio": 3.68,
    +               "expectedContrastRatio": "4.5:1",
    +               "fgColor": "#ffffff",
    +               "fontSize": "9.0pt (12px)",
    +               "fontWeight": "normal",
    +               "messageKey": null,
    +             },
    +             "id": "color-contrast",
    +             "impact": "serious",
    +             "message": "Element has insufficient color contrast of 3.68 (foreground color: #ffffff, background color: #f44336, font size: 9.0pt (12px), font weight: normal). Expected contrast ratio of 4.5:1",
    +             "relatedNodes": Array [
    +               Object {
    +                 "html": "<button onclick=\"clearAllExtractions()\" style=\"background: #f44336; font-size: 12px; padding: 6px 12px;\">
    +                 ðŸ—‘ Clear All
    +             </button>",
    +                 "target": Array [
    +                   "button[onclick=\"clearAllExtractions()\"]",
    +                 ],
    +               },
    +             ],
    +           },
    +         ],
    +         "failureSummary": "Fix any of the following:
    +   Element has insufficient color contrast of 3.68 (foreground color: #ffffff, background color: #f44336, font size: 9.0pt (12px), font weight: normal). Expected contrast ratio of 4.5:1",
    +         "html": "<button onclick=\"clearAllExtractions()\" style=\"background: #f44336; font-size: 12px; padding: 6px 12px;\">
    +                 ðŸ—‘ Clear All
    +             </button>",
    +         "impact": "serious",
    +         "none": Array [],
    +         "target": Array [
    +           "button[onclick=\"clearAllExtractions()\"]",
    +         ],
    +       },
    +       Object {
    +         "all": Array [],
    +         "any": Array [
    +           Object {
    +             "data": Object {
    +               "bgColor": "#2196f3",
    +               "contrastRatio": 3.12,
    +               "expectedContrastRatio": "4.5:1",
    +               "fgColor": "#ffffff",
    +               "fontSize": "12.0pt (16px)",
    +               "fontWeight": "normal",
    +               "messageKey": null,
    +             },
    +             "id": "color-contrast",
    +             "impact": "serious",
    +             "message": "Element has insufficient color contrast of 3.12 (foreground color: #ffffff, background color: #2196f3, font size: 12.0pt (16px), font weight: normal). Expected contrast ratio of 4.5:1",
    +             "relatedNodes": Array [
    +               Object {
    +                 "html": "<div id=\"extraction-status\" class=\"extraction-status show\" style=\"background: rgb(33, 150, 243); color: white;\">
    +     <span id=\"status-message\">System ready. Select an article from the list or load a PDF to begin extraction.</span>
    + </div>",
    +                 "target": Array [
    +                   "#extraction-status",
    +                 ],
    +               },
    +             ],
    +           },
    +         ],
    +         "failureSummary": "Fix any of the following:
    +   Element has insufficient color contrast of 3.12 (foreground color: #ffffff, background color: #2196f3, font size: 12.0pt (16px), font weight: normal). Expected contrast ratio of 4.5:1",
    +         "html": "<span id=\"status-message\">System ready. Select an article from the list or load a PDF to begin extraction.</span>",
    +         "impact": "serious",
    +         "none": Array [],
    +         "target": Array [
    +           "#status-message",
    +         ],
    +       },
    +     ],
    +     "tags": Array [
    +       "cat.color",
    +       "wcag2aa",
    +       "wcag143",
    +       "TTv5",
    +       "TT13.c",
    +       "EN-301-549",
    +       "EN-9.1.4.3",
    +       "ACT",
    +     ],
    +   },
    +   Object {
    +     "description": "Ensure the order of headings is semantically correct",
    +     "help": "Heading levels should only increase by one",
    +     "helpUrl": "https://dequeuniversity.com/rules/axe/4.10/heading-order?application=playwright",
    +     "id": "heading-order",
    +     "impact": "moderate",
    +     "nodes": Array [
    +       Object {
    +         "all": Array [],
    +         "any": Array [
    +           Object {
    +             "data": null,
    +             "id": "heading-order",
    +             "impact": "moderate",
    +             "message": "Heading order invalid",
    +             "relatedNodes": Array [],
    +           },
    +         ],
    +         "failureSummary": "Fix any of the following:
    +   Heading order invalid",
    +         "html": "<h3 style=\"margin: 0 0 10px 0; color: #2e7d32; font-size: 16px;\">ðŸ“š Systematic Review Progress</h3>",
    +         "impact": "moderate",
    +         "none": Array [],
    +         "target": Array [
    +           "#sr-progress-section > h3",
    +         ],
    +       },
    +       Object {
    +         "all": Array [],
    +         "any": Array [
    +           Object {
    +             "data": null,
    +             "id": "heading-order",
    +             "impact": "moderate",
    +             "message": "Heading order invalid",
    +             "relatedNodes": Array [],
    +           },
    +         ],
    +         "failureSummary": "Fix any of the following:
    +   Heading order invalid",
    +         "html": "<h4 style=\"margin: 0 0 10px 0; font-size: 14px;\">Export Options</h4>",
    +         "impact": "moderate",
    +         "none": Array [],
    +         "target": Array [
    +           "h4",
    +         ],
    +       },
    +     ],
    +     "tags": Array [
    +       "cat.semantics",
    +       "best-practice",
    +     ],
    +   },
    +   Object {
    +     "description": "Ensure every HTML document has a lang attribute",
    +     "help": "<html> element must have a lang attribute",
    +     "helpUrl": "https://dequeuniversity.com/rules/axe/4.10/html-has-lang?application=playwright",
    +     "id": "html-has-lang",
    +     "impact": "serious",
    +     "nodes": Array [
    +       Object {
    +         "all": Array [],
    +         "any": Array [
    +           Object {
    +             "data": Object {
    +               "messageKey": "noLang",
    +             },
    +             "id": "has-lang",
    +             "impact": "serious",
    +             "message": "The <html> element does not have a lang attribute",
    +             "relatedNodes": Array [],
    +           },
    +         ],
    +         "failureSummary": "Fix any of the following:
    +   The <html> element does not have a lang attribute",
    +         "html": "<html>",
    +         "impact": "serious",
    +         "none": Array [],
    +         "target": Array [
    +           "html",
    +         ],
    +       },
    +     ],
    +     "tags": Array [
    +       "cat.language",
    +       "wcag2a",
    +       "wcag311",
    +       "TTv5",
    +       "TT11.a",
    +       "EN-301-549",
    +       "EN-9.3.1.1",
    +       "ACT",
    +     ],
    +   },
    +   Object {
    +     "description": "Ensure every form element has a label",
    +     "help": "Form elements must have labels",
    +     "helpUrl": "https://dequeuniversity.com/rules/axe/4.10/label?application=playwright",
    +     "id": "label",
    +     "impact": "critical",
    +     "nodes": Array [
    +       Object {
    +         "all": Array [],
    +         "any": Array [
    +           Object {
    +             "data": null,
    +             "id": "implicit-label",
    +             "impact": "critical",
    +             "message": "Element does not have an implicit (wrapped) <label>",
    +             "relatedNodes": Array [],
    +           },
    +           Object {
    +             "data": null,
    +             "id": "explicit-label",
    +             "impact": "critical",
    +             "message": "Element does not have an explicit <label>",
    +             "relatedNodes": Array [],
    +           },
    +           Object {
    +             "data": null,
    +             "id": "aria-label",
    +             "impact": "critical",
    +             "message": "aria-label attribute does not exist or is empty",
    +             "relatedNodes": Array [],
    +           },
    +           Object {
    +             "data": null,
    +             "id": "aria-labelledby",
    +             "impact": "critical",
    +             "message": "aria-labelledby attribute does not exist, references elements that do not exist or references elements that are empty",
    +             "relatedNodes": Array [],
    +           },
    +           Object {
    +             "data": Object {
    +               "messageKey": "noAttr",
    +             },
    +             "id": "non-empty-title",
    +             "impact": "critical",
    +             "message": "Element has no title attribute",
    +             "relatedNodes": Array [],
    +           },
    +           Object {
    +             "data": Object {
    +               "messageKey": "noAttr",
    +             },
    +             "id": "non-empty-placeholder",
    +             "impact": "critical",
    +             "message": "Element has no placeholder attribute",
    +             "relatedNodes": Array [],
    +           },
    +           Object {
    +             "data": null,
    +             "id": "presentational-role",
    +             "impact": "critical",
    +             "message": "Element's default semantics were not overridden with role=\"none\" or role=\"presentation\"",
    +             "relatedNodes": Array [],
    +           },
    +         ],
    +         "failureSummary": "Fix any of the following:
    +   Element does not have an implicit (wrapped) <label>
    +   Element does not have an explicit <label>
    +   aria-label attribute does not exist or is empty
    +   aria-labelledby attribute does not exist, references elements that do not exist or references elements that are empty
    +   Element has no title attribute
    +   Element has no placeholder attribute
    +   Element's default semantics were not overridden with role=\"none\" or role=\"presentation\"",
    +         "html": "<input type=\"number\" id=\"page-num\" value=\"1\" style=\"width: 50px; text-align: center;\">",
    +         "impact": "critical",
    +         "none": Array [],
    +         "target": Array [
    +           "#page-num",
    +         ],
    +       },
    +     ],
    +     "tags": Array [
    +       "cat.forms",
    +       "wcag2a",
    +       "wcag412",
    +       "section508",
    +       "section508.22.n",
    +       "TTv5",
    +       "TT5.c",
    +       "EN-301-549",
    +       "EN-9.4.1.2",
    +       "ACT",
    +     ],
    +   },
    +   Object {
    +     "description": "Ensure the document has a main landmark",
    +     "help": "Document should have one main landmark",
    +     "helpUrl": "https://dequeuniversity.com/rules/axe/4.10/landmark-one-main?application=playwright",
    +     "id": "landmark-one-main",
    +     "impact": "moderate",
    +     "nodes": Array [
    +       Object {
    +         "all": Array [
    +           Object {
    +             "data": null,
    +             "id": "page-has-main",
    +             "impact": "moderate",
    +             "message": "Document does not have a main landmark",
    +             "relatedNodes": Array [],
    +           },
    +         ],
    +         "any": Array [],
    +         "failureSummary": "Fix all of the following:
    +   Document does not have a main landmark",
    +         "html": "<html>",
    +         "impact": "moderate",
    +         "none": Array [],
    +         "target": Array [
    +           "html",
    +         ],
    +       },
    +     ],
    +     "tags": Array [
    +       "cat.semantics",
    +       "best-practice",
    +     ],
    +   },
    +   Object {
    +     "description": "Ensure all page content is contained by landmarks",
    +     "help": "All page content should be contained by landmarks",
    +     "helpUrl": "https://dequeuniversity.com/rules/axe/4.10/region?application=playwright",
    +     "id": "region",
    +     "impact": "moderate",
    +     "nodes": Array [
    +       Object {
    +         "all": Array [],
    +         "any": Array [
    +           Object {
    +             "data": Object {
    +               "isIframe": false,
    +             },
    +             "id": "region",
    +             "impact": "moderate",
    +             "message": "Some page content is not contained by landmarks",
    +             "relatedNodes": Array [],
    +           },
    +         ],
    +         "failureSummary": "Fix any of the following:
    +   Some page content is not contained by landmarks",
    +         "html": "<h1>Clinical Study Master Extraction</h1>",
    +         "impact": "moderate",
    +         "none": Array [],
    +         "target": Array [
    +           "h1",
    +         ],
    +       },
    +       Object {
    +         "all": Array [],
    +         "any": Array [
    +           Object {
    +             "data": Object {
    +               "isIframe": false,
    +             },
    +             "id": "region",
    +             "impact": "moderate",
    +             "message": "Some page content is not contained by landmarks",
    +             "relatedNodes": Array [],
    +           },
    +         ],
    +         "failureSummary": "Fix any of the following:
    +   Some page content is not contained by landmarks",
    +         "html": "<p style=\"font-size: 14px; color: #666; margin-bottom: 15px;\">
    +             Complete extraction system with AI assistance and full traceability.
    +         </p>",
    +         "impact": "moderate",
    +         "none": Array [],
    +         "target": Array [
    +           ".form-panel > p",
    +         ],
    +       },
    +       Object {
    +         "all": Array [],
    +         "any": Array [
    +           Object {
    +             "data": Object {
    +               "isIframe": false,
    +             },
    +             "id": "region",
    +             "impact": "moderate",
    +             "message": "Some page content is not contained by landmarks",
    +             "relatedNodes": Array [],
    +           },
    +         ],
    +         "failureSummary": "Fix any of the following:
    +   Some page content is not contained by landmarks",
    +         "html": "<h3 style=\"margin: 0 0 10px 0; color: #2e7d32; font-size: 16px;\">ðŸ“š Systematic Review Progress</h3>",
    +         "impact": "moderate",
    +         "none": Array [],
    +         "target": Array [
    +           "#sr-progress-section > h3",
    +         ],
    +       },
    +       Object {
    +         "all": Array [],
    +         "any": Array [
    +           Object {
    +             "data": Object {
    +               "isIframe": false,
    +             },
    +             "id": "region",
    +             "impact": "moderate",
    +             "message": "Some page content is not contained by landmarks",
    +             "relatedNodes": Array [],
    +           },
    +         ],
    +         "failureSummary": "Fix any of the following:
    +   Some page content is not contained by landmarks",
    +         "html": "<div style=\"display: flex; justify-content: space-between; margin-bottom: 10px;\">",
    +         "impact": "moderate",
    +         "none": Array [],
    +         "target": Array [
    +           "#sr-progress-section > div:nth-child(2)",
    +         ],
    +       },
    +       Object {
    +         "all": Array [],
    +         "any": Array [
    +           Object {
    +             "data": Object {
    +               "isIframe": false,
    +             },
    +             "id": "region",
    +             "impact": "moderate",
    +             "message": "Some page content is not contained by landmarks",
    +             "relatedNodes": Array [],
    +           },
    +         ],
    +         "failureSummary": "Fix any of the following:
    +   Some page content is not contained by landmarks",
    +         "html": "<h3>ðŸ¤– AI Configuration (Gemini)</h3>",
    +         "impact": "moderate",
    +         "none": Array [],
    +         "target": Array [
    +           "#api-key-section > h3",
    +         ],
    +       },
    +       Object {
    +         "all": Array [],
    +         "any": Array [
    +           Object {
    +             "data": Object {
    +               "isIframe": false,
    +             },
    +             "id": "region",
    +             "impact": "moderate",
    +             "message": "Some page content is not contained by landmarks",
    +             "relatedNodes": Array [],
    +           },
    +         ],
    +         "failureSummary": "Fix any of the following:
    +   Some page content is not contained by landmarks",
    +         "html": "<input type=\"password\" id=\"api-key-input\" placeholder=\"Enter Gemini API key\">",
    +         "impact": "moderate",
    +         "none": Array [],
    +         "target": Array [
    +           "#api-key-input",
    +         ],
    +       },
    +       Object {
    +         "all": Array [],
    +         "any": Array [
    +           Object {
    +             "data": Object {
    +               "isIframe": false,
    +             },
    +             "id": "region",
    +             "impact": "moderate",
    +             "message": "Some page content is not contained by landmarks",
    +             "relatedNodes": Array [],
    +           },
    +         ],
    +         "failureSummary": "Fix any of the following:
    +   Some page content is not contained by landmarks",
    +         "html": "<form id=\"extraction-form\">",
    +         "impact": "moderate",
    +         "none": Array [],
    +         "target": Array [
    +           "#extraction-form",
    +         ],
    +       },
    +       Object {
    +         "all": Array [],
    +         "any": Array [
    +           Object {
    +             "data": Object {
    +               "isIframe": false,
    +             },
    +             "id": "region",
    +             "impact": "moderate",
    +             "message": "Some page content is not contained by landmarks",
    +             "relatedNodes": Array [],
    +           },
    +         ],
    +         "failureSummary": "Fix any of the following:
    +   Some page content is not contained by landmarks",
    +         "html": "<div id=\"step-indicator\">Step 1 of 8</div>",
    +         "impact": "moderate",
    +         "none": Array [],
    +         "target": Array [
    +           "#step-indicator",
    +         ],
    +       },
    +       Object {
    +         "all": Array [],
    +         "any": Array [
    +           Object {
    +             "data": Object {
    +               "isIframe": false,
    +             },
    +             "id": "region",
    +             "impact": "moderate",
    +             "message": "Some page content is not contained by landmarks",
    +             "relatedNodes": Array [],
    +           },
    +         ],
    +         "failureSummary": "Fix any of the following:
    +   Some page content is not contained by landmarks",
    +         "html": "<span style=\"color: white;\">
    +                 Page <input type=\"number\" id=\"page-num\" value=\"1\" style=\"width: 50px; text-align: center;\"> 
    +                 of <span id=\"total-pages\">0</span>
    +             </span>",
    +         "impact": "moderate",
    +         "none": Array [],
    +         "target": Array [
    +           ".pdf-toolbar > span",
    +         ],
    +       },
    +       Object {
    +         "all": Array [],
    +         "any": Array [
    +           Object {
    +             "data": Object {
    +               "isIframe": false,
    +             },
    +             "id": "region",
    +             "impact": "moderate",
    +             "message": "Some page content is not contained by landmarks",
    +             "relatedNodes": Array [],
    +           },
    +         ],
    +         "failureSummary": "Fix any of the following:
    +   Some page content is not contained by landmarks",
    +         "html": "<select id=\"zoom-level\" onchange=\"changeZoom(this.value)\">",
    +         "impact": "moderate",
    +         "none": Array [],
    +         "target": Array [
    +           "#zoom-level",
    +         ],
    +       },
    +       Object {
    +         "all": Array [],
    +         "any": Array [
    +           Object {
    +             "data": Object {
    +               "isIframe": false,
    +             },
    +             "id": "region",
    +             "impact": "moderate",
    +             "message": "Some page content is not contained by landmarks",
    +             "relatedNodes": Array [],
    +           },
    +         ],
    +         "failureSummary": "Fix any of the following:
    +   Some page content is not contained by landmarks",
    +         "html": "<input type=\"text\" id=\"pdf-search-input\" placeholder=\"Search PDF...\">",
    +         "impact": "moderate",
    +         "none": Array [],
    +         "target": Array [
    +           "#pdf-search-input",
    +         ],
    +       },
    +       Object {
    +         "all": Array [],
    +         "any": Array [
    +           Object {
    +             "data": Object {
    +               "isIframe": false,
    +             },
    +             "id": "region",
    +             "impact": "moderate",
    +             "message": "Some page content is not contained by landmarks",
    +             "relatedNodes": Array [],
    +           },
    +         ],
    +         "failureSummary": "Fix any of the following:
    +   Some page content is not contained by landmarks",
    +         "html": "<h2 style=\"font-size: 18px; margin-top: 0;\">Extraction Trace Log</h2>",
    +         "impact": "moderate",
    +         "none": Array [],
    +         "target": Array [
    +           ".trace-panel > h2",
    +         ],
    +       },
    +       Object {
    +         "all": Array [],
    +         "any": Array [
    +           Object {
    +             "data": Object {
    +               "isIframe": false,
    +             },
    +             "id": "region",
    +             "impact": "moderate",
    +             "message": "Some page content is not contained by landmarks",
    +             "relatedNodes": Array [],
    +           },
    +         ],
    +         "failureSummary": "Fix any of the following:
    +   Some page content is not contained by landmarks",
    +         "html": "<h4 style=\"margin: 0 0 10px 0; font-size: 14px;\">Export Options</h4>",
    +         "impact": "moderate",
    +         "none": Array [],
    +         "target": Array [
    +           "h4",
    +         ],
    +       },
    +       Object {
    +         "all": Array [],
    +         "any": Array [
    +           Object {
    +             "data": Object {
    +               "isIframe": false,
    +             },
    +             "id": "region",
    +             "impact": "moderate",
    +             "message": "Some page content is not contained by landmarks",
    +             "relatedNodes": Array [],
    +           },
    +         ],
    +         "failureSummary": "Fix any of the following:
    +   Some page content is not contained by landmarks",
    +         "html": "<div style=\"background: #f5f5f5; padding: 10px; border-radius: 4px; margin-bottom: 15px;\">",
    +         "impact": "moderate",
    +         "none": Array [],
    +         "target": Array [
    +           ".trace-panel > div:nth-child(3)",
    +         ],
    +       },
    +       Object {
    +         "all": Array [],
    +         "any": Array [
    +           Object {
    +             "data": Object {
    +               "isIframe": false,
    +             },
    +             "id": "region",
    +             "impact": "moderate",
    +             "message": "Some page content is not contained by landmarks",
    +             "relatedNodes": Array [],
    +           },
    +         ],
    +         "failureSummary": "Fix any of the following:
    +   Some page content is not contained by landmarks",
    +         "html": "<div id=\"extraction-status\" class=\"extraction-status show\" style=\"background: rgb(33, 150, 243); color: white;\">
    +     <span id=\"status-message\">System ready. Select an article from the list or load a PDF to begin extraction.</span>
    + </div>",
    +         "impact": "moderate",
    +         "none": Array [],
    +         "target": Array [
    +           "#extraction-status",
    +         ],
    +       },
    +     ],
    +     "tags": Array [
    +       "cat.keyboard",
    +       "best-practice",
    +     ],
    +   },
    +   Object {
    +     "description": "Ensure select element has an accessible name",
    +     "help": "Select element must have an accessible name",
    +     "helpUrl": "https://dequeuniversity.com/rules/axe/4.10/select-name?application=playwright",
    +     "id": "select-name",
    +     "impact": "critical",
    +     "nodes": Array [
    +       Object {
    +         "all": Array [],
    +         "any": Array [
    +           Object {
    +             "data": null,
    +             "id": "implicit-label",
    +             "impact": "critical",
    +             "message": "Element does not have an implicit (wrapped) <label>",
    +             "relatedNodes": Array [],
    +           },
    +           Object {
    +             "data": null,
    +             "id": "explicit-label",
    +             "impact": "critical",
    +             "message": "Element does not have an explicit <label>",
    +             "relatedNodes": Array [],
    +           },
    +           Object {
    +             "data": null,
    +             "id": "aria-label",
    +             "impact": "critical",
    +             "message": "aria-label attribute does not exist or is empty",
    +             "relatedNodes": Array [],
    +           },
    +           Object {
    +             "data": null,
    +             "id": "aria-labelledby",
    +             "impact": "critical",
    +             "message": "aria-labelledby attribute does not exist, references elements that do not exist or references elements that are empty",
    +             "relatedNodes": Array [],
    +           },
    +           Object {
    +             "data": Object {
    +               "messageKey": "noAttr",
    +             },
    +             "id": "non-empty-title",
    +             "impact": "critical",
    +             "message": "Element has no title attribute",
    +             "relatedNodes": Array [],
    +           },
    +           Object {
    +             "data": null,
    +             "id": "presentational-role",
    +             "impact": "critical",
    +             "message": "Element's default semantics were not overridden with role=\"none\" or role=\"presentation\"",
    +             "relatedNodes": Array [],
    +           },
    +         ],
    +         "failureSummary": "Fix any of the following:
    +   Element does not have an implicit (wrapped) <label>
    +   Element does not have an explicit <label>
    +   aria-label attribute does not exist or is empty
    +   aria-labelledby attribute does not exist, references elements that do not exist or references elements that are empty
    +   Element has no title attribute
    +   Element's default semantics were not overridden with role=\"none\" or role=\"presentation\"",
    +         "html": "<select id=\"zoom-level\" onchange=\"changeZoom(this.value)\">",
    +         "impact": "critical",
    +         "none": Array [],
    +         "target": Array [
    +           "#zoom-level",
    +         ],
    +       },
    +     ],
    +     "tags": Array [
    +       "cat.forms",
    +       "wcag2a",
    +       "wcag412",
    +       "section508",
    +       "section508.22.n",
    +       "TTv5",
    +       "TT5.c",
    +       "EN-301-549",
    +       "EN-9.4.1.2",
    +       "ACT",
    +     ],
    +   },
    + ]

      11 |     const accessibilityScanResults = await new AxeBuilder({ page }).analyze();
      12 |     
    > 13 |     expect(accessibilityScanResults.violations).toEqual([]);
         |                                                 ^
      14 |   });
      15 |
      16 |   test('should be keyboard navigable', async ({ page }) => {
        at /Users/matheusrech/Downloads/form-to-sr-extraction/tests/accessibility.spec.js:13:49

    attachment #1: screenshot (image/png) ──────────────────────────────────────────────────────────
    ../test-results/accessibility-Accessibilit-ba859-ve-accessibility-violations-webkit/test-failed-1.png
    ────────────────────────────────────────────────────────────────────────────────────────────────

    attachment #2: video (video/webm) ──────────────────────────────────────────────────────────────
    ../test-results/accessibility-Accessibilit-ba859-ve-accessibility-violations-webkit/video.webm
    ────────────────────────────────────────────────────────────────────────────────────────────────

    attachment #3: video (video/webm) ──────────────────────────────────────────────────────────────
    ../test-results/accessibility-Accessibilit-ba859-ve-accessibility-violations-webkit/video-1.webm
    ────────────────────────────────────────────────────────────────────────────────────────────────

    Error Context: ../test-results/accessibility-Accessibilit-ba859-ve-accessibility-violations-webkit/error-context.md
]]>
</failure>
<system-err>
<![CDATA[
Warning: attachment test-results/accessibility-Accessibilit-ba859-ve-accessibility-violations-webkit/test-failed-1.png is missing
Warning: attachment test-results/accessibility-Accessibilit-ba859-ve-accessibility-violations-webkit/video.webm is missing
Warning: attachment test-results/accessibility-Accessibilit-ba859-ve-accessibility-violations-webkit/video-1.webm is missing
Warning: attachment test-results/accessibility-Accessibilit-ba859-ve-accessibility-violations-webkit/error-context.md is missing]]>
</system-err>
</testcase>
<testcase name="Accessibility Tests › should be keyboard navigable" classname="accessibility.spec.js" time="1.437">
</testcase>
<testcase name="Accessibility Tests › should have proper ARIA labels" classname="accessibility.spec.js" time="5.671">
<failure message="accessibility.spec.js:32:3 should have proper ARIA labels" type="FAILURE">
<![CDATA[  [webkit] › accessibility.spec.js:32:3 › Accessibility Tests › should have proper ARIA labels ─────

    Error: expect(locator).toBeVisible() failed

    Locator:  locator('label[for="api-key-input"]')
    Expected: visible
    Received: <element(s) not found>
    Timeout:  5000ms

    Call log:
      - Expect "toBeVisible" with timeout 5000ms
      - waiting for locator('label[for="api-key-input"]')


      40 |       if (id) {
      41 |         const label = page.locator(`label[for="${id}"]`);
    > 42 |         await expect(label).toBeVisible();
         |                             ^
      43 |       }
      44 |     }
      45 |   });
        at /Users/matheusrech/Downloads/form-to-sr-extraction/tests/accessibility.spec.js:42:29

    attachment #1: screenshot (image/png) ──────────────────────────────────────────────────────────
    ../test-results/accessibility-Accessibilit-10e6e-uld-have-proper-ARIA-labels-webkit/test-failed-1.png
    ────────────────────────────────────────────────────────────────────────────────────────────────

    attachment #2: video (video/webm) ──────────────────────────────────────────────────────────────
    ../test-results/accessibility-Accessibilit-10e6e-uld-have-proper-ARIA-labels-webkit/video.webm
    ────────────────────────────────────────────────────────────────────────────────────────────────

    Error Context: ../test-results/accessibility-Accessibilit-10e6e-uld-have-proper-ARIA-labels-webkit/error-context.md
]]>
</failure>
<system-err>
<![CDATA[
Warning: attachment test-results/accessibility-Accessibilit-10e6e-uld-have-proper-ARIA-labels-webkit/test-failed-1.png is missing
Warning: attachment test-results/accessibility-Accessibilit-10e6e-uld-have-proper-ARIA-labels-webkit/video.webm is missing
Warning: attachment test-results/accessibility-Accessibilit-10e6e-uld-have-proper-ARIA-labels-webkit/error-context.md is missing]]>
</system-err>
</testcase>
<testcase name="Accessibility Tests › should support screen readers" classname="accessibility.spec.js" time="0.757">
</testcase>
</testsuite>
<testsuite name="e2e-user-journey.spec.js" timestamp="2025-09-28T21:31:01.926Z" hostname="webkit" tests="1" failures="0" skipped="0" time="3.437" errors="0">
<testcase name="Clinical researcher journey › processes a queued article end-to-end" classname="e2e-user-journey.spec.js" time="3.437">
</testcase>
</testsuite>
<testsuite name="performance.spec.js" timestamp="2025-09-28T21:31:01.926Z" hostname="webkit" tests="4" failures="0" skipped="0" time="5.307" errors="0">
<testcase name="Performance Tests › should load within acceptable time" classname="performance.spec.js" time="0.99">
</testcase>
<testcase name="Performance Tests › should handle large form interactions efficiently" classname="performance.spec.js" time="1.866">
</testcase>
<testcase name="Performance Tests › should maintain performance with many extractions" classname="performance.spec.js" time="1.009">
</testcase>
<testcase name="Performance Tests › should handle localStorage efficiently" classname="performance.spec.js" time="1.442">
</testcase>
</testsuite>
<testsuite name="01-basic-functionality.spec.js" timestamp="2025-09-28T21:31:01.926Z" hostname="Mobile Chrome" tests="6" failures="2" skipped="0" time="10.78" errors="0">
<testcase name="Basic Application Functionality › should load the application successfully" classname="01-basic-functionality.spec.js" time="1.11">
</testcase>
<testcase name="Basic Application Functionality › should display systematic review progress section" classname="01-basic-functionality.spec.js" time="0.935">
</testcase>
<testcase name="Basic Application Functionality › should show API key configuration section" classname="01-basic-functionality.spec.js" time="0.957">
</testcase>
<testcase name="Basic Application Functionality › should display form with linked inputs" classname="01-basic-functionality.spec.js" time="5.926">
<failure message="01-basic-functionality.spec.js:38:3 should display form with linked inputs" type="FAILURE">
<![CDATA[  [Mobile Chrome] › 01-basic-functionality.spec.js:38:3 › Basic Application Functionality › should display form with linked inputs 

    Error: expect(locator).toHaveCount(expected) failed

    Locator:  locator('.linked-input')
    Expected: 9
    Received: 10
    Timeout:  5000ms

    Call log:
      - Expect "toHaveCount" with timeout 5000ms
      - waiting for locator('.linked-input')
        9 × locator resolved to 10 elements
          - unexpected value "10"


      43 |     
      44 |     // Check linked-input class
    > 45 |     await expect(page.locator('.linked-input')).toHaveCount(9); // Step 1 has 9 fields
         |                                                 ^
      46 |   });
      47 |
      48 |   test('should show export options in trace panel', async ({ page }) => {
        at /Users/matheusrech/Downloads/form-to-sr-extraction/tests/01-basic-functionality.spec.js:45:49

    attachment #1: screenshot (image/png) ──────────────────────────────────────────────────────────
    ../test-results/01-basic-functionality-Bas-bdedb-lay-form-with-linked-inputs-Mobile-Chrome/test-failed-1.png
    ────────────────────────────────────────────────────────────────────────────────────────────────

    attachment #2: video (video/webm) ──────────────────────────────────────────────────────────────
    ../test-results/01-basic-functionality-Bas-bdedb-lay-form-with-linked-inputs-Mobile-Chrome/video.webm
    ────────────────────────────────────────────────────────────────────────────────────────────────

    Error Context: ../test-results/01-basic-functionality-Bas-bdedb-lay-form-with-linked-inputs-Mobile-Chrome/error-context.md
]]>
</failure>
<system-err>
<![CDATA[
Warning: attachment test-results/01-basic-functionality-Bas-bdedb-lay-form-with-linked-inputs-Mobile-Chrome/test-failed-1.png is missing
Warning: attachment test-results/01-basic-functionality-Bas-bdedb-lay-form-with-linked-inputs-Mobile-Chrome/video.webm is missing
Warning: attachment test-results/01-basic-functionality-Bas-bdedb-lay-form-with-linked-inputs-Mobile-Chrome/error-context.md is missing]]>
</system-err>
</testcase>
<testcase name="Basic Application Functionality › should show export options in trace panel" classname="01-basic-functionality.spec.js" time="0.93">
<failure message="01-basic-functionality.spec.js:48:3 should show export options in trace panel" type="FAILURE">
<![CDATA[  [Mobile Chrome] › 01-basic-functionality.spec.js:48:3 › Basic Application Functionality › should show export options in trace panel 

    Error: expect.toBeVisible: Error: strict mode violation: getByText('CSV') resolved to 3 elements:
        1) <button onclick="exportCSV()">ðŸ“Š CSV</button> aka getByRole('button', { name: 'ðŸ“Š CSV' })
        2) <button onclick="exportMainDatabase()">↵                    ðŸ“Š Main Data CSV↵         …</button> aka getByRole('button', { name: 'ðŸ“Š Main Data CSV' })
        3) <button onclick="exportTraceDatabase()">↵                    ðŸ“ Trace Data CSV↵        …</button> aka getByRole('button', { name: 'ðŸ“ Trace Data CSV' })

    Call log:
      - Expect "toBeVisible" with timeout 5000ms
      - waiting for getByText('CSV')


      52 |     // Check export buttons
      53 |     await expect(page.getByText('JSON')).toBeVisible();
    > 54 |     await expect(page.getByText('CSV')).toBeVisible();
         |                                         ^
      55 |     await expect(page.getByText('Audit')).toBeVisible();
      56 |     await expect(page.getByText('Ann. PDF')).toBeVisible();
      57 |   });
        at /Users/matheusrech/Downloads/form-to-sr-extraction/tests/01-basic-functionality.spec.js:54:41

    attachment #1: screenshot (image/png) ──────────────────────────────────────────────────────────
    ../test-results/01-basic-functionality-Bas-4b1f3-port-options-in-trace-panel-Mobile-Chrome/test-failed-1.png
    ────────────────────────────────────────────────────────────────────────────────────────────────

    attachment #2: video (video/webm) ──────────────────────────────────────────────────────────────
    ../test-results/01-basic-functionality-Bas-4b1f3-port-options-in-trace-panel-Mobile-Chrome/video.webm
    ────────────────────────────────────────────────────────────────────────────────────────────────

    Error Context: ../test-results/01-basic-functionality-Bas-4b1f3-port-options-in-trace-panel-Mobile-Chrome/error-context.md
]]>
</failure>
<system-err>
<![CDATA[
Warning: attachment test-results/01-basic-functionality-Bas-4b1f3-port-options-in-trace-panel-Mobile-Chrome/test-failed-1.png is missing
Warning: attachment test-results/01-basic-functionality-Bas-4b1f3-port-options-in-trace-panel-Mobile-Chrome/video.webm is missing
Warning: attachment test-results/01-basic-functionality-Bas-4b1f3-port-options-in-trace-panel-Mobile-Chrome/error-context.md is missing]]>
</system-err>
</testcase>
<testcase name="Basic Application Functionality › should handle keyboard shortcuts" classname="01-basic-functionality.spec.js" time="0.922">
</testcase>
</testsuite>
<testsuite name="02-pdf-functionality.spec.js" timestamp="2025-09-28T21:31:01.926Z" hostname="Mobile Chrome" tests="5" failures="1" skipped="0" time="9.558" errors="0">
<testcase name="PDF Functionality › should show PDF controls" classname="02-pdf-functionality.spec.js" time="0.889">
</testcase>
<testcase name="PDF Functionality › should have search functionality" classname="02-pdf-functionality.spec.js" time="5.967">
<failure message="02-pdf-functionality.spec.js:23:3 should have search functionality" type="FAILURE">
<![CDATA[  [Mobile Chrome] › 02-pdf-functionality.spec.js:23:3 › PDF Functionality › should have search functionality 

    Error: expect(locator).toBeVisible() failed

    Locator:  locator('button:has-text("🔍")')
    Expected: visible
    Received: <element(s) not found>
    Timeout:  5000ms

    Call log:
      - Expect "toBeVisible" with timeout 5000ms
      - waiting for locator('button:has-text("🔍")')


      27 |     
      28 |     const searchButton = page.locator('button:has-text("🔍")');
    > 29 |     await expect(searchButton).toBeVisible();
         |                                ^
      30 |   });
      31 |
      32 |   test('should show page navigation controls', async ({ page }) => {
        at /Users/matheusrech/Downloads/form-to-sr-extraction/tests/02-pdf-functionality.spec.js:29:32

    attachment #1: screenshot (image/png) ──────────────────────────────────────────────────────────
    ../test-results/02-pdf-functionality-PDF-F-00eda-d-have-search-functionality-Mobile-Chrome/test-failed-1.png
    ────────────────────────────────────────────────────────────────────────────────────────────────

    attachment #2: video (video/webm) ──────────────────────────────────────────────────────────────
    ../test-results/02-pdf-functionality-PDF-F-00eda-d-have-search-functionality-Mobile-Chrome/video.webm
    ────────────────────────────────────────────────────────────────────────────────────────────────

    Error Context: ../test-results/02-pdf-functionality-PDF-F-00eda-d-have-search-functionality-Mobile-Chrome/error-context.md
]]>
</failure>
<system-err>
<![CDATA[
Warning: attachment test-results/02-pdf-functionality-PDF-F-00eda-d-have-search-functionality-Mobile-Chrome/test-failed-1.png is missing
Warning: attachment test-results/02-pdf-functionality-PDF-F-00eda-d-have-search-functionality-Mobile-Chrome/video.webm is missing
Warning: attachment test-results/02-pdf-functionality-PDF-F-00eda-d-have-search-functionality-Mobile-Chrome/error-context.md is missing]]>
</system-err>
</testcase>
<testcase name="PDF Functionality › should show page navigation controls" classname="02-pdf-functionality.spec.js" time="0.862">
</testcase>
<testcase name="PDF Functionality › should handle zoom controls" classname="02-pdf-functionality.spec.js" time="0.899">
</testcase>
<testcase name="PDF Functionality › should handle PDF container" classname="02-pdf-functionality.spec.js" time="0.941">
</testcase>
</testsuite>
<testsuite name="03-systematic-review.spec.js" timestamp="2025-09-28T21:31:01.926Z" hostname="Mobile Chrome" tests="5" failures="1" skipped="0" time="9.285" errors="0">
<testcase name="Systematic Review Workflow › should display articles list when toggled" classname="03-systematic-review.spec.js" time="5.982">
<failure message="03-systematic-review.spec.js:11:3 should display articles list when toggled" type="FAILURE">
<![CDATA[  [Mobile Chrome] › 03-systematic-review.spec.js:11:3 › Systematic Review Workflow › should display articles list when toggled 

    Error: expect(locator).toBeVisible() failed

    Locator:  getByText('Show Queue Status')
    Expected: visible
    Received: <element(s) not found>
    Timeout:  5000ms

    Call log:
      - Expect "toBeVisible" with timeout 5000ms
      - waiting for getByText('Show Queue Status')


      11 |   test('should display articles list when toggled', async ({ page }) => {
      12 |     const toggleButton = page.getByText('Show Queue Status');
    > 13 |     await expect(toggleButton).toBeVisible();
         |                                ^
      14 |     
      15 |     // Initially hidden
      16 |     const articlesList = page.locator('#articles-list');
        at /Users/matheusrech/Downloads/form-to-sr-extraction/tests/03-systematic-review.spec.js:13:32

    attachment #1: screenshot (image/png) ──────────────────────────────────────────────────────────
    ../test-results/03-systematic-review-Syste-ca5ef--articles-list-when-toggled-Mobile-Chrome/test-failed-1.png
    ────────────────────────────────────────────────────────────────────────────────────────────────

    attachment #2: video (video/webm) ──────────────────────────────────────────────────────────────
    ../test-results/03-systematic-review-Syste-ca5ef--articles-list-when-toggled-Mobile-Chrome/video.webm
    ────────────────────────────────────────────────────────────────────────────────────────────────

    Error Context: ../test-results/03-systematic-review-Syste-ca5ef--articles-list-when-toggled-Mobile-Chrome/error-context.md
]]>
</failure>
<system-err>
<![CDATA[
Warning: attachment test-results/03-systematic-review-Syste-ca5ef--articles-list-when-toggled-Mobile-Chrome/test-failed-1.png is missing
Warning: attachment test-results/03-systematic-review-Syste-ca5ef--articles-list-when-toggled-Mobile-Chrome/video.webm is missing
Warning: attachment test-results/03-systematic-review-Syste-ca5ef--articles-list-when-toggled-Mobile-Chrome/error-context.md is missing]]>
</system-err>
</testcase>
<testcase name="Systematic Review Workflow › should show save and complete buttons" classname="03-systematic-review.spec.js" time="0.808">
</testcase>
<testcase name="Systematic Review Workflow › should track progress stats" classname="03-systematic-review.spec.js" time="0.784">
</testcase>
<testcase name="Systematic Review Workflow › should handle save progress functionality" classname="03-systematic-review.spec.js" time="0.923">
</testcase>
<testcase name="Systematic Review Workflow › should show export database options" classname="03-systematic-review.spec.js" time="0.788">
</testcase>
</testsuite>
<testsuite name="04-form-interaction.spec.js" timestamp="2025-09-28T21:31:01.926Z" hostname="Mobile Chrome" tests="5" failures="2" skipped="0" time="9.746" errors="0">
<testcase name="Form Interaction › should highlight active field on focus" classname="04-form-interaction.spec.js" time="0.926">
</testcase>
<testcase name="Form Interaction › should show validation status indicators" classname="04-form-interaction.spec.js" time="5.91">
<failure message="04-form-interaction.spec.js:22:3 should show validation status indicators" type="FAILURE">
<![CDATA[  [Mobile Chrome] › 04-form-interaction.spec.js:22:3 › Form Interaction › should show validation status indicators 

    Error: expect(locator).toHaveCount(expected) failed

    Locator:  locator('.validation-status')
    Expected: 9
    Received: 1
    Timeout:  5000ms

    Call log:
      - Expect "toHaveCount" with timeout 5000ms
      - waiting for locator('.validation-status')
        9 × locator resolved to 1 element
          - unexpected value "1"


      22 |   test('should show validation status indicators', async ({ page }) => {
      23 |     const validationIndicators = page.locator('.validation-status');
    > 24 |     await expect(validationIndicators).toHaveCount(9); // Step 1 has 9 fields
         |                                        ^
      25 |   });
      26 |
      27 |   test('should handle form field input', async ({ page }) => {
        at /Users/matheusrech/Downloads/form-to-sr-extraction/tests/04-form-interaction.spec.js:24:40

    attachment #1: screenshot (image/png) ──────────────────────────────────────────────────────────
    ../test-results/04-form-interaction-Form-I-aa509-alidation-status-indicators-Mobile-Chrome/test-failed-1.png
    ────────────────────────────────────────────────────────────────────────────────────────────────

    attachment #2: video (video/webm) ──────────────────────────────────────────────────────────────
    ../test-results/04-form-interaction-Form-I-aa509-alidation-status-indicators-Mobile-Chrome/video.webm
    ────────────────────────────────────────────────────────────────────────────────────────────────

    Error Context: ../test-results/04-form-interaction-Form-I-aa509-alidation-status-indicators-Mobile-Chrome/error-context.md
]]>
</failure>
<system-err>
<![CDATA[
Warning: attachment test-results/04-form-interaction-Form-I-aa509-alidation-status-indicators-Mobile-Chrome/test-failed-1.png is missing
Warning: attachment test-results/04-form-interaction-Form-I-aa509-alidation-status-indicators-Mobile-Chrome/video.webm is missing
Warning: attachment test-results/04-form-interaction-Form-I-aa509-alidation-status-indicators-Mobile-Chrome/error-context.md is missing]]>
</system-err>
</testcase>
<testcase name="Form Interaction › should handle form field input" classname="04-form-interaction.spec.js" time="0.904">
</testcase>
<testcase name="Form Interaction › should show AI extract buttons" classname="04-form-interaction.spec.js" time="0.955">
<failure message="04-form-interaction.spec.js:37:3 should show AI extract buttons" type="FAILURE">
<![CDATA[  [Mobile Chrome] › 04-form-interaction.spec.js:37:3 › Form Interaction › should show AI extract buttons 

    Error: expect.toBeVisible: Error: strict mode violation: getByText('AI Extract') resolved to 2 elements:
        1) <button type="button" class="ai-btn" onclick="aiExtractStep(1)">âœ¨ AI Extract</button> aka getByRole('button', { name: 'âœ¨ AI Extract' })
        2) <span>AI Extractions:</span> aka getByText('AI Extractions:')

    Call log:
      - Expect "toBeVisible" with timeout 5000ms
      - waiting for getByText('AI Extract')


      37 |   test('should show AI extract buttons', async ({ page }) => {
      38 |     const aiButton = page.getByText('AI Extract');
    > 39 |     await expect(aiButton).toBeVisible();
         |                            ^
      40 |     await expect(aiButton).toHaveClass(/ai-btn/);
      41 |   });
      42 |
        at /Users/matheusrech/Downloads/form-to-sr-extraction/tests/04-form-interaction.spec.js:39:28

    attachment #1: screenshot (image/png) ──────────────────────────────────────────────────────────
    ../test-results/04-form-interaction-Form-I-b332e-uld-show-AI-extract-buttons-Mobile-Chrome/test-failed-1.png
    ────────────────────────────────────────────────────────────────────────────────────────────────

    attachment #2: video (video/webm) ──────────────────────────────────────────────────────────────
    ../test-results/04-form-interaction-Form-I-b332e-uld-show-AI-extract-buttons-Mobile-Chrome/video.webm
    ────────────────────────────────────────────────────────────────────────────────────────────────

    Error Context: ../test-results/04-form-interaction-Form-I-b332e-uld-show-AI-extract-buttons-Mobile-Chrome/error-context.md
]]>
</failure>
<system-err>
<![CDATA[
Warning: attachment test-results/04-form-interaction-Form-I-b332e-uld-show-AI-extract-buttons-Mobile-Chrome/test-failed-1.png is missing
Warning: attachment test-results/04-form-interaction-Form-I-b332e-uld-show-AI-extract-buttons-Mobile-Chrome/video.webm is missing
Warning: attachment test-results/04-form-interaction-Form-I-b332e-uld-show-AI-extract-buttons-Mobile-Chrome/error-context.md is missing]]>
</system-err>
</testcase>
<testcase name="Form Interaction › should handle required field validation" classname="04-form-interaction.spec.js" time="1.051">
</testcase>
</testsuite>
<testsuite name="05-ai-integration.spec.js" timestamp="2025-09-28T21:31:01.926Z" hostname="Mobile Chrome" tests="4" failures="1" skipped="0" time="3.967" errors="0">
<testcase name="AI Integration › should handle API key input" classname="05-ai-integration.spec.js" time="1.137">
</testcase>
<testcase name="AI Integration › should show test button for API key" classname="05-ai-integration.spec.js" time="0.967">
</testcase>
<testcase name="AI Integration › should show AI modal on processing" classname="05-ai-integration.spec.js" time="0.927">
</testcase>
<testcase name="AI Integration › should have AI extract functionality per step" classname="05-ai-integration.spec.js" time="0.936">
<failure message="05-ai-integration.spec.js:43:3 should have AI extract functionality per step" type="FAILURE">
<![CDATA[  [Mobile Chrome] › 05-ai-integration.spec.js:43:3 › AI Integration › should have AI extract functionality per step 

    Error: expect.toBeVisible: Error: strict mode violation: getByText('AI Extract') resolved to 2 elements:
        1) <button type="button" class="ai-btn" onclick="aiExtractStep(1)">âœ¨ AI Extract</button> aka getByRole('button', { name: 'âœ¨ AI Extract' })
        2) <span>AI Extractions:</span> aka getByText('AI Extractions:')

    Call log:
      - Expect "toBeVisible" with timeout 5000ms
      - waiting for getByText('AI Extract')


      43 |   test('should have AI extract functionality per step', async ({ page }) => {
      44 |     const aiExtractButton = page.getByText('AI Extract');
    > 45 |     await expect(aiExtractButton).toBeVisible();
         |                                   ^
      46 |     
      47 |     // Click should trigger AI extraction (would need API key)
      48 |     // For now, just verify the button exists and is clickable
        at /Users/matheusrech/Downloads/form-to-sr-extraction/tests/05-ai-integration.spec.js:45:35

    attachment #1: screenshot (image/png) ──────────────────────────────────────────────────────────
    ../test-results/05-ai-integration-AI-Integ-7de3a-ract-functionality-per-step-Mobile-Chrome/test-failed-1.png
    ────────────────────────────────────────────────────────────────────────────────────────────────

    attachment #2: video (video/webm) ──────────────────────────────────────────────────────────────
    ../test-results/05-ai-integration-AI-Integ-7de3a-ract-functionality-per-step-Mobile-Chrome/video.webm
    ────────────────────────────────────────────────────────────────────────────────────────────────

    Error Context: ../test-results/05-ai-integration-AI-Integ-7de3a-ract-functionality-per-step-Mobile-Chrome/error-context.md
]]>
</failure>
<system-err>
<![CDATA[
Warning: attachment test-results/05-ai-integration-AI-Integ-7de3a-ract-functionality-per-step-Mobile-Chrome/test-failed-1.png is missing
Warning: attachment test-results/05-ai-integration-AI-Integ-7de3a-ract-functionality-per-step-Mobile-Chrome/video.webm is missing
Warning: attachment test-results/05-ai-integration-AI-Integ-7de3a-ract-functionality-per-step-Mobile-Chrome/error-context.md is missing]]>
</system-err>
</testcase>
</testsuite>
<testsuite name="06-extraction-tracking.spec.js" timestamp="2025-09-28T21:31:01.926Z" hostname="Mobile Chrome" tests="4" failures="1" skipped="0" time="8.734" errors="0">
<testcase name="Extraction Tracking › should show trace log panel" classname="06-extraction-tracking.spec.js" time="5.96">
<failure message="06-extraction-tracking.spec.js:11:3 should show trace log panel" type="FAILURE">
<![CDATA[  [Mobile Chrome] › 06-extraction-tracking.spec.js:11:3 › Extraction Tracking › should show trace log panel 

    Error: expect(locator).toBeVisible() failed

    Locator:  locator('#trace-log')
    Expected: visible
    Received: hidden
    Timeout:  5000ms

    Call log:
      - Expect "toBeVisible" with timeout 5000ms
      - waiting for locator('#trace-log')
        9 × locator resolved to <div id="trace-log"></div>
          - unexpected value "hidden"


      11 |   test('should show trace log panel', async ({ page }) => {
      12 |     const traceLog = page.locator('#trace-log');
    > 13 |     await expect(traceLog).toBeVisible();
         |                            ^
      14 |   });
      15 |
      16 |   test('should display extraction statistics', async ({ page }) => {
        at /Users/matheusrech/Downloads/form-to-sr-extraction/tests/06-extraction-tracking.spec.js:13:28

    attachment #1: screenshot (image/png) ──────────────────────────────────────────────────────────
    ../test-results/06-extraction-tracking-Ext-081a8-should-show-trace-log-panel-Mobile-Chrome/test-failed-1.png
    ────────────────────────────────────────────────────────────────────────────────────────────────

    attachment #2: video (video/webm) ──────────────────────────────────────────────────────────────
    ../test-results/06-extraction-tracking-Ext-081a8-should-show-trace-log-panel-Mobile-Chrome/video.webm
    ────────────────────────────────────────────────────────────────────────────────────────────────

    Error Context: ../test-results/06-extraction-tracking-Ext-081a8-should-show-trace-log-panel-Mobile-Chrome/error-context.md
]]>
</failure>
<system-err>
<![CDATA[
Warning: attachment test-results/06-extraction-tracking-Ext-081a8-should-show-trace-log-panel-Mobile-Chrome/test-failed-1.png is missing
Warning: attachment test-results/06-extraction-tracking-Ext-081a8-should-show-trace-log-panel-Mobile-Chrome/video.webm is missing
Warning: attachment test-results/06-extraction-tracking-Ext-081a8-should-show-trace-log-panel-Mobile-Chrome/error-context.md is missing]]>
</system-err>
</testcase>
<testcase name="Extraction Tracking › should display extraction statistics" classname="06-extraction-tracking.spec.js" time="0.96">
</testcase>
<testcase name="Extraction Tracking › should show undo and clear buttons" classname="06-extraction-tracking.spec.js" time="0.907">
</testcase>
<testcase name="Extraction Tracking › should handle clear all extractions with confirmation" classname="06-extraction-tracking.spec.js" time="0.907">
</testcase>
</testsuite>
<testsuite name="07-export-functionality.spec.js" timestamp="2025-09-28T21:31:01.926Z" hostname="Mobile Chrome" tests="5" failures="4" skipped="0" time="67.962" errors="0">
<testcase name="Export Functionality › should show all export buttons" classname="07-export-functionality.spec.js" time="5.832">
<failure message="07-export-functionality.spec.js:11:3 should show all export buttons" type="FAILURE">
<![CDATA[  [Mobile Chrome] › 07-export-functionality.spec.js:11:3 › Export Functionality › should show all export buttons 

    Error: expect(locator).toBeVisible() failed

    Locator:  getByText('JSON', { exact: true })
    Expected: visible
    Received: <element(s) not found>
    Timeout:  5000ms

    Call log:
      - Expect "toBeVisible" with timeout 5000ms
      - waiting for getByText('JSON', { exact: true })


      21 |     
      22 |     for (const buttonText of exportButtons) {
    > 23 |       await expect(page.getByText(buttonText, { exact: true })).toBeVisible();
         |                                                                 ^
      24 |     }
      25 |   });
      26 |
        at /Users/matheusrech/Downloads/form-to-sr-extraction/tests/07-export-functionality.spec.js:23:65

    attachment #1: screenshot (image/png) ──────────────────────────────────────────────────────────
    ../test-results/07-export-functionality-Ex-c4e2c-uld-show-all-export-buttons-Mobile-Chrome/test-failed-1.png
    ────────────────────────────────────────────────────────────────────────────────────────────────

    attachment #2: video (video/webm) ──────────────────────────────────────────────────────────────
    ../test-results/07-export-functionality-Ex-c4e2c-uld-show-all-export-buttons-Mobile-Chrome/video.webm
    ────────────────────────────────────────────────────────────────────────────────────────────────

    Error Context: ../test-results/07-export-functionality-Ex-c4e2c-uld-show-all-export-buttons-Mobile-Chrome/error-context.md
]]>
</failure>
<system-err>
<![CDATA[
Warning: attachment test-results/07-export-functionality-Ex-c4e2c-uld-show-all-export-buttons-Mobile-Chrome/test-failed-1.png is missing
Warning: attachment test-results/07-export-functionality-Ex-c4e2c-uld-show-all-export-buttons-Mobile-Chrome/video.webm is missing
Warning: attachment test-results/07-export-functionality-Ex-c4e2c-uld-show-all-export-buttons-Mobile-Chrome/error-context.md is missing]]>
</system-err>
</testcase>
<testcase name="Export Functionality › should handle JSON export" classname="07-export-functionality.spec.js" time="30.101">
<failure message="07-export-functionality.spec.js:27:3 should handle JSON export" type="FAILURE">
<![CDATA[  [Mobile Chrome] › 07-export-functionality.spec.js:27:3 › Export Functionality › should handle JSON export 

    Test timeout of 30000ms exceeded.

    Error: page.waitForEvent: Test timeout of 30000ms exceeded.
    =========================== logs ===========================
    waiting for event "download"
    ============================================================

      27 |   test('should handle JSON export', async ({ page }) => {
      28 |     // Listen for download
    > 29 |     const downloadPromise = page.waitForEvent('download');
         |                                  ^
      30 |     
      31 |     await page.getByText('JSON', { exact: true }).click();
      32 |     
        at /Users/matheusrech/Downloads/form-to-sr-extraction/tests/07-export-functionality.spec.js:29:34

    Error: locator.click: Test timeout of 30000ms exceeded.
    Call log:
      - waiting for getByText('JSON', { exact: true })


      29 |     const downloadPromise = page.waitForEvent('download');
      30 |     
    > 31 |     await page.getByText('JSON', { exact: true }).click();
         |                                                   ^
      32 |     
      33 |     const download = await downloadPromise;
      34 |     expect(download.suggestedFilename()).toMatch(/extraction_\d+\.json/);
        at /Users/matheusrech/Downloads/form-to-sr-extraction/tests/07-export-functionality.spec.js:31:51

    attachment #1: screenshot (image/png) ──────────────────────────────────────────────────────────
    ../test-results/07-export-functionality-Ex-b2fd8-y-should-handle-JSON-export-Mobile-Chrome/test-failed-1.png
    ────────────────────────────────────────────────────────────────────────────────────────────────

    Error Context: ../test-results/07-export-functionality-Ex-b2fd8-y-should-handle-JSON-export-Mobile-Chrome/error-context.md
]]>
</failure>
<system-out>
<![CDATA[
[[ATTACHMENT|test-results/07-export-functionality-Ex-b2fd8-y-should-handle-JSON-export-Mobile-Chrome/test-failed-1.png]]

[[ATTACHMENT|test-results/07-export-functionality-Ex-b2fd8-y-should-handle-JSON-export-Mobile-Chrome/error-context.md]]
]]>
</system-out>
</testcase>
<testcase name="Export Functionality › should handle CSV export" classname="07-export-functionality.spec.js" time="30.23">
<failure message="07-export-functionality.spec.js:37:3 should handle CSV export" type="FAILURE">
<![CDATA[  [Mobile Chrome] › 07-export-functionality.spec.js:37:3 › Export Functionality › should handle CSV export 

    Test timeout of 30000ms exceeded.

    Error: page.waitForEvent: Test timeout of 30000ms exceeded.
    =========================== logs ===========================
    waiting for event "download"
    ============================================================

      36 |
      37 |   test('should handle CSV export', async ({ page }) => {
    > 38 |     const downloadPromise = page.waitForEvent('download');
         |                                  ^
      39 |     
      40 |     await page.getByText('CSV', { exact: true }).click();
      41 |     
        at /Users/matheusrech/Downloads/form-to-sr-extraction/tests/07-export-functionality.spec.js:38:34

    Error: locator.click: Test timeout of 30000ms exceeded.
    Call log:
      - waiting for getByText('CSV', { exact: true })


      38 |     const downloadPromise = page.waitForEvent('download');
      39 |     
    > 40 |     await page.getByText('CSV', { exact: true }).click();
         |                                                  ^
      41 |     
      42 |     const download = await downloadPromise;
      43 |     expect(download.suggestedFilename()).toMatch(/extraction_\d+\.csv/);
        at /Users/matheusrech/Downloads/form-to-sr-extraction/tests/07-export-functionality.spec.js:40:50

    attachment #1: screenshot (image/png) ──────────────────────────────────────────────────────────
    ../test-results/07-export-functionality-Ex-5f84f-ty-should-handle-CSV-export-Mobile-Chrome/test-failed-1.png
    ────────────────────────────────────────────────────────────────────────────────────────────────

    Error Context: ../test-results/07-export-functionality-Ex-5f84f-ty-should-handle-CSV-export-Mobile-Chrome/error-context.md
]]>
</failure>
<system-out>
<![CDATA[
[[ATTACHMENT|test-results/07-export-functionality-Ex-5f84f-ty-should-handle-CSV-export-Mobile-Chrome/test-failed-1.png]]

[[ATTACHMENT|test-results/07-export-functionality-Ex-5f84f-ty-should-handle-CSV-export-Mobile-Chrome/error-context.md]]
]]>
</system-out>
</testcase>
<testcase name="Export Functionality › should handle systematic review exports" classname="07-export-functionality.spec.js" time="0.925">
<failure message="07-export-functionality.spec.js:46:3 should handle systematic review exports" type="FAILURE">
<![CDATA[  [Mobile Chrome] › 07-export-functionality.spec.js:46:3 › Export Functionality › should handle systematic review exports 

    Error: page.waitForEvent: Test ended.
    =========================== logs ===========================
    waiting for event "download"
    ============================================================

      46 |   test('should handle systematic review exports', async ({ page }) => {
      47 |     // Test main database export
    > 48 |     const mainDbPromise = page.waitForEvent('download');
         |                                ^
      49 |     await page.getByText('Main Data CSV').click();
      50 |     
      51 |     // Note: This might not trigger download if database is empty
        at /Users/matheusrech/Downloads/form-to-sr-extraction/tests/07-export-functionality.spec.js:48:32

    attachment #1: screenshot (image/png) ──────────────────────────────────────────────────────────
    ../test-results/07-export-functionality-Ex-8ec56-e-systematic-review-exports-Mobile-Chrome/test-failed-1.png
    ────────────────────────────────────────────────────────────────────────────────────────────────
]]>
</failure>
<system-err>
<![CDATA[
Warning: attachment test-results/07-export-functionality-Ex-8ec56-e-systematic-review-exports-Mobile-Chrome/test-failed-1.png is missing]]>
</system-err>
</testcase>
<testcase name="Export Functionality › should open audit report in new tab" classname="07-export-functionality.spec.js" time="0.874">
</testcase>
</testsuite>
<testsuite name="08-coordinate-visualization.spec.js" timestamp="2025-09-28T21:31:01.926Z" hostname="Mobile Chrome" tests="5" failures="2" skipped="0" time="39.555" errors="0">
<testcase name="Coordinate Visualization › should show interactive coordinate map button" classname="08-coordinate-visualization.spec.js" time="0.771">
</testcase>
<testcase name="Coordinate Visualization › should show export interactive map button" classname="08-coordinate-visualization.spec.js" time="0.799">
</testcase>
<testcase name="Coordinate Visualization › should open coordinate visualizer modal" classname="08-coordinate-visualization.spec.js" time="0.85">
</testcase>
<testcase name="Coordinate Visualization › should close coordinate visualizer" classname="08-coordinate-visualization.spec.js" time="31.242">
<failure message="08-coordinate-visualization.spec.js:33:3 should close coordinate visualizer" type="FAILURE">
<![CDATA[  [Mobile Chrome] › 08-coordinate-visualization.spec.js:33:3 › Coordinate Visualization › should close coordinate visualizer 

    Test timeout of 30000ms exceeded.

    Error: locator.click: Test timeout of 30000ms exceeded.
    Call log:
      - waiting for getByText('✕ Close')


      40 |     // Close modal
      41 |     const closeButton = page.getByText('✕ Close');
    > 42 |     await closeButton.click();
         |                       ^
      43 |     
      44 |     await expect(modal).toBeHidden();
      45 |   });
        at /Users/matheusrech/Downloads/form-to-sr-extraction/tests/08-coordinate-visualization.spec.js:42:23

    attachment #1: screenshot (image/png) ──────────────────────────────────────────────────────────
    ../test-results/08-coordinate-visualizatio-be3de-close-coordinate-visualizer-Mobile-Chrome/test-failed-1.png
    ────────────────────────────────────────────────────────────────────────────────────────────────

    Error Context: ../test-results/08-coordinate-visualizatio-be3de-close-coordinate-visualizer-Mobile-Chrome/error-context.md
]]>
</failure>
<system-out>
<![CDATA[
[[ATTACHMENT|test-results/08-coordinate-visualizatio-be3de-close-coordinate-visualizer-Mobile-Chrome/test-failed-1.png]]

[[ATTACHMENT|test-results/08-coordinate-visualizatio-be3de-close-coordinate-visualizer-Mobile-Chrome/error-context.md]]
]]>
</system-out>
</testcase>
<testcase name="Coordinate Visualization › should show visualizer controls" classname="08-coordinate-visualization.spec.js" time="5.893">
<failure message="08-coordinate-visualization.spec.js:47:3 should show visualizer controls" type="FAILURE">
<![CDATA[  [Mobile Chrome] › 08-coordinate-visualization.spec.js:47:3 › Coordinate Visualization › should show visualizer controls 

    Error: expect(locator).toBeVisible() failed

    Locator:  locator('#viz-field-list')
    Expected: visible
    Received: hidden
    Timeout:  5000ms

    Call log:
      - Expect "toBeVisible" with timeout 5000ms
      - waiting for locator('#viz-field-list')
        9 × locator resolved to <div id="viz-field-list"></div>
          - unexpected value "hidden"


      49 |     
      50 |     // Check for visualizer controls
    > 51 |     await expect(page.locator('#viz-field-list')).toBeVisible();
         |                                                   ^
      52 |     await expect(page.locator('#viz-pdf-container')).toBeVisible();
      53 |     await expect(page.locator('#viz-coordinate-details')).toBeVisible();
      54 |   });
        at /Users/matheusrech/Downloads/form-to-sr-extraction/tests/08-coordinate-visualization.spec.js:51:51

    attachment #1: screenshot (image/png) ──────────────────────────────────────────────────────────
    ../test-results/08-coordinate-visualizatio-10713-ld-show-visualizer-controls-Mobile-Chrome/test-failed-1.png
    ────────────────────────────────────────────────────────────────────────────────────────────────

    attachment #2: video (video/webm) ──────────────────────────────────────────────────────────────
    ../test-results/08-coordinate-visualizatio-10713-ld-show-visualizer-controls-Mobile-Chrome/video.webm
    ────────────────────────────────────────────────────────────────────────────────────────────────

    Error Context: ../test-results/08-coordinate-visualizatio-10713-ld-show-visualizer-controls-Mobile-Chrome/error-context.md
]]>
</failure>
<system-err>
<![CDATA[
Warning: attachment test-results/08-coordinate-visualizatio-10713-ld-show-visualizer-controls-Mobile-Chrome/test-failed-1.png is missing
Warning: attachment test-results/08-coordinate-visualizatio-10713-ld-show-visualizer-controls-Mobile-Chrome/video.webm is missing
Warning: attachment test-results/08-coordinate-visualizatio-10713-ld-show-visualizer-controls-Mobile-Chrome/error-context.md is missing]]>
</system-err>
</testcase>
</testsuite>
<testsuite name="09-responsive-design.spec.js" timestamp="2025-09-28T21:31:01.926Z" hostname="Mobile Chrome" tests="4" failures="0" skipped="0" time="1.727" errors="0">
<testcase name="Responsive Design › should display correctly on desktop" classname="09-responsive-design.spec.js" time="0.665">
</testcase>
<testcase name="Responsive Design › should handle medium screens" classname="09-responsive-design.spec.js" time="0.365">
</testcase>
<testcase name="Responsive Design › should handle small screens" classname="09-responsive-design.spec.js" time="0.389">
</testcase>
<testcase name="Responsive Design › should handle mobile screens" classname="09-responsive-design.spec.js" time="0.308">
</testcase>
</testsuite>
<testsuite name="10-integration-tests.spec.js" timestamp="2025-09-28T21:31:01.926Z" hostname="Mobile Chrome" tests="5" failures="1" skipped="0" time="34.784" errors="0">
<testcase name="Integration Tests › should complete full extraction workflow" classname="10-integration-tests.spec.js" time="0.856">
</testcase>
<testcase name="Integration Tests › should handle localStorage persistence" classname="10-integration-tests.spec.js" time="1.397">
</testcase>
<testcase name="Integration Tests › should handle error conditions gracefully" classname="10-integration-tests.spec.js" time="0.88">
</testcase>
<testcase name="Integration Tests › should maintain state across interactions" classname="10-integration-tests.spec.js" time="30.82">
<failure message="10-integration-tests.spec.js:59:3 should maintain state across interactions" type="FAILURE">
<![CDATA[  [Mobile Chrome] › 10-integration-tests.spec.js:59:3 › Integration Tests › should maintain state across interactions 

    Test timeout of 30000ms exceeded.

    Error: locator.click: Test timeout of 30000ms exceeded.
    Call log:
      - waiting for getByText('Show Queue Status')


      63 |     
      64 |     // Toggle articles list
    > 65 |     await page.getByText('Show Queue Status').click();
         |                                               ^
      66 |     await page.getByText('Hide Queue Status').click();
      67 |     
      68 |     // Fields should maintain their values
        at /Users/matheusrech/Downloads/form-to-sr-extraction/tests/10-integration-tests.spec.js:65:47

    attachment #1: screenshot (image/png) ──────────────────────────────────────────────────────────
    ../test-results/10-integration-tests-Integ-4b090-n-state-across-interactions-Mobile-Chrome/test-failed-1.png
    ────────────────────────────────────────────────────────────────────────────────────────────────

    Error Context: ../test-results/10-integration-tests-Integ-4b090-n-state-across-interactions-Mobile-Chrome/error-context.md
]]>
</failure>
<system-out>
<![CDATA[
[[ATTACHMENT|test-results/10-integration-tests-Integ-4b090-n-state-across-interactions-Mobile-Chrome/test-failed-1.png]]

[[ATTACHMENT|test-results/10-integration-tests-Integ-4b090-n-state-across-interactions-Mobile-Chrome/error-context.md]]
]]>
</system-out>
</testcase>
<testcase name="Integration Tests › should handle concurrent operations" classname="10-integration-tests.spec.js" time="0.831">
</testcase>
</testsuite>
<testsuite name="accessibility.spec.js" timestamp="2025-09-28T21:31:01.926Z" hostname="Mobile Chrome" tests="4" failures="2" skipped="0" time="7.982" errors="0">
<testcase name="Accessibility Tests › should not have accessibility violations" classname="accessibility.spec.js" time="1.144">
<failure message="accessibility.spec.js:7:3 should not have accessibility violations" type="FAILURE">
<![CDATA[  [Mobile Chrome] › accessibility.spec.js:7:3 › Accessibility Tests › should not have accessibility violations 

    Error: expect(received).toEqual(expected) // deep equality

    - Expected  -    1
    + Received  + 1186

    - Array []
    + Array [
    +   Object {
    +     "description": "Ensure the contrast between foreground and background colors meets WCAG 2 AA minimum contrast ratio thresholds",
    +     "help": "Elements must meet minimum color contrast ratio thresholds",
    +     "helpUrl": "https://dequeuniversity.com/rules/axe/4.10/color-contrast?application=playwright",
    +     "id": "color-contrast",
    +     "impact": "serious",
    +     "nodes": Array [
    +       Object {
    +         "all": Array [],
    +         "any": Array [
    +           Object {
    +             "data": Object {
    +               "bgColor": "#2196f3",
    +               "contrastRatio": 3.12,
    +               "expectedContrastRatio": "4.5:1",
    +               "fgColor": "#ffffff",
    +               "fontSize": "8.3pt (11px)",
    +               "fontWeight": "normal",
    +               "messageKey": null,
    +             },
    +             "id": "color-contrast",
    +             "impact": "serious",
    +             "message": "Element has insufficient color contrast of 3.12 (foreground color: #ffffff, background color: #2196f3, font size: 8.3pt (11px), font weight: normal). Expected contrast ratio of 4.5:1",
    +             "relatedNodes": Array [
    +               Object {
    +                 "html": "<button onclick=\"saveCurrentProgress()\" style=\"padding: 6px; font-size: 11px; background: #2196F3;\">
    +                     ðŸ’¾ Save Progress
    +                 </button>",
    +                 "target": Array [
    +                   "button[onclick=\"saveCurrentProgress()\"]",
    +                 ],
    +               },
    +             ],
    +           },
    +         ],
    +         "failureSummary": "Fix any of the following:
    +   Element has insufficient color contrast of 3.12 (foreground color: #ffffff, background color: #2196f3, font size: 8.3pt (11px), font weight: normal). Expected contrast ratio of 4.5:1",
    +         "html": "<button onclick=\"saveCurrentProgress()\" style=\"padding: 6px; font-size: 11px; background: #2196F3;\">
    +                     ðŸ’¾ Save Progress
    +                 </button>",
    +         "impact": "serious",
    +         "none": Array [],
    +         "target": Array [
    +           "button[onclick=\"saveCurrentProgress()\"]",
    +         ],
    +       },
    +       Object {
    +         "all": Array [],
    +         "any": Array [
    +           Object {
    +             "data": Object {
    +               "bgColor": "#4caf50",
    +               "contrastRatio": 2.77,
    +               "expectedContrastRatio": "4.5:1",
    +               "fgColor": "#ffffff",
    +               "fontSize": "8.3pt (11px)",
    +               "fontWeight": "normal",
    +               "messageKey": null,
    +             },
    +             "id": "color-contrast",
    +             "impact": "serious",
    +             "message": "Element has insufficient color contrast of 2.77 (foreground color: #ffffff, background color: #4caf50, font size: 8.3pt (11px), font weight: normal). Expected contrast ratio of 4.5:1",
    +             "relatedNodes": Array [
    +               Object {
    +                 "html": "<button onclick=\"completeCurrentArticle()\" style=\"padding: 6px; font-size: 11px; background: #4CAF50;\">
    +                     âœ… Complete Article
    +                 </button>",
    +                 "target": Array [
    +                   "button[onclick=\"completeCurrentArticle()\"]",
    +                 ],
    +               },
    +             ],
    +           },
    +         ],
    +         "failureSummary": "Fix any of the following:
    +   Element has insufficient color contrast of 2.77 (foreground color: #ffffff, background color: #4caf50, font size: 8.3pt (11px), font weight: normal). Expected contrast ratio of 4.5:1",
    +         "html": "<button onclick=\"completeCurrentArticle()\" style=\"padding: 6px; font-size: 11px; background: #4CAF50;\">
    +                     âœ… Complete Article
    +                 </button>",
    +         "impact": "serious",
    +         "none": Array [],
    +         "target": Array [
    +           "button[onclick=\"completeCurrentArticle()\"]",
    +         ],
    +       },
    +       Object {
    +         "all": Array [],
    +         "any": Array [
    +           Object {
    +             "data": Object {
    +               "bgColor": "#4caf50",
    +               "contrastRatio": 2.77,
    +               "expectedContrastRatio": "4.5:1",
    +               "fgColor": "#ffffff",
    +               "fontSize": "9.0pt (12px)",
    +               "fontWeight": "normal",
    +               "messageKey": null,
    +             },
    +             "id": "color-contrast",
    +             "impact": "serious",
    +             "message": "Element has insufficient color contrast of 2.77 (foreground color: #ffffff, background color: #4caf50, font size: 9.0pt (12px), font weight: normal). Expected contrast ratio of 4.5:1",
    +             "relatedNodes": Array [
    +               Object {
    +                 "html": "<button onclick=\"toggleArticlesList()\" style=\"width: 100%; padding: 6px; font-size: 12px; background: #4CAF50;\">ðŸ“‹ Queue (1/21) - Fernandes 2022.pdf...</button>",
    +                 "target": Array [
    +                   "button[onclick=\"toggleArticlesList()\"]",
    +                 ],
    +               },
    +             ],
    +           },
    +         ],
    +         "failureSummary": "Fix any of the following:
    +   Element has insufficient color contrast of 2.77 (foreground color: #ffffff, background color: #4caf50, font size: 9.0pt (12px), font weight: normal). Expected contrast ratio of 4.5:1",
    +         "html": "<button onclick=\"toggleArticlesList()\" style=\"width: 100%; padding: 6px; font-size: 12px; background: #4CAF50;\">ðŸ“‹ Queue (1/21) - Fernandes 2022.pdf...</button>",
    +         "impact": "serious",
    +         "none": Array [],
    +         "target": Array [
    +           "button[onclick=\"toggleArticlesList()\"]",
    +         ],
    +       },
    +       Object {
    +         "all": Array [],
    +         "any": Array [
    +           Object {
    +             "data": Object {
    +               "bgColor": "#f0f8ff",
    +               "contrastRatio": 3.7,
    +               "expectedContrastRatio": "4.5:1",
    +               "fgColor": "#007bff",
    +               "fontSize": "12.0pt (16px)",
    +               "fontWeight": "bold",
    +               "messageKey": null,
    +             },
    +             "id": "color-contrast",
    +             "impact": "serious",
    +             "message": "Element has insufficient color contrast of 3.7 (foreground color: #007bff, background color: #f0f8ff, font size: 12.0pt (16px), font weight: bold). Expected contrast ratio of 4.5:1",
    +             "relatedNodes": Array [
    +               Object {
    +                 "html": "<div id=\"api-key-section\">",
    +                 "target": Array [
    +                   "#api-key-section",
    +                 ],
    +               },
    +             ],
    +           },
    +         ],
    +         "failureSummary": "Fix any of the following:
    +   Element has insufficient color contrast of 3.7 (foreground color: #007bff, background color: #f0f8ff, font size: 12.0pt (16px), font weight: bold). Expected contrast ratio of 4.5:1",
    +         "html": "<h3>ðŸ¤– AI Configuration (Gemini)</h3>",
    +         "impact": "serious",
    +         "none": Array [],
    +         "target": Array [
    +           "#api-key-section > h3",
    +         ],
    +       },
    +       Object {
    +         "all": Array [],
    +         "any": Array [
    +           Object {
    +             "data": Object {
    +               "bgColor": "#007bff",
    +               "contrastRatio": 3.97,
    +               "expectedContrastRatio": "4.5:1",
    +               "fgColor": "#ffffff",
    +               "fontSize": "9.0pt (12px)",
    +               "fontWeight": "normal",
    +               "messageKey": null,
    +             },
    +             "id": "color-contrast",
    +             "impact": "serious",
    +             "message": "Element has insufficient color contrast of 3.97 (foreground color: #ffffff, background color: #007bff, font size: 9.0pt (12px), font weight: normal). Expected contrast ratio of 4.5:1",
    +             "relatedNodes": Array [
    +               Object {
    +                 "html": "<button onclick=\"saveApiKey()\">Save</button>",
    +                 "target": Array [
    +                   "button[onclick=\"saveApiKey()\"]",
    +                 ],
    +               },
    +             ],
    +           },
    +         ],
    +         "failureSummary": "Fix any of the following:
    +   Element has insufficient color contrast of 3.97 (foreground color: #ffffff, background color: #007bff, font size: 9.0pt (12px), font weight: normal). Expected contrast ratio of 4.5:1",
    +         "html": "<button onclick=\"saveApiKey()\">Save</button>",
    +         "impact": "serious",
    +         "none": Array [],
    +         "target": Array [
    +           "button[onclick=\"saveApiKey()\"]",
    +         ],
    +       },
    +       Object {
    +         "all": Array [],
    +         "any": Array [
    +           Object {
    +             "data": Object {
    +               "bgColor": "#007bff",
    +               "contrastRatio": 3.97,
    +               "expectedContrastRatio": "4.5:1",
    +               "fgColor": "#ffffff",
    +               "fontSize": "9.0pt (12px)",
    +               "fontWeight": "normal",
    +               "messageKey": null,
    +             },
    +             "id": "color-contrast",
    +             "impact": "serious",
    +             "message": "Element has insufficient color contrast of 3.97 (foreground color: #ffffff, background color: #007bff, font size: 9.0pt (12px), font weight: normal). Expected contrast ratio of 4.5:1",
    +             "relatedNodes": Array [
    +               Object {
    +                 "html": "<button onclick=\"testApiKey()\">Test</button>",
    +                 "target": Array [
    +                   "button[onclick=\"testApiKey()\"]",
    +                 ],
    +               },
    +             ],
    +           },
    +         ],
    +         "failureSummary": "Fix any of the following:
    +   Element has insufficient color contrast of 3.97 (foreground color: #ffffff, background color: #007bff, font size: 9.0pt (12px), font weight: normal). Expected contrast ratio of 4.5:1",
    +         "html": "<button onclick=\"testApiKey()\">Test</button>",
    +         "impact": "serious",
    +         "none": Array [],
    +         "target": Array [
    +           "button[onclick=\"testApiKey()\"]",
    +         ],
    +       },
    +       Object {
    +         "all": Array [],
    +         "any": Array [
    +           Object {
    +             "data": Object {
    +               "bgColor": "#007bff",
    +               "contrastRatio": 3.97,
    +               "expectedContrastRatio": "4.5:1",
    +               "fgColor": "#ffffff",
    +               "fontSize": "12.0pt (16px)",
    +               "fontWeight": "normal",
    +               "messageKey": null,
    +             },
    +             "id": "color-contrast",
    +             "impact": "serious",
    +             "message": "Element has insufficient color contrast of 3.97 (foreground color: #ffffff, background color: #007bff, font size: 12.0pt (16px), font weight: normal). Expected contrast ratio of 4.5:1",
    +             "relatedNodes": Array [
    +               Object {
    +                 "html": "<button id=\"next-btn\">Next</button>",
    +                 "target": Array [
    +                   "#next-btn",
    +                 ],
    +               },
    +             ],
    +           },
    +         ],
    +         "failureSummary": "Fix any of the following:
    +   Element has insufficient color contrast of 3.97 (foreground color: #ffffff, background color: #007bff, font size: 12.0pt (16px), font weight: normal). Expected contrast ratio of 4.5:1",
    +         "html": "<button id=\"next-btn\">Next</button>",
    +         "impact": "serious",
    +         "none": Array [],
    +         "target": Array [
    +           "#next-btn",
    +         ],
    +       },
    +       Object {
    +         "all": Array [],
    +         "any": Array [
    +           Object {
    +             "data": Object {
    +               "bgColor": "#4caf50",
    +               "contrastRatio": 2.77,
    +               "expectedContrastRatio": "4.5:1",
    +               "fgColor": "#ffffff",
    +               "fontSize": "8.3pt (11px)",
    +               "fontWeight": "normal",
    +               "messageKey": null,
    +             },
    +             "id": "color-contrast",
    +             "impact": "serious",
    +             "message": "Element has insufficient color contrast of 2.77 (foreground color: #ffffff, background color: #4caf50, font size: 8.3pt (11px), font weight: normal). Expected contrast ratio of 4.5:1",
    +             "relatedNodes": Array [
    +               Object {
    +                 "html": "<button onclick=\"exportJSON()\" style=\"background: #4CAF50; color: white;\">ðŸ“„ JSON</button>",
    +                 "target": Array [
    +                   "button[onclick=\"exportJSON()\"]",
    +                 ],
    +               },
    +             ],
    +           },
    +         ],
    +         "failureSummary": "Fix any of the following:
    +   Element has insufficient color contrast of 2.77 (foreground color: #ffffff, background color: #4caf50, font size: 8.3pt (11px), font weight: normal). Expected contrast ratio of 4.5:1",
    +         "html": "<button onclick=\"exportJSON()\" style=\"background: #4CAF50; color: white;\">ðŸ“„ JSON</button>",
    +         "impact": "serious",
    +         "none": Array [],
    +         "target": Array [
    +           "button[onclick=\"exportJSON()\"]",
    +         ],
    +       },
    +       Object {
    +         "all": Array [],
    +         "any": Array [
    +           Object {
    +             "data": Object {
    +               "bgColor": "#2196f3",
    +               "contrastRatio": 3.12,
    +               "expectedContrastRatio": "4.5:1",
    +               "fgColor": "#ffffff",
    +               "fontSize": "8.3pt (11px)",
    +               "fontWeight": "normal",
    +               "messageKey": null,
    +             },
    +             "id": "color-contrast",
    +             "impact": "serious",
    +             "message": "Element has insufficient color contrast of 3.12 (foreground color: #ffffff, background color: #2196f3, font size: 8.3pt (11px), font weight: normal). Expected contrast ratio of 4.5:1",
    +             "relatedNodes": Array [
    +               Object {
    +                 "html": "<button onclick=\"exportCSV()\" style=\"background: #2196F3; color: white;\">ðŸ“Š CSV</button>",
    +                 "target": Array [
    +                   "button[onclick=\"exportCSV()\"]",
    +                 ],
    +               },
    +             ],
    +           },
    +         ],
    +         "failureSummary": "Fix any of the following:
    +   Element has insufficient color contrast of 3.12 (foreground color: #ffffff, background color: #2196f3, font size: 8.3pt (11px), font weight: normal). Expected contrast ratio of 4.5:1",
    +         "html": "<button onclick=\"exportCSV()\" style=\"background: #2196F3; color: white;\">ðŸ“Š CSV</button>",
    +         "impact": "serious",
    +         "none": Array [],
    +         "target": Array [
    +           "button[onclick=\"exportCSV()\"]",
    +         ],
    +       },
    +       Object {
    +         "all": Array [],
    +         "any": Array [
    +           Object {
    +             "data": Object {
    +               "bgColor": "#ff9800",
    +               "contrastRatio": 2.15,
    +               "expectedContrastRatio": "4.5:1",
    +               "fgColor": "#ffffff",
    +               "fontSize": "8.3pt (11px)",
    +               "fontWeight": "normal",
    +               "messageKey": null,
    +             },
    +             "id": "color-contrast",
    +             "impact": "serious",
    +             "message": "Element has insufficient color contrast of 2.15 (foreground color: #ffffff, background color: #ff9800, font size: 8.3pt (11px), font weight: normal). Expected contrast ratio of 4.5:1",
    +             "relatedNodes": Array [
    +               Object {
    +                 "html": "<button onclick=\"exportAuditHTML()\" style=\"background: #FF9800; color: white;\">ðŸ“‹ Audit</button>",
    +                 "target": Array [
    +                   "button[onclick=\"exportAuditHTML()\"]",
    +                 ],
    +               },
    +             ],
    +           },
    +         ],
    +         "failureSummary": "Fix any of the following:
    +   Element has insufficient color contrast of 2.15 (foreground color: #ffffff, background color: #ff9800, font size: 8.3pt (11px), font weight: normal). Expected contrast ratio of 4.5:1",
    +         "html": "<button onclick=\"exportAuditHTML()\" style=\"background: #FF9800; color: white;\">ðŸ“‹ Audit</button>",
    +         "impact": "serious",
    +         "none": Array [],
    +         "target": Array [
    +           "button[onclick=\"exportAuditHTML()\"]",
    +         ],
    +       },
    +       Object {
    +         "all": Array [],
    +         "any": Array [
    +           Object {
    +             "data": Object {
    +               "bgColor": "#e91e63",
    +               "contrastRatio": 4.34,
    +               "expectedContrastRatio": "4.5:1",
    +               "fgColor": "#ffffff",
    +               "fontSize": "8.3pt (11px)",
    +               "fontWeight": "normal",
    +               "messageKey": null,
    +             },
    +             "id": "color-contrast",
    +             "impact": "serious",
    +             "message": "Element has insufficient color contrast of 4.34 (foreground color: #ffffff, background color: #e91e63, font size: 8.3pt (11px), font weight: normal). Expected contrast ratio of 4.5:1",
    +             "relatedNodes": Array [
    +               Object {
    +                 "html": "<button onclick=\"exportSystematicReview()\" style=\"background: #E91E63; color: white; width: 100%; font-size: 11px; padding: 6px; margin-top: 5px;\">
    +                 ðŸ“‹ Complete SR Export
    +             </button>",
    +                 "target": Array [
    +                   "button[onclick=\"exportSystematicReview()\"]",
    +                 ],
    +               },
    +             ],
    +           },
    +         ],
    +         "failureSummary": "Fix any of the following:
    +   Element has insufficient color contrast of 4.34 (foreground color: #ffffff, background color: #e91e63, font size: 8.3pt (11px), font weight: normal). Expected contrast ratio of 4.5:1",
    +         "html": "<button onclick=\"exportSystematicReview()\" style=\"background: #E91E63; color: white; width: 100%; font-size: 11px; padding: 6px; margin-top: 5px;\">
    +                 ðŸ“‹ Complete SR Export
    +             </button>",
    +         "impact": "serious",
    +         "none": Array [],
    +         "target": Array [
    +           "button[onclick=\"exportSystematicReview()\"]",
    +         ],
    +       },
    +       Object {
    +         "all": Array [],
    +         "any": Array [
    +           Object {
    +             "data": Object {
    +               "bgColor": "#607d8b",
    +               "contrastRatio": 4.37,
    +               "expectedContrastRatio": "4.5:1",
    +               "fgColor": "#ffffff",
    +               "fontSize": "9.0pt (12px)",
    +               "fontWeight": "normal",
    +               "messageKey": null,
    +             },
    +             "id": "color-contrast",
    +             "impact": "serious",
    +             "message": "Element has insufficient color contrast of 4.37 (foreground color: #ffffff, background color: #607d8b, font size: 9.0pt (12px), font weight: normal). Expected contrast ratio of 4.5:1",
    +             "relatedNodes": Array [
    +               Object {
    +                 "html": "<button onclick=\"undoLastExtraction()\" style=\"background: #607D8B; font-size: 12px; padding: 6px 12px;\">
    +                 â†¶ Undo Last
    +             </button>",
    +                 "target": Array [
    +                   "button[onclick=\"undoLastExtraction()\"]",
    +                 ],
    +               },
    +             ],
    +           },
    +         ],
    +         "failureSummary": "Fix any of the following:
    +   Element has insufficient color contrast of 4.37 (foreground color: #ffffff, background color: #607d8b, font size: 9.0pt (12px), font weight: normal). Expected contrast ratio of 4.5:1",
    +         "html": "<button onclick=\"undoLastExtraction()\" style=\"background: #607D8B; font-size: 12px; padding: 6px 12px;\">
    +                 â†¶ Undo Last
    +             </button>",
    +         "impact": "serious",
    +         "none": Array [],
    +         "target": Array [
    +           "button[onclick=\"undoLastExtraction()\"]",
    +         ],
    +       },
    +       Object {
    +         "all": Array [],
    +         "any": Array [
    +           Object {
    +             "data": Object {
    +               "bgColor": "#f44336",
    +               "contrastRatio": 3.68,
    +               "expectedContrastRatio": "4.5:1",
    +               "fgColor": "#ffffff",
    +               "fontSize": "9.0pt (12px)",
    +               "fontWeight": "normal",
    +               "messageKey": null,
    +             },
    +             "id": "color-contrast",
    +             "impact": "serious",
    +             "message": "Element has insufficient color contrast of 3.68 (foreground color: #ffffff, background color: #f44336, font size: 9.0pt (12px), font weight: normal). Expected contrast ratio of 4.5:1",
    +             "relatedNodes": Array [
    +               Object {
    +                 "html": "<button onclick=\"clearAllExtractions()\" style=\"background: #f44336; font-size: 12px; padding: 6px 12px;\">
    +                 ðŸ—‘ Clear All
    +             </button>",
    +                 "target": Array [
    +                   "button[onclick=\"clearAllExtractions()\"]",
    +                 ],
    +               },
    +             ],
    +           },
    +         ],
    +         "failureSummary": "Fix any of the following:
    +   Element has insufficient color contrast of 3.68 (foreground color: #ffffff, background color: #f44336, font size: 9.0pt (12px), font weight: normal). Expected contrast ratio of 4.5:1",
    +         "html": "<button onclick=\"clearAllExtractions()\" style=\"background: #f44336; font-size: 12px; padding: 6px 12px;\">
    +                 ðŸ—‘ Clear All
    +             </button>",
    +         "impact": "serious",
    +         "none": Array [],
    +         "target": Array [
    +           "button[onclick=\"clearAllExtractions()\"]",
    +         ],
    +       },
    +       Object {
    +         "all": Array [],
    +         "any": Array [
    +           Object {
    +             "data": Object {
    +               "bgColor": "#2196f3",
    +               "contrastRatio": 3.12,
    +               "expectedContrastRatio": "4.5:1",
    +               "fgColor": "#ffffff",
    +               "fontSize": "12.0pt (16px)",
    +               "fontWeight": "normal",
    +               "messageKey": null,
    +             },
    +             "id": "color-contrast",
    +             "impact": "serious",
    +             "message": "Element has insufficient color contrast of 3.12 (foreground color: #ffffff, background color: #2196f3, font size: 12.0pt (16px), font weight: normal). Expected contrast ratio of 4.5:1",
    +             "relatedNodes": Array [
    +               Object {
    +                 "html": "<div id=\"extraction-status\" class=\"extraction-status show\" style=\"background: rgb(33, 150, 243); color: white;\">
    +     <span id=\"status-message\">System ready. Select an article from the list or load a PDF to begin extraction.</span>
    + </div>",
    +                 "target": Array [
    +                   "#extraction-status",
    +                 ],
    +               },
    +             ],
    +           },
    +         ],
    +         "failureSummary": "Fix any of the following:
    +   Element has insufficient color contrast of 3.12 (foreground color: #ffffff, background color: #2196f3, font size: 12.0pt (16px), font weight: normal). Expected contrast ratio of 4.5:1",
    +         "html": "<span id=\"status-message\">System ready. Select an article from the list or load a PDF to begin extraction.</span>",
    +         "impact": "serious",
    +         "none": Array [],
    +         "target": Array [
    +           "#status-message",
    +         ],
    +       },
    +     ],
    +     "tags": Array [
    +       "cat.color",
    +       "wcag2aa",
    +       "wcag143",
    +       "TTv5",
    +       "TT13.c",
    +       "EN-301-549",
    +       "EN-9.1.4.3",
    +       "ACT",
    +     ],
    +   },
    +   Object {
    +     "description": "Ensure the order of headings is semantically correct",
    +     "help": "Heading levels should only increase by one",
    +     "helpUrl": "https://dequeuniversity.com/rules/axe/4.10/heading-order?application=playwright",
    +     "id": "heading-order",
    +     "impact": "moderate",
    +     "nodes": Array [
    +       Object {
    +         "all": Array [],
    +         "any": Array [
    +           Object {
    +             "data": null,
    +             "id": "heading-order",
    +             "impact": "moderate",
    +             "message": "Heading order invalid",
    +             "relatedNodes": Array [],
    +           },
    +         ],
    +         "failureSummary": "Fix any of the following:
    +   Heading order invalid",
    +         "html": "<h3 style=\"margin: 0 0 10px 0; color: #2e7d32; font-size: 16px;\">ðŸ“š Systematic Review Progress</h3>",
    +         "impact": "moderate",
    +         "none": Array [],
    +         "target": Array [
    +           "#sr-progress-section > h3",
    +         ],
    +       },
    +       Object {
    +         "all": Array [],
    +         "any": Array [
    +           Object {
    +             "data": null,
    +             "id": "heading-order",
    +             "impact": "moderate",
    +             "message": "Heading order invalid",
    +             "relatedNodes": Array [],
    +           },
    +         ],
    +         "failureSummary": "Fix any of the following:
    +   Heading order invalid",
    +         "html": "<h4 style=\"margin: 0 0 10px 0; font-size: 14px;\">Export Options</h4>",
    +         "impact": "moderate",
    +         "none": Array [],
    +         "target": Array [
    +           "h4",
    +         ],
    +       },
    +     ],
    +     "tags": Array [
    +       "cat.semantics",
    +       "best-practice",
    +     ],
    +   },
    +   Object {
    +     "description": "Ensure every HTML document has a lang attribute",
    +     "help": "<html> element must have a lang attribute",
    +     "helpUrl": "https://dequeuniversity.com/rules/axe/4.10/html-has-lang?application=playwright",
    +     "id": "html-has-lang",
    +     "impact": "serious",
    +     "nodes": Array [
    +       Object {
    +         "all": Array [],
    +         "any": Array [
    +           Object {
    +             "data": Object {
    +               "messageKey": "noLang",
    +             },
    +             "id": "has-lang",
    +             "impact": "serious",
    +             "message": "The <html> element does not have a lang attribute",
    +             "relatedNodes": Array [],
    +           },
    +         ],
    +         "failureSummary": "Fix any of the following:
    +   The <html> element does not have a lang attribute",
    +         "html": "<html>",
    +         "impact": "serious",
    +         "none": Array [],
    +         "target": Array [
    +           "html",
    +         ],
    +       },
    +     ],
    +     "tags": Array [
    +       "cat.language",
    +       "wcag2a",
    +       "wcag311",
    +       "TTv5",
    +       "TT11.a",
    +       "EN-301-549",
    +       "EN-9.3.1.1",
    +       "ACT",
    +     ],
    +   },
    +   Object {
    +     "description": "Ensure every form element has a label",
    +     "help": "Form elements must have labels",
    +     "helpUrl": "https://dequeuniversity.com/rules/axe/4.10/label?application=playwright",
    +     "id": "label",
    +     "impact": "critical",
    +     "nodes": Array [
    +       Object {
    +         "all": Array [],
    +         "any": Array [
    +           Object {
    +             "data": null,
    +             "id": "implicit-label",
    +             "impact": "critical",
    +             "message": "Element does not have an implicit (wrapped) <label>",
    +             "relatedNodes": Array [],
    +           },
    +           Object {
    +             "data": null,
    +             "id": "explicit-label",
    +             "impact": "critical",
    +             "message": "Element does not have an explicit <label>",
    +             "relatedNodes": Array [],
    +           },
    +           Object {
    +             "data": null,
    +             "id": "aria-label",
    +             "impact": "critical",
    +             "message": "aria-label attribute does not exist or is empty",
    +             "relatedNodes": Array [],
    +           },
    +           Object {
    +             "data": null,
    +             "id": "aria-labelledby",
    +             "impact": "critical",
    +             "message": "aria-labelledby attribute does not exist, references elements that do not exist or references elements that are empty",
    +             "relatedNodes": Array [],
    +           },
    +           Object {
    +             "data": Object {
    +               "messageKey": "noAttr",
    +             },
    +             "id": "non-empty-title",
    +             "impact": "critical",
    +             "message": "Element has no title attribute",
    +             "relatedNodes": Array [],
    +           },
    +           Object {
    +             "data": Object {
    +               "messageKey": "noAttr",
    +             },
    +             "id": "non-empty-placeholder",
    +             "impact": "critical",
    +             "message": "Element has no placeholder attribute",
    +             "relatedNodes": Array [],
    +           },
    +           Object {
    +             "data": null,
    +             "id": "presentational-role",
    +             "impact": "critical",
    +             "message": "Element's default semantics were not overridden with role=\"none\" or role=\"presentation\"",
    +             "relatedNodes": Array [],
    +           },
    +         ],
    +         "failureSummary": "Fix any of the following:
    +   Element does not have an implicit (wrapped) <label>
    +   Element does not have an explicit <label>
    +   aria-label attribute does not exist or is empty
    +   aria-labelledby attribute does not exist, references elements that do not exist or references elements that are empty
    +   Element has no title attribute
    +   Element has no placeholder attribute
    +   Element's default semantics were not overridden with role=\"none\" or role=\"presentation\"",
    +         "html": "<input type=\"number\" id=\"page-num\" value=\"1\" style=\"width: 50px; text-align: center;\">",
    +         "impact": "critical",
    +         "none": Array [],
    +         "target": Array [
    +           "#page-num",
    +         ],
    +       },
    +     ],
    +     "tags": Array [
    +       "cat.forms",
    +       "wcag2a",
    +       "wcag412",
    +       "section508",
    +       "section508.22.n",
    +       "TTv5",
    +       "TT5.c",
    +       "EN-301-549",
    +       "EN-9.4.1.2",
    +       "ACT",
    +     ],
    +   },
    +   Object {
    +     "description": "Ensure the document has a main landmark",
    +     "help": "Document should have one main landmark",
    +     "helpUrl": "https://dequeuniversity.com/rules/axe/4.10/landmark-one-main?application=playwright",
    +     "id": "landmark-one-main",
    +     "impact": "moderate",
    +     "nodes": Array [
    +       Object {
    +         "all": Array [
    +           Object {
    +             "data": null,
    +             "id": "page-has-main",
    +             "impact": "moderate",
    +             "message": "Document does not have a main landmark",
    +             "relatedNodes": Array [],
    +           },
    +         ],
    +         "any": Array [],
    +         "failureSummary": "Fix all of the following:
    +   Document does not have a main landmark",
    +         "html": "<html>",
    +         "impact": "moderate",
    +         "none": Array [],
    +         "target": Array [
    +           "html",
    +         ],
    +       },
    +     ],
    +     "tags": Array [
    +       "cat.semantics",
    +       "best-practice",
    +     ],
    +   },
    +   Object {
    +     "description": "Ensure all page content is contained by landmarks",
    +     "help": "All page content should be contained by landmarks",
    +     "helpUrl": "https://dequeuniversity.com/rules/axe/4.10/region?application=playwright",
    +     "id": "region",
    +     "impact": "moderate",
    +     "nodes": Array [
    +       Object {
    +         "all": Array [],
    +         "any": Array [
    +           Object {
    +             "data": Object {
    +               "isIframe": false,
    +             },
    +             "id": "region",
    +             "impact": "moderate",
    +             "message": "Some page content is not contained by landmarks",
    +             "relatedNodes": Array [],
    +           },
    +         ],
    +         "failureSummary": "Fix any of the following:
    +   Some page content is not contained by landmarks",
    +         "html": "<h1>Clinical Study Master Extraction</h1>",
    +         "impact": "moderate",
    +         "none": Array [],
    +         "target": Array [
    +           "h1",
    +         ],
    +       },
    +       Object {
    +         "all": Array [],
    +         "any": Array [
    +           Object {
    +             "data": Object {
    +               "isIframe": false,
    +             },
    +             "id": "region",
    +             "impact": "moderate",
    +             "message": "Some page content is not contained by landmarks",
    +             "relatedNodes": Array [],
    +           },
    +         ],
    +         "failureSummary": "Fix any of the following:
    +   Some page content is not contained by landmarks",
    +         "html": "<p style=\"font-size: 14px; color: #666; margin-bottom: 15px;\">
    +             Complete extraction system with AI assistance and full traceability.
    +         </p>",
    +         "impact": "moderate",
    +         "none": Array [],
    +         "target": Array [
    +           ".form-panel > p",
    +         ],
    +       },
    +       Object {
    +         "all": Array [],
    +         "any": Array [
    +           Object {
    +             "data": Object {
    +               "isIframe": false,
    +             },
    +             "id": "region",
    +             "impact": "moderate",
    +             "message": "Some page content is not contained by landmarks",
    +             "relatedNodes": Array [],
    +           },
    +         ],
    +         "failureSummary": "Fix any of the following:
    +   Some page content is not contained by landmarks",
    +         "html": "<h3 style=\"margin: 0 0 10px 0; color: #2e7d32; font-size: 16px;\">ðŸ“š Systematic Review Progress</h3>",
    +         "impact": "moderate",
    +         "none": Array [],
    +         "target": Array [
    +           "#sr-progress-section > h3",
    +         ],
    +       },
    +       Object {
    +         "all": Array [],
    +         "any": Array [
    +           Object {
    +             "data": Object {
    +               "isIframe": false,
    +             },
    +             "id": "region",
    +             "impact": "moderate",
    +             "message": "Some page content is not contained by landmarks",
    +             "relatedNodes": Array [],
    +           },
    +         ],
    +         "failureSummary": "Fix any of the following:
    +   Some page content is not contained by landmarks",
    +         "html": "<div style=\"display: flex; justify-content: space-between; margin-bottom: 10px;\">",
    +         "impact": "moderate",
    +         "none": Array [],
    +         "target": Array [
    +           "#sr-progress-section > div:nth-child(2)",
    +         ],
    +       },
    +       Object {
    +         "all": Array [],
    +         "any": Array [
    +           Object {
    +             "data": Object {
    +               "isIframe": false,
    +             },
    +             "id": "region",
    +             "impact": "moderate",
    +             "message": "Some page content is not contained by landmarks",
    +             "relatedNodes": Array [],
    +           },
    +         ],
    +         "failureSummary": "Fix any of the following:
    +   Some page content is not contained by landmarks",
    +         "html": "<h3>ðŸ¤– AI Configuration (Gemini)</h3>",
    +         "impact": "moderate",
    +         "none": Array [],
    +         "target": Array [
    +           "#api-key-section > h3",
    +         ],
    +       },
    +       Object {
    +         "all": Array [],
    +         "any": Array [
    +           Object {
    +             "data": Object {
    +               "isIframe": false,
    +             },
    +             "id": "region",
    +             "impact": "moderate",
    +             "message": "Some page content is not contained by landmarks",
    +             "relatedNodes": Array [],
    +           },
    +         ],
    +         "failureSummary": "Fix any of the following:
    +   Some page content is not contained by landmarks",
    +         "html": "<input type=\"password\" id=\"api-key-input\" placeholder=\"Enter Gemini API key\">",
    +         "impact": "moderate",
    +         "none": Array [],
    +         "target": Array [
    +           "#api-key-input",
    +         ],
    +       },
    +       Object {
    +         "all": Array [],
    +         "any": Array [
    +           Object {
    +             "data": Object {
    +               "isIframe": false,
    +             },
    +             "id": "region",
    +             "impact": "moderate",
    +             "message": "Some page content is not contained by landmarks",
    +             "relatedNodes": Array [],
    +           },
    +         ],
    +         "failureSummary": "Fix any of the following:
    +   Some page content is not contained by landmarks",
    +         "html": "<form id=\"extraction-form\">",
    +         "impact": "moderate",
    +         "none": Array [],
    +         "target": Array [
    +           "#extraction-form",
    +         ],
    +       },
    +       Object {
    +         "all": Array [],
    +         "any": Array [
    +           Object {
    +             "data": Object {
    +               "isIframe": false,
    +             },
    +             "id": "region",
    +             "impact": "moderate",
    +             "message": "Some page content is not contained by landmarks",
    +             "relatedNodes": Array [],
    +           },
    +         ],
    +         "failureSummary": "Fix any of the following:
    +   Some page content is not contained by landmarks",
    +         "html": "<div id=\"step-indicator\">Step 1 of 8</div>",
    +         "impact": "moderate",
    +         "none": Array [],
    +         "target": Array [
    +           "#step-indicator",
    +         ],
    +       },
    +       Object {
    +         "all": Array [],
    +         "any": Array [
    +           Object {
    +             "data": Object {
    +               "isIframe": false,
    +             },
    +             "id": "region",
    +             "impact": "moderate",
    +             "message": "Some page content is not contained by landmarks",
    +             "relatedNodes": Array [],
    +           },
    +         ],
    +         "failureSummary": "Fix any of the following:
    +   Some page content is not contained by landmarks",
    +         "html": "<span style=\"color: white;\">
    +                 Page <input type=\"number\" id=\"page-num\" value=\"1\" style=\"width: 50px; text-align: center;\"> 
    +                 of <span id=\"total-pages\">0</span>
    +             </span>",
    +         "impact": "moderate",
    +         "none": Array [],
    +         "target": Array [
    +           ".pdf-toolbar > span",
    +         ],
    +       },
    +       Object {
    +         "all": Array [],
    +         "any": Array [
    +           Object {
    +             "data": Object {
    +               "isIframe": false,
    +             },
    +             "id": "region",
    +             "impact": "moderate",
    +             "message": "Some page content is not contained by landmarks",
    +             "relatedNodes": Array [],
    +           },
    +         ],
    +         "failureSummary": "Fix any of the following:
    +   Some page content is not contained by landmarks",
    +         "html": "<select id=\"zoom-level\" onchange=\"changeZoom(this.value)\">",
    +         "impact": "moderate",
    +         "none": Array [],
    +         "target": Array [
    +           "#zoom-level",
    +         ],
    +       },
    +       Object {
    +         "all": Array [],
    +         "any": Array [
    +           Object {
    +             "data": Object {
    +               "isIframe": false,
    +             },
    +             "id": "region",
    +             "impact": "moderate",
    +             "message": "Some page content is not contained by landmarks",
    +             "relatedNodes": Array [],
    +           },
    +         ],
    +         "failureSummary": "Fix any of the following:
    +   Some page content is not contained by landmarks",
    +         "html": "<input type=\"text\" id=\"pdf-search-input\" placeholder=\"Search PDF...\">",
    +         "impact": "moderate",
    +         "none": Array [],
    +         "target": Array [
    +           "#pdf-search-input",
    +         ],
    +       },
    +       Object {
    +         "all": Array [],
    +         "any": Array [
    +           Object {
    +             "data": Object {
    +               "isIframe": false,
    +             },
    +             "id": "region",
    +             "impact": "moderate",
    +             "message": "Some page content is not contained by landmarks",
    +             "relatedNodes": Array [],
    +           },
    +         ],
    +         "failureSummary": "Fix any of the following:
    +   Some page content is not contained by landmarks",
    +         "html": "<h2 style=\"font-size: 18px; margin-top: 0;\">Extraction Trace Log</h2>",
    +         "impact": "moderate",
    +         "none": Array [],
    +         "target": Array [
    +           ".trace-panel > h2",
    +         ],
    +       },
    +       Object {
    +         "all": Array [],
    +         "any": Array [
    +           Object {
    +             "data": Object {
    +               "isIframe": false,
    +             },
    +             "id": "region",
    +             "impact": "moderate",
    +             "message": "Some page content is not contained by landmarks",
    +             "relatedNodes": Array [],
    +           },
    +         ],
    +         "failureSummary": "Fix any of the following:
    +   Some page content is not contained by landmarks",
    +         "html": "<h4 style=\"margin: 0 0 10px 0; font-size: 14px;\">Export Options</h4>",
    +         "impact": "moderate",
    +         "none": Array [],
    +         "target": Array [
    +           "h4",
    +         ],
    +       },
    +       Object {
    +         "all": Array [],
    +         "any": Array [
    +           Object {
    +             "data": Object {
    +               "isIframe": false,
    +             },
    +             "id": "region",
    +             "impact": "moderate",
    +             "message": "Some page content is not contained by landmarks",
    +             "relatedNodes": Array [],
    +           },
    +         ],
    +         "failureSummary": "Fix any of the following:
    +   Some page content is not contained by landmarks",
    +         "html": "<div style=\"background: #f5f5f5; padding: 10px; border-radius: 4px; margin-bottom: 15px;\">",
    +         "impact": "moderate",
    +         "none": Array [],
    +         "target": Array [
    +           ".trace-panel > div:nth-child(3)",
    +         ],
    +       },
    +       Object {
    +         "all": Array [],
    +         "any": Array [
    +           Object {
    +             "data": Object {
    +               "isIframe": false,
    +             },
    +             "id": "region",
    +             "impact": "moderate",
    +             "message": "Some page content is not contained by landmarks",
    +             "relatedNodes": Array [],
    +           },
    +         ],
    +         "failureSummary": "Fix any of the following:
    +   Some page content is not contained by landmarks",
    +         "html": "<div id=\"extraction-status\" class=\"extraction-status show\" style=\"background: rgb(33, 150, 243); color: white;\">
    +     <span id=\"status-message\">System ready. Select an article from the list or load a PDF to begin extraction.</span>
    + </div>",
    +         "impact": "moderate",
    +         "none": Array [],
    +         "target": Array [
    +           "#extraction-status",
    +         ],
    +       },
    +     ],
    +     "tags": Array [
    +       "cat.keyboard",
    +       "best-practice",
    +     ],
    +   },
    +   Object {
    +     "description": "Ensure select element has an accessible name",
    +     "help": "Select element must have an accessible name",
    +     "helpUrl": "https://dequeuniversity.com/rules/axe/4.10/select-name?application=playwright",
    +     "id": "select-name",
    +     "impact": "critical",
    +     "nodes": Array [
    +       Object {
    +         "all": Array [],
    +         "any": Array [
    +           Object {
    +             "data": null,
    +             "id": "implicit-label",
    +             "impact": "critical",
    +             "message": "Element does not have an implicit (wrapped) <label>",
    +             "relatedNodes": Array [],
    +           },
    +           Object {
    +             "data": null,
    +             "id": "explicit-label",
    +             "impact": "critical",
    +             "message": "Element does not have an explicit <label>",
    +             "relatedNodes": Array [],
    +           },
    +           Object {
    +             "data": null,
    +             "id": "aria-label",
    +             "impact": "critical",
    +             "message": "aria-label attribute does not exist or is empty",
    +             "relatedNodes": Array [],
    +           },
    +           Object {
    +             "data": null,
    +             "id": "aria-labelledby",
    +             "impact": "critical",
    +             "message": "aria-labelledby attribute does not exist, references elements that do not exist or references elements that are empty",
    +             "relatedNodes": Array [],
    +           },
    +           Object {
    +             "data": Object {
    +               "messageKey": "noAttr",
    +             },
    +             "id": "non-empty-title",
    +             "impact": "critical",
    +             "message": "Element has no title attribute",
    +             "relatedNodes": Array [],
    +           },
    +           Object {
    +             "data": null,
    +             "id": "presentational-role",
    +             "impact": "critical",
    +             "message": "Element's default semantics were not overridden with role=\"none\" or role=\"presentation\"",
    +             "relatedNodes": Array [],
    +           },
    +         ],
    +         "failureSummary": "Fix any of the following:
    +   Element does not have an implicit (wrapped) <label>
    +   Element does not have an explicit <label>
    +   aria-label attribute does not exist or is empty
    +   aria-labelledby attribute does not exist, references elements that do not exist or references elements that are empty
    +   Element has no title attribute
    +   Element's default semantics were not overridden with role=\"none\" or role=\"presentation\"",
    +         "html": "<select id=\"zoom-level\" onchange=\"changeZoom(this.value)\">",
    +         "impact": "critical",
    +         "none": Array [],
    +         "target": Array [
    +           "#zoom-level",
    +         ],
    +       },
    +     ],
    +     "tags": Array [
    +       "cat.forms",
    +       "wcag2a",
    +       "wcag412",
    +       "section508",
    +       "section508.22.n",
    +       "TTv5",
    +       "TT5.c",
    +       "EN-301-549",
    +       "EN-9.4.1.2",
    +       "ACT",
    +     ],
    +   },
    + ]

      11 |     const accessibilityScanResults = await new AxeBuilder({ page }).analyze();
      12 |     
    > 13 |     expect(accessibilityScanResults.violations).toEqual([]);
         |                                                 ^
      14 |   });
      15 |
      16 |   test('should be keyboard navigable', async ({ page }) => {
        at /Users/matheusrech/Downloads/form-to-sr-extraction/tests/accessibility.spec.js:13:49

    attachment #1: screenshot (image/png) ──────────────────────────────────────────────────────────
    ../test-results/accessibility-Accessibilit-ba859-ve-accessibility-violations-Mobile-Chrome/test-failed-1.png
    ────────────────────────────────────────────────────────────────────────────────────────────────

    attachment #2: video (video/webm) ──────────────────────────────────────────────────────────────
    ../test-results/accessibility-Accessibilit-ba859-ve-accessibility-violations-Mobile-Chrome/video-1.webm
    ────────────────────────────────────────────────────────────────────────────────────────────────

    attachment #3: video (video/webm) ──────────────────────────────────────────────────────────────
    ../test-results/accessibility-Accessibilit-ba859-ve-accessibility-violations-Mobile-Chrome/video.webm
    ────────────────────────────────────────────────────────────────────────────────────────────────

    Error Context: ../test-results/accessibility-Accessibilit-ba859-ve-accessibility-violations-Mobile-Chrome/error-context.md
]]>
</failure>
<system-err>
<![CDATA[
Warning: attachment test-results/accessibility-Accessibilit-ba859-ve-accessibility-violations-Mobile-Chrome/test-failed-1.png is missing
Warning: attachment test-results/accessibility-Accessibilit-ba859-ve-accessibility-violations-Mobile-Chrome/video-1.webm is missing
Warning: attachment test-results/accessibility-Accessibilit-ba859-ve-accessibility-violations-Mobile-Chrome/video.webm is missing
Warning: attachment test-results/accessibility-Accessibilit-ba859-ve-accessibility-violations-Mobile-Chrome/error-context.md is missing]]>
</system-err>
</testcase>
<testcase name="Accessibility Tests › should be keyboard navigable" classname="accessibility.spec.js" time="0.853">
</testcase>
<testcase name="Accessibility Tests › should have proper ARIA labels" classname="accessibility.spec.js" time="5.52">
<failure message="accessibility.spec.js:32:3 should have proper ARIA labels" type="FAILURE">
<![CDATA[  [Mobile Chrome] › accessibility.spec.js:32:3 › Accessibility Tests › should have proper ARIA labels 

    Error: expect(locator).toBeVisible() failed

    Locator:  locator('label[for="api-key-input"]')
    Expected: visible
    Received: <element(s) not found>
    Timeout:  5000ms

    Call log:
      - Expect "toBeVisible" with timeout 5000ms
      - waiting for locator('label[for="api-key-input"]')


      40 |       if (id) {
      41 |         const label = page.locator(`label[for="${id}"]`);
    > 42 |         await expect(label).toBeVisible();
         |                             ^
      43 |       }
      44 |     }
      45 |   });
        at /Users/matheusrech/Downloads/form-to-sr-extraction/tests/accessibility.spec.js:42:29

    attachment #1: screenshot (image/png) ──────────────────────────────────────────────────────────
    ../test-results/accessibility-Accessibilit-10e6e-uld-have-proper-ARIA-labels-Mobile-Chrome/test-failed-1.png
    ────────────────────────────────────────────────────────────────────────────────────────────────

    attachment #2: video (video/webm) ──────────────────────────────────────────────────────────────
    ../test-results/accessibility-Accessibilit-10e6e-uld-have-proper-ARIA-labels-Mobile-Chrome/video.webm
    ────────────────────────────────────────────────────────────────────────────────────────────────

    Error Context: ../test-results/accessibility-Accessibilit-10e6e-uld-have-proper-ARIA-labels-Mobile-Chrome/error-context.md
]]>
</failure>
<system-err>
<![CDATA[
Warning: attachment test-results/accessibility-Accessibilit-10e6e-uld-have-proper-ARIA-labels-Mobile-Chrome/test-failed-1.png is missing
Warning: attachment test-results/accessibility-Accessibilit-10e6e-uld-have-proper-ARIA-labels-Mobile-Chrome/video.webm is missing
Warning: attachment test-results/accessibility-Accessibilit-10e6e-uld-have-proper-ARIA-labels-Mobile-Chrome/error-context.md is missing]]>
</system-err>
</testcase>
<testcase name="Accessibility Tests › should support screen readers" classname="accessibility.spec.js" time="0.465">
</testcase>
</testsuite>
<testsuite name="e2e-user-journey.spec.js" timestamp="2025-09-28T21:31:01.926Z" hostname="Mobile Chrome" tests="1" failures="0" skipped="0" time="3.433" errors="0">
<testcase name="Clinical researcher journey › processes a queued article end-to-end" classname="e2e-user-journey.spec.js" time="3.433">
</testcase>
</testsuite>
<testsuite name="performance.spec.js" timestamp="2025-09-28T21:31:01.926Z" hostname="Mobile Chrome" tests="4" failures="0" skipped="0" time="3.713" errors="0">
<testcase name="Performance Tests › should load within acceptable time" classname="performance.spec.js" time="0.885">
</testcase>
<testcase name="Performance Tests › should handle large form interactions efficiently" classname="performance.spec.js" time="1.124">
</testcase>
<testcase name="Performance Tests › should maintain performance with many extractions" classname="performance.spec.js" time="0.902">
</testcase>
<testcase name="Performance Tests › should handle localStorage efficiently" classname="performance.spec.js" time="0.802">
</testcase>
</testsuite>
<testsuite name="01-basic-functionality.spec.js" timestamp="2025-09-28T21:31:01.926Z" hostname="Mobile Safari" tests="6" failures="2" skipped="0" time="16.064" errors="0">
<testcase name="Basic Application Functionality › should load the application successfully" classname="01-basic-functionality.spec.js" time="2.046">
</testcase>
<testcase name="Basic Application Functionality › should display systematic review progress section" classname="01-basic-functionality.spec.js" time="2.206">
</testcase>
<testcase name="Basic Application Functionality › should show API key configuration section" classname="01-basic-functionality.spec.js" time="1.85">
</testcase>
<testcase name="Basic Application Functionality › should display form with linked inputs" classname="01-basic-functionality.spec.js" time="6.809">
<failure message="01-basic-functionality.spec.js:38:3 should display form with linked inputs" type="FAILURE">
<![CDATA[  [Mobile Safari] › 01-basic-functionality.spec.js:38:3 › Basic Application Functionality › should display form with linked inputs 

    Error: expect(locator).toHaveCount(expected) failed

    Locator:  locator('.linked-input')
    Expected: 9
    Received: 10
    Timeout:  5000ms

    Call log:
      - Expect "toHaveCount" with timeout 5000ms
      - waiting for locator('.linked-input')
        9 × locator resolved to 10 elements
          - unexpected value "10"


      43 |     
      44 |     // Check linked-input class
    > 45 |     await expect(page.locator('.linked-input')).toHaveCount(9); // Step 1 has 9 fields
         |                                                 ^
      46 |   });
      47 |
      48 |   test('should show export options in trace panel', async ({ page }) => {
        at /Users/matheusrech/Downloads/form-to-sr-extraction/tests/01-basic-functionality.spec.js:45:49

    attachment #1: screenshot (image/png) ──────────────────────────────────────────────────────────
    ../test-results/01-basic-functionality-Bas-bdedb-lay-form-with-linked-inputs-Mobile-Safari/test-failed-1.png
    ────────────────────────────────────────────────────────────────────────────────────────────────

    attachment #2: video (video/webm) ──────────────────────────────────────────────────────────────
    ../test-results/01-basic-functionality-Bas-bdedb-lay-form-with-linked-inputs-Mobile-Safari/video.webm
    ────────────────────────────────────────────────────────────────────────────────────────────────

    Error Context: ../test-results/01-basic-functionality-Bas-bdedb-lay-form-with-linked-inputs-Mobile-Safari/error-context.md
]]>
</failure>
<system-out>
<![CDATA[
[[ATTACHMENT|test-results/01-basic-functionality-Bas-bdedb-lay-form-with-linked-inputs-Mobile-Safari/test-failed-1.png]]

[[ATTACHMENT|test-results/01-basic-functionality-Bas-bdedb-lay-form-with-linked-inputs-Mobile-Safari/video.webm]]

[[ATTACHMENT|test-results/01-basic-functionality-Bas-bdedb-lay-form-with-linked-inputs-Mobile-Safari/error-context.md]]
]]>
</system-out>
</testcase>
<testcase name="Basic Application Functionality › should show export options in trace panel" classname="01-basic-functionality.spec.js" time="1.707">
<failure message="01-basic-functionality.spec.js:48:3 should show export options in trace panel" type="FAILURE">
<![CDATA[  [Mobile Safari] › 01-basic-functionality.spec.js:48:3 › Basic Application Functionality › should show export options in trace panel 

    Error: expect.toBeVisible: Error: strict mode violation: getByText('CSV') resolved to 3 elements:
        1) <button onclick="exportCSV()">ðŸ“Š CSV</button> aka getByRole('button', { name: 'ðŸ“Š CSV' })
        2) <button onclick="exportMainDatabase()">↵                    ðŸ“Š Main Data CSV↵         …</button> aka getByRole('button', { name: 'ðŸ“Š Main Data CSV' })
        3) <button onclick="exportTraceDatabase()">↵                    ðŸ“ Trace Data CSV↵        …</button> aka getByRole('button', { name: 'ðŸ“ Trace Data CSV' })

    Call log:
      - Expect "toBeVisible" with timeout 5000ms
      - waiting for getByText('CSV')


      52 |     // Check export buttons
      53 |     await expect(page.getByText('JSON')).toBeVisible();
    > 54 |     await expect(page.getByText('CSV')).toBeVisible();
         |                                         ^
      55 |     await expect(page.getByText('Audit')).toBeVisible();
      56 |     await expect(page.getByText('Ann. PDF')).toBeVisible();
      57 |   });
        at /Users/matheusrech/Downloads/form-to-sr-extraction/tests/01-basic-functionality.spec.js:54:41

    attachment #1: screenshot (image/png) ──────────────────────────────────────────────────────────
    ../test-results/01-basic-functionality-Bas-4b1f3-port-options-in-trace-panel-Mobile-Safari/test-failed-1.png
    ────────────────────────────────────────────────────────────────────────────────────────────────

    attachment #2: video (video/webm) ──────────────────────────────────────────────────────────────
    ../test-results/01-basic-functionality-Bas-4b1f3-port-options-in-trace-panel-Mobile-Safari/video.webm
    ────────────────────────────────────────────────────────────────────────────────────────────────

    Error Context: ../test-results/01-basic-functionality-Bas-4b1f3-port-options-in-trace-panel-Mobile-Safari/error-context.md
]]>
</failure>
<system-out>
<![CDATA[
[[ATTACHMENT|test-results/01-basic-functionality-Bas-4b1f3-port-options-in-trace-panel-Mobile-Safari/test-failed-1.png]]

[[ATTACHMENT|test-results/01-basic-functionality-Bas-4b1f3-port-options-in-trace-panel-Mobile-Safari/video.webm]]

[[ATTACHMENT|test-results/01-basic-functionality-Bas-4b1f3-port-options-in-trace-panel-Mobile-Safari/error-context.md]]
]]>
</system-out>
</testcase>
<testcase name="Basic Application Functionality › should handle keyboard shortcuts" classname="01-basic-functionality.spec.js" time="1.446">
</testcase>
</testsuite>
<testsuite name="02-pdf-functionality.spec.js" timestamp="2025-09-28T21:31:01.926Z" hostname="Mobile Safari" tests="5" failures="1" skipped="0" time="14.529" errors="0">
<testcase name="PDF Functionality › should show PDF controls" classname="02-pdf-functionality.spec.js" time="1.905">
</testcase>
<testcase name="PDF Functionality › should have search functionality" classname="02-pdf-functionality.spec.js" time="6.76">
<failure message="02-pdf-functionality.spec.js:23:3 should have search functionality" type="FAILURE">
<![CDATA[  [Mobile Safari] › 02-pdf-functionality.spec.js:23:3 › PDF Functionality › should have search functionality 

    Error: expect(locator).toBeVisible() failed

    Locator:  locator('button:has-text("🔍")')
    Expected: visible
    Received: <element(s) not found>
    Timeout:  5000ms

    Call log:
      - Expect "toBeVisible" with timeout 5000ms
      - waiting for locator('button:has-text("🔍")')


      27 |     
      28 |     const searchButton = page.locator('button:has-text("🔍")');
    > 29 |     await expect(searchButton).toBeVisible();
         |                                ^
      30 |   });
      31 |
      32 |   test('should show page navigation controls', async ({ page }) => {
        at /Users/matheusrech/Downloads/form-to-sr-extraction/tests/02-pdf-functionality.spec.js:29:32

    attachment #1: screenshot (image/png) ──────────────────────────────────────────────────────────
    ../test-results/02-pdf-functionality-PDF-F-00eda-d-have-search-functionality-Mobile-Safari/test-failed-1.png
    ────────────────────────────────────────────────────────────────────────────────────────────────

    attachment #2: video (video/webm) ──────────────────────────────────────────────────────────────
    ../test-results/02-pdf-functionality-PDF-F-00eda-d-have-search-functionality-Mobile-Safari/video.webm
    ────────────────────────────────────────────────────────────────────────────────────────────────

    Error Context: ../test-results/02-pdf-functionality-PDF-F-00eda-d-have-search-functionality-Mobile-Safari/error-context.md
]]>
</failure>
<system-out>
<![CDATA[
[[ATTACHMENT|test-results/02-pdf-functionality-PDF-F-00eda-d-have-search-functionality-Mobile-Safari/test-failed-1.png]]

[[ATTACHMENT|test-results/02-pdf-functionality-PDF-F-00eda-d-have-search-functionality-Mobile-Safari/video.webm]]

[[ATTACHMENT|test-results/02-pdf-functionality-PDF-F-00eda-d-have-search-functionality-Mobile-Safari/error-context.md]]
]]>
</system-out>
</testcase>
<testcase name="PDF Functionality › should show page navigation controls" classname="02-pdf-functionality.spec.js" time="1.775">
</testcase>
<testcase name="PDF Functionality › should handle zoom controls" classname="02-pdf-functionality.spec.js" time="1.408">
</testcase>
<testcase name="PDF Functionality › should handle PDF container" classname="02-pdf-functionality.spec.js" time="2.681">
</testcase>
</testsuite>
<testsuite name="03-systematic-review.spec.js" timestamp="2025-09-28T21:31:01.926Z" hostname="Mobile Safari" tests="5" failures="1" skipped="0" time="19.548" errors="0">
<testcase name="Systematic Review Workflow › should display articles list when toggled" classname="03-systematic-review.spec.js" time="6.577">
<failure message="03-systematic-review.spec.js:11:3 should display articles list when toggled" type="FAILURE">
<![CDATA[  [Mobile Safari] › 03-systematic-review.spec.js:11:3 › Systematic Review Workflow › should display articles list when toggled 

    Error: expect(locator).toBeVisible() failed

    Locator:  getByText('Show Queue Status')
    Expected: visible
    Received: <element(s) not found>
    Timeout:  5000ms

    Call log:
      - Expect "toBeVisible" with timeout 5000ms
      - waiting for getByText('Show Queue Status')


      11 |   test('should display articles list when toggled', async ({ page }) => {
      12 |     const toggleButton = page.getByText('Show Queue Status');
    > 13 |     await expect(toggleButton).toBeVisible();
         |                                ^
      14 |     
      15 |     // Initially hidden
      16 |     const articlesList = page.locator('#articles-list');
        at /Users/matheusrech/Downloads/form-to-sr-extraction/tests/03-systematic-review.spec.js:13:32

    attachment #1: screenshot (image/png) ──────────────────────────────────────────────────────────
    ../test-results/03-systematic-review-Syste-ca5ef--articles-list-when-toggled-Mobile-Safari/test-failed-1.png
    ────────────────────────────────────────────────────────────────────────────────────────────────

    attachment #2: video (video/webm) ──────────────────────────────────────────────────────────────
    ../test-results/03-systematic-review-Syste-ca5ef--articles-list-when-toggled-Mobile-Safari/video.webm
    ────────────────────────────────────────────────────────────────────────────────────────────────

    Error Context: ../test-results/03-systematic-review-Syste-ca5ef--articles-list-when-toggled-Mobile-Safari/error-context.md
]]>
</failure>
<system-out>
<![CDATA[
[[ATTACHMENT|test-results/03-systematic-review-Syste-ca5ef--articles-list-when-toggled-Mobile-Safari/test-failed-1.png]]

[[ATTACHMENT|test-results/03-systematic-review-Syste-ca5ef--articles-list-when-toggled-Mobile-Safari/video.webm]]

[[ATTACHMENT|test-results/03-systematic-review-Syste-ca5ef--articles-list-when-toggled-Mobile-Safari/error-context.md]]
]]>
</system-out>
</testcase>
<testcase name="Systematic Review Workflow › should show save and complete buttons" classname="03-systematic-review.spec.js" time="7.843">
</testcase>
<testcase name="Systematic Review Workflow › should track progress stats" classname="03-systematic-review.spec.js" time="1.818">
</testcase>
<testcase name="Systematic Review Workflow › should handle save progress functionality" classname="03-systematic-review.spec.js" time="1.557">
</testcase>
<testcase name="Systematic Review Workflow › should show export database options" classname="03-systematic-review.spec.js" time="1.753">
</testcase>
</testsuite>
<testsuite name="04-form-interaction.spec.js" timestamp="2025-09-28T21:31:01.926Z" hostname="Mobile Safari" tests="5" failures="2" skipped="0" time="11.732" errors="0">
<testcase name="Form Interaction › should highlight active field on focus" classname="04-form-interaction.spec.js" time="1.314">
</testcase>
<testcase name="Form Interaction › should show validation status indicators" classname="04-form-interaction.spec.js" time="6.289">
<failure message="04-form-interaction.spec.js:22:3 should show validation status indicators" type="FAILURE">
<![CDATA[  [Mobile Safari] › 04-form-interaction.spec.js:22:3 › Form Interaction › should show validation status indicators 

    Error: expect(locator).toHaveCount(expected) failed

    Locator:  locator('.validation-status')
    Expected: 9
    Received: 1
    Timeout:  5000ms

    Call log:
      - Expect "toHaveCount" with timeout 5000ms
      - waiting for locator('.validation-status')
        9 × locator resolved to 1 element
          - unexpected value "1"


      22 |   test('should show validation status indicators', async ({ page }) => {
      23 |     const validationIndicators = page.locator('.validation-status');
    > 24 |     await expect(validationIndicators).toHaveCount(9); // Step 1 has 9 fields
         |                                        ^
      25 |   });
      26 |
      27 |   test('should handle form field input', async ({ page }) => {
        at /Users/matheusrech/Downloads/form-to-sr-extraction/tests/04-form-interaction.spec.js:24:40

    attachment #1: screenshot (image/png) ──────────────────────────────────────────────────────────
    ../test-results/04-form-interaction-Form-I-aa509-alidation-status-indicators-Mobile-Safari/test-failed-1.png
    ────────────────────────────────────────────────────────────────────────────────────────────────

    attachment #2: video (video/webm) ──────────────────────────────────────────────────────────────
    ../test-results/04-form-interaction-Form-I-aa509-alidation-status-indicators-Mobile-Safari/video.webm
    ────────────────────────────────────────────────────────────────────────────────────────────────

    Error Context: ../test-results/04-form-interaction-Form-I-aa509-alidation-status-indicators-Mobile-Safari/error-context.md
]]>
</failure>
<system-out>
<![CDATA[
[[ATTACHMENT|test-results/04-form-interaction-Form-I-aa509-alidation-status-indicators-Mobile-Safari/test-failed-1.png]]

[[ATTACHMENT|test-results/04-form-interaction-Form-I-aa509-alidation-status-indicators-Mobile-Safari/video.webm]]

[[ATTACHMENT|test-results/04-form-interaction-Form-I-aa509-alidation-status-indicators-Mobile-Safari/error-context.md]]
]]>
</system-out>
</testcase>
<testcase name="Form Interaction › should handle form field input" classname="04-form-interaction.spec.js" time="1.301">
</testcase>
<testcase name="Form Interaction › should show AI extract buttons" classname="04-form-interaction.spec.js" time="1.217">
<failure message="04-form-interaction.spec.js:37:3 should show AI extract buttons" type="FAILURE">
<![CDATA[  [Mobile Safari] › 04-form-interaction.spec.js:37:3 › Form Interaction › should show AI extract buttons 

    Error: expect.toBeVisible: Error: strict mode violation: getByText('AI Extract') resolved to 2 elements:
        1) <button type="button" class="ai-btn" onclick="aiExtractStep(1)">âœ¨ AI Extract</button> aka getByRole('button', { name: 'âœ¨ AI Extract' })
        2) <span>AI Extractions:</span> aka getByText('AI Extractions:')

    Call log:
      - Expect "toBeVisible" with timeout 5000ms
      - waiting for getByText('AI Extract')


      37 |   test('should show AI extract buttons', async ({ page }) => {
      38 |     const aiButton = page.getByText('AI Extract');
    > 39 |     await expect(aiButton).toBeVisible();
         |                            ^
      40 |     await expect(aiButton).toHaveClass(/ai-btn/);
      41 |   });
      42 |
        at /Users/matheusrech/Downloads/form-to-sr-extraction/tests/04-form-interaction.spec.js:39:28

    attachment #1: screenshot (image/png) ──────────────────────────────────────────────────────────
    ../test-results/04-form-interaction-Form-I-b332e-uld-show-AI-extract-buttons-Mobile-Safari/test-failed-1.png
    ────────────────────────────────────────────────────────────────────────────────────────────────

    attachment #2: video (video/webm) ──────────────────────────────────────────────────────────────
    ../test-results/04-form-interaction-Form-I-b332e-uld-show-AI-extract-buttons-Mobile-Safari/video.webm
    ────────────────────────────────────────────────────────────────────────────────────────────────

    Error Context: ../test-results/04-form-interaction-Form-I-b332e-uld-show-AI-extract-buttons-Mobile-Safari/error-context.md
]]>
</failure>
<system-out>
<![CDATA[
[[ATTACHMENT|test-results/04-form-interaction-Form-I-b332e-uld-show-AI-extract-buttons-Mobile-Safari/test-failed-1.png]]

[[ATTACHMENT|test-results/04-form-interaction-Form-I-b332e-uld-show-AI-extract-buttons-Mobile-Safari/video.webm]]

[[ATTACHMENT|test-results/04-form-interaction-Form-I-b332e-uld-show-AI-extract-buttons-Mobile-Safari/error-context.md]]
]]>
</system-out>
</testcase>
<testcase name="Form Interaction › should handle required field validation" classname="04-form-interaction.spec.js" time="1.611">
</testcase>
</testsuite>
<testsuite name="05-ai-integration.spec.js" timestamp="2025-09-28T21:31:01.926Z" hostname="Mobile Safari" tests="4" failures="1" skipped="0" time="5.68" errors="0">
<testcase name="AI Integration › should handle API key input" classname="05-ai-integration.spec.js" time="1.219">
</testcase>
<testcase name="AI Integration › should show test button for API key" classname="05-ai-integration.spec.js" time="1.773">
</testcase>
<testcase name="AI Integration › should show AI modal on processing" classname="05-ai-integration.spec.js" time="1.271">
</testcase>
<testcase name="AI Integration › should have AI extract functionality per step" classname="05-ai-integration.spec.js" time="1.417">
<failure message="05-ai-integration.spec.js:43:3 should have AI extract functionality per step" type="FAILURE">
<![CDATA[  [Mobile Safari] › 05-ai-integration.spec.js:43:3 › AI Integration › should have AI extract functionality per step 

    Error: expect.toBeVisible: Error: strict mode violation: getByText('AI Extract') resolved to 2 elements:
        1) <button type="button" class="ai-btn" onclick="aiExtractStep(1)">âœ¨ AI Extract</button> aka getByRole('button', { name: 'âœ¨ AI Extract' })
        2) <span>AI Extractions:</span> aka getByText('AI Extractions:')

    Call log:
      - Expect "toBeVisible" with timeout 5000ms
      - waiting for getByText('AI Extract')


      43 |   test('should have AI extract functionality per step', async ({ page }) => {
      44 |     const aiExtractButton = page.getByText('AI Extract');
    > 45 |     await expect(aiExtractButton).toBeVisible();
         |                                   ^
      46 |     
      47 |     // Click should trigger AI extraction (would need API key)
      48 |     // For now, just verify the button exists and is clickable
        at /Users/matheusrech/Downloads/form-to-sr-extraction/tests/05-ai-integration.spec.js:45:35

    attachment #1: screenshot (image/png) ──────────────────────────────────────────────────────────
    ../test-results/05-ai-integration-AI-Integ-7de3a-ract-functionality-per-step-Mobile-Safari/test-failed-1.png
    ────────────────────────────────────────────────────────────────────────────────────────────────

    attachment #2: video (video/webm) ──────────────────────────────────────────────────────────────
    ../test-results/05-ai-integration-AI-Integ-7de3a-ract-functionality-per-step-Mobile-Safari/video.webm
    ────────────────────────────────────────────────────────────────────────────────────────────────

    Error Context: ../test-results/05-ai-integration-AI-Integ-7de3a-ract-functionality-per-step-Mobile-Safari/error-context.md
]]>
</failure>
<system-out>
<![CDATA[
[[ATTACHMENT|test-results/05-ai-integration-AI-Integ-7de3a-ract-functionality-per-step-Mobile-Safari/test-failed-1.png]]

[[ATTACHMENT|test-results/05-ai-integration-AI-Integ-7de3a-ract-functionality-per-step-Mobile-Safari/video.webm]]

[[ATTACHMENT|test-results/05-ai-integration-AI-Integ-7de3a-ract-functionality-per-step-Mobile-Safari/error-context.md]]
]]>
</system-out>
</testcase>
</testsuite>
<testsuite name="06-extraction-tracking.spec.js" timestamp="2025-09-28T21:31:01.926Z" hostname="Mobile Safari" tests="4" failures="1" skipped="0" time="10.467" errors="0">
<testcase name="Extraction Tracking › should show trace log panel" classname="06-extraction-tracking.spec.js" time="6.334">
<failure message="06-extraction-tracking.spec.js:11:3 should show trace log panel" type="FAILURE">
<![CDATA[  [Mobile Safari] › 06-extraction-tracking.spec.js:11:3 › Extraction Tracking › should show trace log panel 

    Error: expect(locator).toBeVisible() failed

    Locator:  locator('#trace-log')
    Expected: visible
    Received: hidden
    Timeout:  5000ms

    Call log:
      - Expect "toBeVisible" with timeout 5000ms
      - waiting for locator('#trace-log')
        9 × locator resolved to <div id="trace-log"></div>
          - unexpected value "hidden"


      11 |   test('should show trace log panel', async ({ page }) => {
      12 |     const traceLog = page.locator('#trace-log');
    > 13 |     await expect(traceLog).toBeVisible();
         |                            ^
      14 |   });
      15 |
      16 |   test('should display extraction statistics', async ({ page }) => {
        at /Users/matheusrech/Downloads/form-to-sr-extraction/tests/06-extraction-tracking.spec.js:13:28

    attachment #1: screenshot (image/png) ──────────────────────────────────────────────────────────
    ../test-results/06-extraction-tracking-Ext-081a8-should-show-trace-log-panel-Mobile-Safari/test-failed-1.png
    ────────────────────────────────────────────────────────────────────────────────────────────────

    attachment #2: video (video/webm) ──────────────────────────────────────────────────────────────
    ../test-results/06-extraction-tracking-Ext-081a8-should-show-trace-log-panel-Mobile-Safari/video.webm
    ────────────────────────────────────────────────────────────────────────────────────────────────

    Error Context: ../test-results/06-extraction-tracking-Ext-081a8-should-show-trace-log-panel-Mobile-Safari/error-context.md
]]>
</failure>
<system-out>
<![CDATA[
[[ATTACHMENT|test-results/06-extraction-tracking-Ext-081a8-should-show-trace-log-panel-Mobile-Safari/test-failed-1.png]]

[[ATTACHMENT|test-results/06-extraction-tracking-Ext-081a8-should-show-trace-log-panel-Mobile-Safari/video.webm]]

[[ATTACHMENT|test-results/06-extraction-tracking-Ext-081a8-should-show-trace-log-panel-Mobile-Safari/error-context.md]]
]]>
</system-out>
</testcase>
<testcase name="Extraction Tracking › should display extraction statistics" classname="06-extraction-tracking.spec.js" time="1.337">
</testcase>
<testcase name="Extraction Tracking › should show undo and clear buttons" classname="06-extraction-tracking.spec.js" time="1.573">
</testcase>
<testcase name="Extraction Tracking › should handle clear all extractions with confirmation" classname="06-extraction-tracking.spec.js" time="1.223">
</testcase>
</testsuite>
<testsuite name="07-export-functionality.spec.js" timestamp="2025-09-28T21:31:01.926Z" hostname="Mobile Safari" tests="5" failures="4" skipped="0" time="69.332" errors="0">
<testcase name="Export Functionality › should show all export buttons" classname="07-export-functionality.spec.js" time="6.259">
<failure message="07-export-functionality.spec.js:11:3 should show all export buttons" type="FAILURE">
<![CDATA[  [Mobile Safari] › 07-export-functionality.spec.js:11:3 › Export Functionality › should show all export buttons 

    Error: expect(locator).toBeVisible() failed

    Locator:  getByText('JSON', { exact: true })
    Expected: visible
    Received: <element(s) not found>
    Timeout:  5000ms

    Call log:
      - Expect "toBeVisible" with timeout 5000ms
      - waiting for getByText('JSON', { exact: true })


      21 |     
      22 |     for (const buttonText of exportButtons) {
    > 23 |       await expect(page.getByText(buttonText, { exact: true })).toBeVisible();
         |                                                                 ^
      24 |     }
      25 |   });
      26 |
        at /Users/matheusrech/Downloads/form-to-sr-extraction/tests/07-export-functionality.spec.js:23:65

    attachment #1: screenshot (image/png) ──────────────────────────────────────────────────────────
    ../test-results/07-export-functionality-Ex-c4e2c-uld-show-all-export-buttons-Mobile-Safari/test-failed-1.png
    ────────────────────────────────────────────────────────────────────────────────────────────────

    attachment #2: video (video/webm) ──────────────────────────────────────────────────────────────
    ../test-results/07-export-functionality-Ex-c4e2c-uld-show-all-export-buttons-Mobile-Safari/video.webm
    ────────────────────────────────────────────────────────────────────────────────────────────────

    Error Context: ../test-results/07-export-functionality-Ex-c4e2c-uld-show-all-export-buttons-Mobile-Safari/error-context.md
]]>
</failure>
<system-out>
<![CDATA[
[[ATTACHMENT|test-results/07-export-functionality-Ex-c4e2c-uld-show-all-export-buttons-Mobile-Safari/test-failed-1.png]]

[[ATTACHMENT|test-results/07-export-functionality-Ex-c4e2c-uld-show-all-export-buttons-Mobile-Safari/video.webm]]

[[ATTACHMENT|test-results/07-export-functionality-Ex-c4e2c-uld-show-all-export-buttons-Mobile-Safari/error-context.md]]
]]>
</system-out>
</testcase>
<testcase name="Export Functionality › should handle JSON export" classname="07-export-functionality.spec.js" time="30.227">
<failure message="07-export-functionality.spec.js:27:3 should handle JSON export" type="FAILURE">
<![CDATA[  [Mobile Safari] › 07-export-functionality.spec.js:27:3 › Export Functionality › should handle JSON export 

    Test timeout of 30000ms exceeded.

    Error: page.waitForEvent: Test timeout of 30000ms exceeded.
    =========================== logs ===========================
    waiting for event "download"
    ============================================================

      27 |   test('should handle JSON export', async ({ page }) => {
      28 |     // Listen for download
    > 29 |     const downloadPromise = page.waitForEvent('download');
         |                                  ^
      30 |     
      31 |     await page.getByText('JSON', { exact: true }).click();
      32 |     
        at /Users/matheusrech/Downloads/form-to-sr-extraction/tests/07-export-functionality.spec.js:29:34

    Error: locator.click: Test timeout of 30000ms exceeded.
    Call log:
      - waiting for getByText('JSON', { exact: true })


      29 |     const downloadPromise = page.waitForEvent('download');
      30 |     
    > 31 |     await page.getByText('JSON', { exact: true }).click();
         |                                                   ^
      32 |     
      33 |     const download = await downloadPromise;
      34 |     expect(download.suggestedFilename()).toMatch(/extraction_\d+\.json/);
        at /Users/matheusrech/Downloads/form-to-sr-extraction/tests/07-export-functionality.spec.js:31:51

    attachment #1: screenshot (image/png) ──────────────────────────────────────────────────────────
    ../test-results/07-export-functionality-Ex-b2fd8-y-should-handle-JSON-export-Mobile-Safari/test-failed-1.png
    ────────────────────────────────────────────────────────────────────────────────────────────────

    Error Context: ../test-results/07-export-functionality-Ex-b2fd8-y-should-handle-JSON-export-Mobile-Safari/error-context.md

    attachment #3: video (video/webm) ──────────────────────────────────────────────────────────────
    ../test-results/07-export-functionality-Ex-b2fd8-y-should-handle-JSON-export-Mobile-Safari/video.webm
    ────────────────────────────────────────────────────────────────────────────────────────────────
]]>
</failure>
<system-out>
<![CDATA[
[[ATTACHMENT|test-results/07-export-functionality-Ex-b2fd8-y-should-handle-JSON-export-Mobile-Safari/test-failed-1.png]]

[[ATTACHMENT|test-results/07-export-functionality-Ex-b2fd8-y-should-handle-JSON-export-Mobile-Safari/error-context.md]]

[[ATTACHMENT|test-results/07-export-functionality-Ex-b2fd8-y-should-handle-JSON-export-Mobile-Safari/video.webm]]
]]>
</system-out>
</testcase>
<testcase name="Export Functionality › should handle CSV export" classname="07-export-functionality.spec.js" time="30.147">
<failure message="07-export-functionality.spec.js:37:3 should handle CSV export" type="FAILURE">
<![CDATA[  [Mobile Safari] › 07-export-functionality.spec.js:37:3 › Export Functionality › should handle CSV export 

    Test timeout of 30000ms exceeded.

    Error: page.waitForEvent: Test timeout of 30000ms exceeded.
    =========================== logs ===========================
    waiting for event "download"
    ============================================================

      36 |
      37 |   test('should handle CSV export', async ({ page }) => {
    > 38 |     const downloadPromise = page.waitForEvent('download');
         |                                  ^
      39 |     
      40 |     await page.getByText('CSV', { exact: true }).click();
      41 |     
        at /Users/matheusrech/Downloads/form-to-sr-extraction/tests/07-export-functionality.spec.js:38:34

    Error: locator.click: Test timeout of 30000ms exceeded.
    Call log:
      - waiting for getByText('CSV', { exact: true })


      38 |     const downloadPromise = page.waitForEvent('download');
      39 |     
    > 40 |     await page.getByText('CSV', { exact: true }).click();
         |                                                  ^
      41 |     
      42 |     const download = await downloadPromise;
      43 |     expect(download.suggestedFilename()).toMatch(/extraction_\d+\.csv/);
        at /Users/matheusrech/Downloads/form-to-sr-extraction/tests/07-export-functionality.spec.js:40:50

    attachment #1: screenshot (image/png) ──────────────────────────────────────────────────────────
    ../test-results/07-export-functionality-Ex-5f84f-ty-should-handle-CSV-export-Mobile-Safari/test-failed-1.png
    ────────────────────────────────────────────────────────────────────────────────────────────────

    Error Context: ../test-results/07-export-functionality-Ex-5f84f-ty-should-handle-CSV-export-Mobile-Safari/error-context.md

    attachment #3: video (video/webm) ──────────────────────────────────────────────────────────────
    ../test-results/07-export-functionality-Ex-5f84f-ty-should-handle-CSV-export-Mobile-Safari/video.webm
    ────────────────────────────────────────────────────────────────────────────────────────────────
]]>
</failure>
<system-out>
<![CDATA[
[[ATTACHMENT|test-results/07-export-functionality-Ex-5f84f-ty-should-handle-CSV-export-Mobile-Safari/test-failed-1.png]]

[[ATTACHMENT|test-results/07-export-functionality-Ex-5f84f-ty-should-handle-CSV-export-Mobile-Safari/error-context.md]]

[[ATTACHMENT|test-results/07-export-functionality-Ex-5f84f-ty-should-handle-CSV-export-Mobile-Safari/video.webm]]
]]>
</system-out>
</testcase>
<testcase name="Export Functionality › should handle systematic review exports" classname="07-export-functionality.spec.js" time="1.195">
<failure message="07-export-functionality.spec.js:46:3 should handle systematic review exports" type="FAILURE">
<![CDATA[  [Mobile Safari] › 07-export-functionality.spec.js:46:3 › Export Functionality › should handle systematic review exports 

    Error: page.waitForEvent: Test ended.
    =========================== logs ===========================
    waiting for event "download"
    ============================================================

      46 |   test('should handle systematic review exports', async ({ page }) => {
      47 |     // Test main database export
    > 48 |     const mainDbPromise = page.waitForEvent('download');
         |                                ^
      49 |     await page.getByText('Main Data CSV').click();
      50 |     
      51 |     // Note: This might not trigger download if database is empty
        at /Users/matheusrech/Downloads/form-to-sr-extraction/tests/07-export-functionality.spec.js:48:32

    attachment #1: screenshot (image/png) ──────────────────────────────────────────────────────────
    ../test-results/07-export-functionality-Ex-8ec56-e-systematic-review-exports-Mobile-Safari/test-failed-1.png
    ────────────────────────────────────────────────────────────────────────────────────────────────

    attachment #2: video (video/webm) ──────────────────────────────────────────────────────────────
    ../test-results/07-export-functionality-Ex-8ec56-e-systematic-review-exports-Mobile-Safari/video.webm
    ────────────────────────────────────────────────────────────────────────────────────────────────
]]>
</failure>
<system-out>
<![CDATA[
[[ATTACHMENT|test-results/07-export-functionality-Ex-8ec56-e-systematic-review-exports-Mobile-Safari/test-failed-1.png]]

[[ATTACHMENT|test-results/07-export-functionality-Ex-8ec56-e-systematic-review-exports-Mobile-Safari/video.webm]]
]]>
</system-out>
</testcase>
<testcase name="Export Functionality › should open audit report in new tab" classname="07-export-functionality.spec.js" time="1.504">
</testcase>
</testsuite>
<testsuite name="08-coordinate-visualization.spec.js" timestamp="2025-09-28T21:31:01.926Z" hostname="Mobile Safari" tests="5" failures="2" skipped="0" time="40.314" errors="0">
<testcase name="Coordinate Visualization › should show interactive coordinate map button" classname="08-coordinate-visualization.spec.js" time="1.158">
</testcase>
<testcase name="Coordinate Visualization › should show export interactive map button" classname="08-coordinate-visualization.spec.js" time="1.448">
</testcase>
<testcase name="Coordinate Visualization › should open coordinate visualizer modal" classname="08-coordinate-visualization.spec.js" time="1.245">
</testcase>
<testcase name="Coordinate Visualization › should close coordinate visualizer" classname="08-coordinate-visualization.spec.js" time="30.219">
<failure message="08-coordinate-visualization.spec.js:33:3 should close coordinate visualizer" type="FAILURE">
<![CDATA[  [Mobile Safari] › 08-coordinate-visualization.spec.js:33:3 › Coordinate Visualization › should close coordinate visualizer 

    Test timeout of 30000ms exceeded.

    Error: locator.click: Test timeout of 30000ms exceeded.
    Call log:
      - waiting for getByText('✕ Close')


      40 |     // Close modal
      41 |     const closeButton = page.getByText('✕ Close');
    > 42 |     await closeButton.click();
         |                       ^
      43 |     
      44 |     await expect(modal).toBeHidden();
      45 |   });
        at /Users/matheusrech/Downloads/form-to-sr-extraction/tests/08-coordinate-visualization.spec.js:42:23

    attachment #1: screenshot (image/png) ──────────────────────────────────────────────────────────
    ../test-results/08-coordinate-visualizatio-be3de-close-coordinate-visualizer-Mobile-Safari/test-failed-1.png
    ────────────────────────────────────────────────────────────────────────────────────────────────

    attachment #2: video (video/webm) ──────────────────────────────────────────────────────────────
    ../test-results/08-coordinate-visualizatio-be3de-close-coordinate-visualizer-Mobile-Safari/video.webm
    ────────────────────────────────────────────────────────────────────────────────────────────────

    Error Context: ../test-results/08-coordinate-visualizatio-be3de-close-coordinate-visualizer-Mobile-Safari/error-context.md
]]>
</failure>
<system-out>
<![CDATA[
[[ATTACHMENT|test-results/08-coordinate-visualizatio-be3de-close-coordinate-visualizer-Mobile-Safari/test-failed-1.png]]

[[ATTACHMENT|test-results/08-coordinate-visualizatio-be3de-close-coordinate-visualizer-Mobile-Safari/video.webm]]

[[ATTACHMENT|test-results/08-coordinate-visualizatio-be3de-close-coordinate-visualizer-Mobile-Safari/error-context.md]]
]]>
</system-out>
</testcase>
<testcase name="Coordinate Visualization › should show visualizer controls" classname="08-coordinate-visualization.spec.js" time="6.244">
<failure message="08-coordinate-visualization.spec.js:47:3 should show visualizer controls" type="FAILURE">
<![CDATA[  [Mobile Safari] › 08-coordinate-visualization.spec.js:47:3 › Coordinate Visualization › should show visualizer controls 

    Error: expect(locator).toBeVisible() failed

    Locator:  locator('#viz-field-list')
    Expected: visible
    Received: hidden
    Timeout:  5000ms

    Call log:
      - Expect "toBeVisible" with timeout 5000ms
      - waiting for locator('#viz-field-list')
        9 × locator resolved to <div id="viz-field-list"></div>
          - unexpected value "hidden"


      49 |     
      50 |     // Check for visualizer controls
    > 51 |     await expect(page.locator('#viz-field-list')).toBeVisible();
         |                                                   ^
      52 |     await expect(page.locator('#viz-pdf-container')).toBeVisible();
      53 |     await expect(page.locator('#viz-coordinate-details')).toBeVisible();
      54 |   });
        at /Users/matheusrech/Downloads/form-to-sr-extraction/tests/08-coordinate-visualization.spec.js:51:51

    attachment #1: screenshot (image/png) ──────────────────────────────────────────────────────────
    ../test-results/08-coordinate-visualizatio-10713-ld-show-visualizer-controls-Mobile-Safari/test-failed-1.png
    ────────────────────────────────────────────────────────────────────────────────────────────────

    attachment #2: video (video/webm) ──────────────────────────────────────────────────────────────
    ../test-results/08-coordinate-visualizatio-10713-ld-show-visualizer-controls-Mobile-Safari/video.webm
    ────────────────────────────────────────────────────────────────────────────────────────────────

    Error Context: ../test-results/08-coordinate-visualizatio-10713-ld-show-visualizer-controls-Mobile-Safari/error-context.md
]]>
</failure>
<system-out>
<![CDATA[
[[ATTACHMENT|test-results/08-coordinate-visualizatio-10713-ld-show-visualizer-controls-Mobile-Safari/test-failed-1.png]]

[[ATTACHMENT|test-results/08-coordinate-visualizatio-10713-ld-show-visualizer-controls-Mobile-Safari/video.webm]]

[[ATTACHMENT|test-results/08-coordinate-visualizatio-10713-ld-show-visualizer-controls-Mobile-Safari/error-context.md]]
]]>
</system-out>
</testcase>
</testsuite>
<testsuite name="09-responsive-design.spec.js" timestamp="2025-09-28T21:31:01.926Z" hostname="Mobile Safari" tests="4" failures="0" skipped="0" time="2.605" errors="0">
<testcase name="Responsive Design › should display correctly on desktop" classname="09-responsive-design.spec.js" time="0.882">
</testcase>
<testcase name="Responsive Design › should handle medium screens" classname="09-responsive-design.spec.js" time="0.634">
</testcase>
<testcase name="Responsive Design › should handle small screens" classname="09-responsive-design.spec.js" time="0.577">
</testcase>
<testcase name="Responsive Design › should handle mobile screens" classname="09-responsive-design.spec.js" time="0.512">
</testcase>
</testsuite>
<testsuite name="10-integration-tests.spec.js" timestamp="2025-09-28T21:31:01.926Z" hostname="Mobile Safari" tests="5" failures="1" skipped="0" time="34.869" errors="0">
<testcase name="Integration Tests › should complete full extraction workflow" classname="10-integration-tests.spec.js" time="1">
</testcase>
<testcase name="Integration Tests › should handle localStorage persistence" classname="10-integration-tests.spec.js" time="1.628">
</testcase>
<testcase name="Integration Tests › should handle error conditions gracefully" classname="10-integration-tests.spec.js" time="1.094">
</testcase>
<testcase name="Integration Tests › should maintain state across interactions" classname="10-integration-tests.spec.js" time="30.093">
<failure message="10-integration-tests.spec.js:59:3 should maintain state across interactions" type="FAILURE">
<![CDATA[  [Mobile Safari] › 10-integration-tests.spec.js:59:3 › Integration Tests › should maintain state across interactions 

    Test timeout of 30000ms exceeded.

    Error: locator.click: Test timeout of 30000ms exceeded.
    Call log:
      - waiting for getByText('Show Queue Status')


      63 |     
      64 |     // Toggle articles list
    > 65 |     await page.getByText('Show Queue Status').click();
         |                                               ^
      66 |     await page.getByText('Hide Queue Status').click();
      67 |     
      68 |     // Fields should maintain their values
        at /Users/matheusrech/Downloads/form-to-sr-extraction/tests/10-integration-tests.spec.js:65:47

    attachment #1: screenshot (image/png) ──────────────────────────────────────────────────────────
    ../test-results/10-integration-tests-Integ-4b090-n-state-across-interactions-Mobile-Safari/test-failed-1.png
    ────────────────────────────────────────────────────────────────────────────────────────────────

    attachment #2: video (video/webm) ──────────────────────────────────────────────────────────────
    ../test-results/10-integration-tests-Integ-4b090-n-state-across-interactions-Mobile-Safari/video.webm
    ────────────────────────────────────────────────────────────────────────────────────────────────

    Error Context: ../test-results/10-integration-tests-Integ-4b090-n-state-across-interactions-Mobile-Safari/error-context.md
]]>
</failure>
<system-out>
<![CDATA[
[[ATTACHMENT|test-results/10-integration-tests-Integ-4b090-n-state-across-interactions-Mobile-Safari/test-failed-1.png]]

[[ATTACHMENT|test-results/10-integration-tests-Integ-4b090-n-state-across-interactions-Mobile-Safari/video.webm]]

[[ATTACHMENT|test-results/10-integration-tests-Integ-4b090-n-state-across-interactions-Mobile-Safari/error-context.md]]
]]>
</system-out>
</testcase>
<testcase name="Integration Tests › should handle concurrent operations" classname="10-integration-tests.spec.js" time="1.054">
</testcase>
</testsuite>
<testsuite name="accessibility.spec.js" timestamp="2025-09-28T21:31:01.926Z" hostname="Mobile Safari" tests="4" failures="2" skipped="0" time="10.719" errors="0">
<testcase name="Accessibility Tests › should not have accessibility violations" classname="accessibility.spec.js" time="1.725">
<failure message="accessibility.spec.js:7:3 should not have accessibility violations" type="FAILURE">
<![CDATA[  [Mobile Safari] › accessibility.spec.js:7:3 › Accessibility Tests › should not have accessibility violations 

    Error: expect(received).toEqual(expected) // deep equality

    - Expected  -    1
    + Received  + 1186

    - Array []
    + Array [
    +   Object {
    +     "description": "Ensure the contrast between foreground and background colors meets WCAG 2 AA minimum contrast ratio thresholds",
    +     "help": "Elements must meet minimum color contrast ratio thresholds",
    +     "helpUrl": "https://dequeuniversity.com/rules/axe/4.10/color-contrast?application=playwright",
    +     "id": "color-contrast",
    +     "impact": "serious",
    +     "nodes": Array [
    +       Object {
    +         "all": Array [],
    +         "any": Array [
    +           Object {
    +             "data": Object {
    +               "bgColor": "#2196f3",
    +               "contrastRatio": 3.12,
    +               "expectedContrastRatio": "4.5:1",
    +               "fgColor": "#ffffff",
    +               "fontSize": "8.3pt (11px)",
    +               "fontWeight": "normal",
    +               "messageKey": null,
    +             },
    +             "id": "color-contrast",
    +             "impact": "serious",
    +             "message": "Element has insufficient color contrast of 3.12 (foreground color: #ffffff, background color: #2196f3, font size: 8.3pt (11px), font weight: normal). Expected contrast ratio of 4.5:1",
    +             "relatedNodes": Array [
    +               Object {
    +                 "html": "<button onclick=\"saveCurrentProgress()\" style=\"padding: 6px; font-size: 11px; background: #2196F3;\">
    +                     ðŸ’¾ Save Progress
    +                 </button>",
    +                 "target": Array [
    +                   "button[onclick=\"saveCurrentProgress()\"]",
    +                 ],
    +               },
    +             ],
    +           },
    +         ],
    +         "failureSummary": "Fix any of the following:
    +   Element has insufficient color contrast of 3.12 (foreground color: #ffffff, background color: #2196f3, font size: 8.3pt (11px), font weight: normal). Expected contrast ratio of 4.5:1",
    +         "html": "<button onclick=\"saveCurrentProgress()\" style=\"padding: 6px; font-size: 11px; background: #2196F3;\">
    +                     ðŸ’¾ Save Progress
    +                 </button>",
    +         "impact": "serious",
    +         "none": Array [],
    +         "target": Array [
    +           "button[onclick=\"saveCurrentProgress()\"]",
    +         ],
    +       },
    +       Object {
    +         "all": Array [],
    +         "any": Array [
    +           Object {
    +             "data": Object {
    +               "bgColor": "#4caf50",
    +               "contrastRatio": 2.77,
    +               "expectedContrastRatio": "4.5:1",
    +               "fgColor": "#ffffff",
    +               "fontSize": "8.3pt (11px)",
    +               "fontWeight": "normal",
    +               "messageKey": null,
    +             },
    +             "id": "color-contrast",
    +             "impact": "serious",
    +             "message": "Element has insufficient color contrast of 2.77 (foreground color: #ffffff, background color: #4caf50, font size: 8.3pt (11px), font weight: normal). Expected contrast ratio of 4.5:1",
    +             "relatedNodes": Array [
    +               Object {
    +                 "html": "<button onclick=\"completeCurrentArticle()\" style=\"padding: 6px; font-size: 11px; background: #4CAF50;\">
    +                     âœ… Complete Article
    +                 </button>",
    +                 "target": Array [
    +                   "button[onclick=\"completeCurrentArticle()\"]",
    +                 ],
    +               },
    +             ],
    +           },
    +         ],
    +         "failureSummary": "Fix any of the following:
    +   Element has insufficient color contrast of 2.77 (foreground color: #ffffff, background color: #4caf50, font size: 8.3pt (11px), font weight: normal). Expected contrast ratio of 4.5:1",
    +         "html": "<button onclick=\"completeCurrentArticle()\" style=\"padding: 6px; font-size: 11px; background: #4CAF50;\">
    +                     âœ… Complete Article
    +                 </button>",
    +         "impact": "serious",
    +         "none": Array [],
    +         "target": Array [
    +           "button[onclick=\"completeCurrentArticle()\"]",
    +         ],
    +       },
    +       Object {
    +         "all": Array [],
    +         "any": Array [
    +           Object {
    +             "data": Object {
    +               "bgColor": "#4caf50",
    +               "contrastRatio": 2.77,
    +               "expectedContrastRatio": "4.5:1",
    +               "fgColor": "#ffffff",
    +               "fontSize": "9.0pt (12px)",
    +               "fontWeight": "normal",
    +               "messageKey": null,
    +             },
    +             "id": "color-contrast",
    +             "impact": "serious",
    +             "message": "Element has insufficient color contrast of 2.77 (foreground color: #ffffff, background color: #4caf50, font size: 9.0pt (12px), font weight: normal). Expected contrast ratio of 4.5:1",
    +             "relatedNodes": Array [
    +               Object {
    +                 "html": "<button onclick=\"toggleArticlesList()\" style=\"width: 100%; padding: 6px; font-size: 12px; background: #4CAF50;\">ðŸ“‹ Queue (1/21) - Kudo2007.pdf...</button>",
    +                 "target": Array [
    +                   "button[onclick=\"toggleArticlesList()\"]",
    +                 ],
    +               },
    +             ],
    +           },
    +         ],
    +         "failureSummary": "Fix any of the following:
    +   Element has insufficient color contrast of 2.77 (foreground color: #ffffff, background color: #4caf50, font size: 9.0pt (12px), font weight: normal). Expected contrast ratio of 4.5:1",
    +         "html": "<button onclick=\"toggleArticlesList()\" style=\"width: 100%; padding: 6px; font-size: 12px; background: #4CAF50;\">ðŸ“‹ Queue (1/21) - Kudo2007.pdf...</button>",
    +         "impact": "serious",
    +         "none": Array [],
    +         "target": Array [
    +           "button[onclick=\"toggleArticlesList()\"]",
    +         ],
    +       },
    +       Object {
    +         "all": Array [],
    +         "any": Array [
    +           Object {
    +             "data": Object {
    +               "bgColor": "#f0f8ff",
    +               "contrastRatio": 3.7,
    +               "expectedContrastRatio": "4.5:1",
    +               "fgColor": "#007bff",
    +               "fontSize": "12.0pt (16px)",
    +               "fontWeight": "bold",
    +               "messageKey": null,
    +             },
    +             "id": "color-contrast",
    +             "impact": "serious",
    +             "message": "Element has insufficient color contrast of 3.7 (foreground color: #007bff, background color: #f0f8ff, font size: 12.0pt (16px), font weight: bold). Expected contrast ratio of 4.5:1",
    +             "relatedNodes": Array [
    +               Object {
    +                 "html": "<div id=\"api-key-section\">",
    +                 "target": Array [
    +                   "#api-key-section",
    +                 ],
    +               },
    +             ],
    +           },
    +         ],
    +         "failureSummary": "Fix any of the following:
    +   Element has insufficient color contrast of 3.7 (foreground color: #007bff, background color: #f0f8ff, font size: 12.0pt (16px), font weight: bold). Expected contrast ratio of 4.5:1",
    +         "html": "<h3>ðŸ¤– AI Configuration (Gemini)</h3>",
    +         "impact": "serious",
    +         "none": Array [],
    +         "target": Array [
    +           "#api-key-section > h3",
    +         ],
    +       },
    +       Object {
    +         "all": Array [],
    +         "any": Array [
    +           Object {
    +             "data": Object {
    +               "bgColor": "#007bff",
    +               "contrastRatio": 3.97,
    +               "expectedContrastRatio": "4.5:1",
    +               "fgColor": "#ffffff",
    +               "fontSize": "9.0pt (12px)",
    +               "fontWeight": "normal",
    +               "messageKey": null,
    +             },
    +             "id": "color-contrast",
    +             "impact": "serious",
    +             "message": "Element has insufficient color contrast of 3.97 (foreground color: #ffffff, background color: #007bff, font size: 9.0pt (12px), font weight: normal). Expected contrast ratio of 4.5:1",
    +             "relatedNodes": Array [
    +               Object {
    +                 "html": "<button onclick=\"saveApiKey()\">Save</button>",
    +                 "target": Array [
    +                   "button[onclick=\"saveApiKey()\"]",
    +                 ],
    +               },
    +             ],
    +           },
    +         ],
    +         "failureSummary": "Fix any of the following:
    +   Element has insufficient color contrast of 3.97 (foreground color: #ffffff, background color: #007bff, font size: 9.0pt (12px), font weight: normal). Expected contrast ratio of 4.5:1",
    +         "html": "<button onclick=\"saveApiKey()\">Save</button>",
    +         "impact": "serious",
    +         "none": Array [],
    +         "target": Array [
    +           "button[onclick=\"saveApiKey()\"]",
    +         ],
    +       },
    +       Object {
    +         "all": Array [],
    +         "any": Array [
    +           Object {
    +             "data": Object {
    +               "bgColor": "#007bff",
    +               "contrastRatio": 3.97,
    +               "expectedContrastRatio": "4.5:1",
    +               "fgColor": "#ffffff",
    +               "fontSize": "9.0pt (12px)",
    +               "fontWeight": "normal",
    +               "messageKey": null,
    +             },
    +             "id": "color-contrast",
    +             "impact": "serious",
    +             "message": "Element has insufficient color contrast of 3.97 (foreground color: #ffffff, background color: #007bff, font size: 9.0pt (12px), font weight: normal). Expected contrast ratio of 4.5:1",
    +             "relatedNodes": Array [
    +               Object {
    +                 "html": "<button onclick=\"testApiKey()\">Test</button>",
    +                 "target": Array [
    +                   "button[onclick=\"testApiKey()\"]",
    +                 ],
    +               },
    +             ],
    +           },
    +         ],
    +         "failureSummary": "Fix any of the following:
    +   Element has insufficient color contrast of 3.97 (foreground color: #ffffff, background color: #007bff, font size: 9.0pt (12px), font weight: normal). Expected contrast ratio of 4.5:1",
    +         "html": "<button onclick=\"testApiKey()\">Test</button>",
    +         "impact": "serious",
    +         "none": Array [],
    +         "target": Array [
    +           "button[onclick=\"testApiKey()\"]",
    +         ],
    +       },
    +       Object {
    +         "all": Array [],
    +         "any": Array [
    +           Object {
    +             "data": Object {
    +               "bgColor": "#007bff",
    +               "contrastRatio": 3.97,
    +               "expectedContrastRatio": "4.5:1",
    +               "fgColor": "#ffffff",
    +               "fontSize": "12.0pt (16px)",
    +               "fontWeight": "normal",
    +               "messageKey": null,
    +             },
    +             "id": "color-contrast",
    +             "impact": "serious",
    +             "message": "Element has insufficient color contrast of 3.97 (foreground color: #ffffff, background color: #007bff, font size: 12.0pt (16px), font weight: normal). Expected contrast ratio of 4.5:1",
    +             "relatedNodes": Array [
    +               Object {
    +                 "html": "<button id=\"next-btn\">Next</button>",
    +                 "target": Array [
    +                   "#next-btn",
    +                 ],
    +               },
    +             ],
    +           },
    +         ],
    +         "failureSummary": "Fix any of the following:
    +   Element has insufficient color contrast of 3.97 (foreground color: #ffffff, background color: #007bff, font size: 12.0pt (16px), font weight: normal). Expected contrast ratio of 4.5:1",
    +         "html": "<button id=\"next-btn\">Next</button>",
    +         "impact": "serious",
    +         "none": Array [],
    +         "target": Array [
    +           "#next-btn",
    +         ],
    +       },
    +       Object {
    +         "all": Array [],
    +         "any": Array [
    +           Object {
    +             "data": Object {
    +               "bgColor": "#4caf50",
    +               "contrastRatio": 2.77,
    +               "expectedContrastRatio": "4.5:1",
    +               "fgColor": "#ffffff",
    +               "fontSize": "8.3pt (11px)",
    +               "fontWeight": "normal",
    +               "messageKey": null,
    +             },
    +             "id": "color-contrast",
    +             "impact": "serious",
    +             "message": "Element has insufficient color contrast of 2.77 (foreground color: #ffffff, background color: #4caf50, font size: 8.3pt (11px), font weight: normal). Expected contrast ratio of 4.5:1",
    +             "relatedNodes": Array [
    +               Object {
    +                 "html": "<button onclick=\"exportJSON()\" style=\"background: #4CAF50; color: white;\">ðŸ“„ JSON</button>",
    +                 "target": Array [
    +                   "button[onclick=\"exportJSON()\"]",
    +                 ],
    +               },
    +             ],
    +           },
    +         ],
    +         "failureSummary": "Fix any of the following:
    +   Element has insufficient color contrast of 2.77 (foreground color: #ffffff, background color: #4caf50, font size: 8.3pt (11px), font weight: normal). Expected contrast ratio of 4.5:1",
    +         "html": "<button onclick=\"exportJSON()\" style=\"background: #4CAF50; color: white;\">ðŸ“„ JSON</button>",
    +         "impact": "serious",
    +         "none": Array [],
    +         "target": Array [
    +           "button[onclick=\"exportJSON()\"]",
    +         ],
    +       },
    +       Object {
    +         "all": Array [],
    +         "any": Array [
    +           Object {
    +             "data": Object {
    +               "bgColor": "#2196f3",
    +               "contrastRatio": 3.12,
    +               "expectedContrastRatio": "4.5:1",
    +               "fgColor": "#ffffff",
    +               "fontSize": "8.3pt (11px)",
    +               "fontWeight": "normal",
    +               "messageKey": null,
    +             },
    +             "id": "color-contrast",
    +             "impact": "serious",
    +             "message": "Element has insufficient color contrast of 3.12 (foreground color: #ffffff, background color: #2196f3, font size: 8.3pt (11px), font weight: normal). Expected contrast ratio of 4.5:1",
    +             "relatedNodes": Array [
    +               Object {
    +                 "html": "<button onclick=\"exportCSV()\" style=\"background: #2196F3; color: white;\">ðŸ“Š CSV</button>",
    +                 "target": Array [
    +                   "button[onclick=\"exportCSV()\"]",
    +                 ],
    +               },
    +             ],
    +           },
    +         ],
    +         "failureSummary": "Fix any of the following:
    +   Element has insufficient color contrast of 3.12 (foreground color: #ffffff, background color: #2196f3, font size: 8.3pt (11px), font weight: normal). Expected contrast ratio of 4.5:1",
    +         "html": "<button onclick=\"exportCSV()\" style=\"background: #2196F3; color: white;\">ðŸ“Š CSV</button>",
    +         "impact": "serious",
    +         "none": Array [],
    +         "target": Array [
    +           "button[onclick=\"exportCSV()\"]",
    +         ],
    +       },
    +       Object {
    +         "all": Array [],
    +         "any": Array [
    +           Object {
    +             "data": Object {
    +               "bgColor": "#ff9800",
    +               "contrastRatio": 2.15,
    +               "expectedContrastRatio": "4.5:1",
    +               "fgColor": "#ffffff",
    +               "fontSize": "8.3pt (11px)",
    +               "fontWeight": "normal",
    +               "messageKey": null,
    +             },
    +             "id": "color-contrast",
    +             "impact": "serious",
    +             "message": "Element has insufficient color contrast of 2.15 (foreground color: #ffffff, background color: #ff9800, font size: 8.3pt (11px), font weight: normal). Expected contrast ratio of 4.5:1",
    +             "relatedNodes": Array [
    +               Object {
    +                 "html": "<button onclick=\"exportAuditHTML()\" style=\"background: #FF9800; color: white;\">ðŸ“‹ Audit</button>",
    +                 "target": Array [
    +                   "button[onclick=\"exportAuditHTML()\"]",
    +                 ],
    +               },
    +             ],
    +           },
    +         ],
    +         "failureSummary": "Fix any of the following:
    +   Element has insufficient color contrast of 2.15 (foreground color: #ffffff, background color: #ff9800, font size: 8.3pt (11px), font weight: normal). Expected contrast ratio of 4.5:1",
    +         "html": "<button onclick=\"exportAuditHTML()\" style=\"background: #FF9800; color: white;\">ðŸ“‹ Audit</button>",
    +         "impact": "serious",
    +         "none": Array [],
    +         "target": Array [
    +           "button[onclick=\"exportAuditHTML()\"]",
    +         ],
    +       },
    +       Object {
    +         "all": Array [],
    +         "any": Array [
    +           Object {
    +             "data": Object {
    +               "bgColor": "#e91e63",
    +               "contrastRatio": 4.34,
    +               "expectedContrastRatio": "4.5:1",
    +               "fgColor": "#ffffff",
    +               "fontSize": "8.3pt (11px)",
    +               "fontWeight": "normal",
    +               "messageKey": null,
    +             },
    +             "id": "color-contrast",
    +             "impact": "serious",
    +             "message": "Element has insufficient color contrast of 4.34 (foreground color: #ffffff, background color: #e91e63, font size: 8.3pt (11px), font weight: normal). Expected contrast ratio of 4.5:1",
    +             "relatedNodes": Array [
    +               Object {
    +                 "html": "<button onclick=\"exportSystematicReview()\" style=\"background: #E91E63; color: white; width: 100%; font-size: 11px; padding: 6px; margin-top: 5px;\">
    +                 ðŸ“‹ Complete SR Export
    +             </button>",
    +                 "target": Array [
    +                   "button[onclick=\"exportSystematicReview()\"]",
    +                 ],
    +               },
    +             ],
    +           },
    +         ],
    +         "failureSummary": "Fix any of the following:
    +   Element has insufficient color contrast of 4.34 (foreground color: #ffffff, background color: #e91e63, font size: 8.3pt (11px), font weight: normal). Expected contrast ratio of 4.5:1",
    +         "html": "<button onclick=\"exportSystematicReview()\" style=\"background: #E91E63; color: white; width: 100%; font-size: 11px; padding: 6px; margin-top: 5px;\">
    +                 ðŸ“‹ Complete SR Export
    +             </button>",
    +         "impact": "serious",
    +         "none": Array [],
    +         "target": Array [
    +           "button[onclick=\"exportSystematicReview()\"]",
    +         ],
    +       },
    +       Object {
    +         "all": Array [],
    +         "any": Array [
    +           Object {
    +             "data": Object {
    +               "bgColor": "#607d8b",
    +               "contrastRatio": 4.37,
    +               "expectedContrastRatio": "4.5:1",
    +               "fgColor": "#ffffff",
    +               "fontSize": "9.0pt (12px)",
    +               "fontWeight": "normal",
    +               "messageKey": null,
    +             },
    +             "id": "color-contrast",
    +             "impact": "serious",
    +             "message": "Element has insufficient color contrast of 4.37 (foreground color: #ffffff, background color: #607d8b, font size: 9.0pt (12px), font weight: normal). Expected contrast ratio of 4.5:1",
    +             "relatedNodes": Array [
    +               Object {
    +                 "html": "<button onclick=\"undoLastExtraction()\" style=\"background: #607D8B; font-size: 12px; padding: 6px 12px;\">
    +                 â†¶ Undo Last
    +             </button>",
    +                 "target": Array [
    +                   "button[onclick=\"undoLastExtraction()\"]",
    +                 ],
    +               },
    +             ],
    +           },
    +         ],
    +         "failureSummary": "Fix any of the following:
    +   Element has insufficient color contrast of 4.37 (foreground color: #ffffff, background color: #607d8b, font size: 9.0pt (12px), font weight: normal). Expected contrast ratio of 4.5:1",
    +         "html": "<button onclick=\"undoLastExtraction()\" style=\"background: #607D8B; font-size: 12px; padding: 6px 12px;\">
    +                 â†¶ Undo Last
    +             </button>",
    +         "impact": "serious",
    +         "none": Array [],
    +         "target": Array [
    +           "button[onclick=\"undoLastExtraction()\"]",
    +         ],
    +       },
    +       Object {
    +         "all": Array [],
    +         "any": Array [
    +           Object {
    +             "data": Object {
    +               "bgColor": "#f44336",
    +               "contrastRatio": 3.68,
    +               "expectedContrastRatio": "4.5:1",
    +               "fgColor": "#ffffff",
    +               "fontSize": "9.0pt (12px)",
    +               "fontWeight": "normal",
    +               "messageKey": null,
    +             },
    +             "id": "color-contrast",
    +             "impact": "serious",
    +             "message": "Element has insufficient color contrast of 3.68 (foreground color: #ffffff, background color: #f44336, font size: 9.0pt (12px), font weight: normal). Expected contrast ratio of 4.5:1",
    +             "relatedNodes": Array [
    +               Object {
    +                 "html": "<button onclick=\"clearAllExtractions()\" style=\"background: #f44336; font-size: 12px; padding: 6px 12px;\">
    +                 ðŸ—‘ Clear All
    +             </button>",
    +                 "target": Array [
    +                   "button[onclick=\"clearAllExtractions()\"]",
    +                 ],
    +               },
    +             ],
    +           },
    +         ],
    +         "failureSummary": "Fix any of the following:
    +   Element has insufficient color contrast of 3.68 (foreground color: #ffffff, background color: #f44336, font size: 9.0pt (12px), font weight: normal). Expected contrast ratio of 4.5:1",
    +         "html": "<button onclick=\"clearAllExtractions()\" style=\"background: #f44336; font-size: 12px; padding: 6px 12px;\">
    +                 ðŸ—‘ Clear All
    +             </button>",
    +         "impact": "serious",
    +         "none": Array [],
    +         "target": Array [
    +           "button[onclick=\"clearAllExtractions()\"]",
    +         ],
    +       },
    +       Object {
    +         "all": Array [],
    +         "any": Array [
    +           Object {
    +             "data": Object {
    +               "bgColor": "#2196f3",
    +               "contrastRatio": 3.12,
    +               "expectedContrastRatio": "4.5:1",
    +               "fgColor": "#ffffff",
    +               "fontSize": "12.0pt (16px)",
    +               "fontWeight": "normal",
    +               "messageKey": null,
    +             },
    +             "id": "color-contrast",
    +             "impact": "serious",
    +             "message": "Element has insufficient color contrast of 3.12 (foreground color: #ffffff, background color: #2196f3, font size: 12.0pt (16px), font weight: normal). Expected contrast ratio of 4.5:1",
    +             "relatedNodes": Array [
    +               Object {
    +                 "html": "<div id=\"extraction-status\" class=\"extraction-status show\" style=\"background: rgb(33, 150, 243); color: white;\">
    +     <span id=\"status-message\">System ready. Select an article from the list or load a PDF to begin extraction.</span>
    + </div>",
    +                 "target": Array [
    +                   "#extraction-status",
    +                 ],
    +               },
    +             ],
    +           },
    +         ],
    +         "failureSummary": "Fix any of the following:
    +   Element has insufficient color contrast of 3.12 (foreground color: #ffffff, background color: #2196f3, font size: 12.0pt (16px), font weight: normal). Expected contrast ratio of 4.5:1",
    +         "html": "<span id=\"status-message\">System ready. Select an article from the list or load a PDF to begin extraction.</span>",
    +         "impact": "serious",
    +         "none": Array [],
    +         "target": Array [
    +           "#status-message",
    +         ],
    +       },
    +     ],
    +     "tags": Array [
    +       "cat.color",
    +       "wcag2aa",
    +       "wcag143",
    +       "TTv5",
    +       "TT13.c",
    +       "EN-301-549",
    +       "EN-9.1.4.3",
    +       "ACT",
    +     ],
    +   },
    +   Object {
    +     "description": "Ensure the order of headings is semantically correct",
    +     "help": "Heading levels should only increase by one",
    +     "helpUrl": "https://dequeuniversity.com/rules/axe/4.10/heading-order?application=playwright",
    +     "id": "heading-order",
    +     "impact": "moderate",
    +     "nodes": Array [
    +       Object {
    +         "all": Array [],
    +         "any": Array [
    +           Object {
    +             "data": null,
    +             "id": "heading-order",
    +             "impact": "moderate",
    +             "message": "Heading order invalid",
    +             "relatedNodes": Array [],
    +           },
    +         ],
    +         "failureSummary": "Fix any of the following:
    +   Heading order invalid",
    +         "html": "<h3 style=\"margin: 0 0 10px 0; color: #2e7d32; font-size: 16px;\">ðŸ“š Systematic Review Progress</h3>",
    +         "impact": "moderate",
    +         "none": Array [],
    +         "target": Array [
    +           "#sr-progress-section > h3",
    +         ],
    +       },
    +       Object {
    +         "all": Array [],
    +         "any": Array [
    +           Object {
    +             "data": null,
    +             "id": "heading-order",
    +             "impact": "moderate",
    +             "message": "Heading order invalid",
    +             "relatedNodes": Array [],
    +           },
    +         ],
    +         "failureSummary": "Fix any of the following:
    +   Heading order invalid",
    +         "html": "<h4 style=\"margin: 0 0 10px 0; font-size: 14px;\">Export Options</h4>",
    +         "impact": "moderate",
    +         "none": Array [],
    +         "target": Array [
    +           "h4",
    +         ],
    +       },
    +     ],
    +     "tags": Array [
    +       "cat.semantics",
    +       "best-practice",
    +     ],
    +   },
    +   Object {
    +     "description": "Ensure every HTML document has a lang attribute",
    +     "help": "<html> element must have a lang attribute",
    +     "helpUrl": "https://dequeuniversity.com/rules/axe/4.10/html-has-lang?application=playwright",
    +     "id": "html-has-lang",
    +     "impact": "serious",
    +     "nodes": Array [
    +       Object {
    +         "all": Array [],
    +         "any": Array [
    +           Object {
    +             "data": Object {
    +               "messageKey": "noLang",
    +             },
    +             "id": "has-lang",
    +             "impact": "serious",
    +             "message": "The <html> element does not have a lang attribute",
    +             "relatedNodes": Array [],
    +           },
    +         ],
    +         "failureSummary": "Fix any of the following:
    +   The <html> element does not have a lang attribute",
    +         "html": "<html>",
    +         "impact": "serious",
    +         "none": Array [],
    +         "target": Array [
    +           "html",
    +         ],
    +       },
    +     ],
    +     "tags": Array [
    +       "cat.language",
    +       "wcag2a",
    +       "wcag311",
    +       "TTv5",
    +       "TT11.a",
    +       "EN-301-549",
    +       "EN-9.3.1.1",
    +       "ACT",
    +     ],
    +   },
    +   Object {
    +     "description": "Ensure every form element has a label",
    +     "help": "Form elements must have labels",
    +     "helpUrl": "https://dequeuniversity.com/rules/axe/4.10/label?application=playwright",
    +     "id": "label",
    +     "impact": "critical",
    +     "nodes": Array [
    +       Object {
    +         "all": Array [],
    +         "any": Array [
    +           Object {
    +             "data": null,
    +             "id": "implicit-label",
    +             "impact": "critical",
    +             "message": "Element does not have an implicit (wrapped) <label>",
    +             "relatedNodes": Array [],
    +           },
    +           Object {
    +             "data": null,
    +             "id": "explicit-label",
    +             "impact": "critical",
    +             "message": "Element does not have an explicit <label>",
    +             "relatedNodes": Array [],
    +           },
    +           Object {
    +             "data": null,
    +             "id": "aria-label",
    +             "impact": "critical",
    +             "message": "aria-label attribute does not exist or is empty",
    +             "relatedNodes": Array [],
    +           },
    +           Object {
    +             "data": null,
    +             "id": "aria-labelledby",
    +             "impact": "critical",
    +             "message": "aria-labelledby attribute does not exist, references elements that do not exist or references elements that are empty",
    +             "relatedNodes": Array [],
    +           },
    +           Object {
    +             "data": Object {
    +               "messageKey": "noAttr",
    +             },
    +             "id": "non-empty-title",
    +             "impact": "critical",
    +             "message": "Element has no title attribute",
    +             "relatedNodes": Array [],
    +           },
    +           Object {
    +             "data": Object {
    +               "messageKey": "noAttr",
    +             },
    +             "id": "non-empty-placeholder",
    +             "impact": "critical",
    +             "message": "Element has no placeholder attribute",
    +             "relatedNodes": Array [],
    +           },
    +           Object {
    +             "data": null,
    +             "id": "presentational-role",
    +             "impact": "critical",
    +             "message": "Element's default semantics were not overridden with role=\"none\" or role=\"presentation\"",
    +             "relatedNodes": Array [],
    +           },
    +         ],
    +         "failureSummary": "Fix any of the following:
    +   Element does not have an implicit (wrapped) <label>
    +   Element does not have an explicit <label>
    +   aria-label attribute does not exist or is empty
    +   aria-labelledby attribute does not exist, references elements that do not exist or references elements that are empty
    +   Element has no title attribute
    +   Element has no placeholder attribute
    +   Element's default semantics were not overridden with role=\"none\" or role=\"presentation\"",
    +         "html": "<input type=\"number\" id=\"page-num\" value=\"1\" style=\"width: 50px; text-align: center;\">",
    +         "impact": "critical",
    +         "none": Array [],
    +         "target": Array [
    +           "#page-num",
    +         ],
    +       },
    +     ],
    +     "tags": Array [
    +       "cat.forms",
    +       "wcag2a",
    +       "wcag412",
    +       "section508",
    +       "section508.22.n",
    +       "TTv5",
    +       "TT5.c",
    +       "EN-301-549",
    +       "EN-9.4.1.2",
    +       "ACT",
    +     ],
    +   },
    +   Object {
    +     "description": "Ensure the document has a main landmark",
    +     "help": "Document should have one main landmark",
    +     "helpUrl": "https://dequeuniversity.com/rules/axe/4.10/landmark-one-main?application=playwright",
    +     "id": "landmark-one-main",
    +     "impact": "moderate",
    +     "nodes": Array [
    +       Object {
    +         "all": Array [
    +           Object {
    +             "data": null,
    +             "id": "page-has-main",
    +             "impact": "moderate",
    +             "message": "Document does not have a main landmark",
    +             "relatedNodes": Array [],
    +           },
    +         ],
    +         "any": Array [],
    +         "failureSummary": "Fix all of the following:
    +   Document does not have a main landmark",
    +         "html": "<html>",
    +         "impact": "moderate",
    +         "none": Array [],
    +         "target": Array [
    +           "html",
    +         ],
    +       },
    +     ],
    +     "tags": Array [
    +       "cat.semantics",
    +       "best-practice",
    +     ],
    +   },
    +   Object {
    +     "description": "Ensure all page content is contained by landmarks",
    +     "help": "All page content should be contained by landmarks",
    +     "helpUrl": "https://dequeuniversity.com/rules/axe/4.10/region?application=playwright",
    +     "id": "region",
    +     "impact": "moderate",
    +     "nodes": Array [
    +       Object {
    +         "all": Array [],
    +         "any": Array [
    +           Object {
    +             "data": Object {
    +               "isIframe": false,
    +             },
    +             "id": "region",
    +             "impact": "moderate",
    +             "message": "Some page content is not contained by landmarks",
    +             "relatedNodes": Array [],
    +           },
    +         ],
    +         "failureSummary": "Fix any of the following:
    +   Some page content is not contained by landmarks",
    +         "html": "<h1>Clinical Study Master Extraction</h1>",
    +         "impact": "moderate",
    +         "none": Array [],
    +         "target": Array [
    +           "h1",
    +         ],
    +       },
    +       Object {
    +         "all": Array [],
    +         "any": Array [
    +           Object {
    +             "data": Object {
    +               "isIframe": false,
    +             },
    +             "id": "region",
    +             "impact": "moderate",
    +             "message": "Some page content is not contained by landmarks",
    +             "relatedNodes": Array [],
    +           },
    +         ],
    +         "failureSummary": "Fix any of the following:
    +   Some page content is not contained by landmarks",
    +         "html": "<p style=\"font-size: 14px; color: #666; margin-bottom: 15px;\">
    +             Complete extraction system with AI assistance and full traceability.
    +         </p>",
    +         "impact": "moderate",
    +         "none": Array [],
    +         "target": Array [
    +           ".form-panel > p",
    +         ],
    +       },
    +       Object {
    +         "all": Array [],
    +         "any": Array [
    +           Object {
    +             "data": Object {
    +               "isIframe": false,
    +             },
    +             "id": "region",
    +             "impact": "moderate",
    +             "message": "Some page content is not contained by landmarks",
    +             "relatedNodes": Array [],
    +           },
    +         ],
    +         "failureSummary": "Fix any of the following:
    +   Some page content is not contained by landmarks",
    +         "html": "<h3 style=\"margin: 0 0 10px 0; color: #2e7d32; font-size: 16px;\">ðŸ“š Systematic Review Progress</h3>",
    +         "impact": "moderate",
    +         "none": Array [],
    +         "target": Array [
    +           "#sr-progress-section > h3",
    +         ],
    +       },
    +       Object {
    +         "all": Array [],
    +         "any": Array [
    +           Object {
    +             "data": Object {
    +               "isIframe": false,
    +             },
    +             "id": "region",
    +             "impact": "moderate",
    +             "message": "Some page content is not contained by landmarks",
    +             "relatedNodes": Array [],
    +           },
    +         ],
    +         "failureSummary": "Fix any of the following:
    +   Some page content is not contained by landmarks",
    +         "html": "<div style=\"display: flex; justify-content: space-between; margin-bottom: 10px;\">",
    +         "impact": "moderate",
    +         "none": Array [],
    +         "target": Array [
    +           "#sr-progress-section > div:nth-child(2)",
    +         ],
    +       },
    +       Object {
    +         "all": Array [],
    +         "any": Array [
    +           Object {
    +             "data": Object {
    +               "isIframe": false,
    +             },
    +             "id": "region",
    +             "impact": "moderate",
    +             "message": "Some page content is not contained by landmarks",
    +             "relatedNodes": Array [],
    +           },
    +         ],
    +         "failureSummary": "Fix any of the following:
    +   Some page content is not contained by landmarks",
    +         "html": "<h3>ðŸ¤– AI Configuration (Gemini)</h3>",
    +         "impact": "moderate",
    +         "none": Array [],
    +         "target": Array [
    +           "#api-key-section > h3",
    +         ],
    +       },
    +       Object {
    +         "all": Array [],
    +         "any": Array [
    +           Object {
    +             "data": Object {
    +               "isIframe": false,
    +             },
    +             "id": "region",
    +             "impact": "moderate",
    +             "message": "Some page content is not contained by landmarks",
    +             "relatedNodes": Array [],
    +           },
    +         ],
    +         "failureSummary": "Fix any of the following:
    +   Some page content is not contained by landmarks",
    +         "html": "<input type=\"password\" id=\"api-key-input\" placeholder=\"Enter Gemini API key\">",
    +         "impact": "moderate",
    +         "none": Array [],
    +         "target": Array [
    +           "#api-key-input",
    +         ],
    +       },
    +       Object {
    +         "all": Array [],
    +         "any": Array [
    +           Object {
    +             "data": Object {
    +               "isIframe": false,
    +             },
    +             "id": "region",
    +             "impact": "moderate",
    +             "message": "Some page content is not contained by landmarks",
    +             "relatedNodes": Array [],
    +           },
    +         ],
    +         "failureSummary": "Fix any of the following:
    +   Some page content is not contained by landmarks",
    +         "html": "<form id=\"extraction-form\">",
    +         "impact": "moderate",
    +         "none": Array [],
    +         "target": Array [
    +           "#extraction-form",
    +         ],
    +       },
    +       Object {
    +         "all": Array [],
    +         "any": Array [
    +           Object {
    +             "data": Object {
    +               "isIframe": false,
    +             },
    +             "id": "region",
    +             "impact": "moderate",
    +             "message": "Some page content is not contained by landmarks",
    +             "relatedNodes": Array [],
    +           },
    +         ],
    +         "failureSummary": "Fix any of the following:
    +   Some page content is not contained by landmarks",
    +         "html": "<div id=\"step-indicator\">Step 1 of 8</div>",
    +         "impact": "moderate",
    +         "none": Array [],
    +         "target": Array [
    +           "#step-indicator",
    +         ],
    +       },
    +       Object {
    +         "all": Array [],
    +         "any": Array [
    +           Object {
    +             "data": Object {
    +               "isIframe": false,
    +             },
    +             "id": "region",
    +             "impact": "moderate",
    +             "message": "Some page content is not contained by landmarks",
    +             "relatedNodes": Array [],
    +           },
    +         ],
    +         "failureSummary": "Fix any of the following:
    +   Some page content is not contained by landmarks",
    +         "html": "<span style=\"color: white;\">
    +                 Page <input type=\"number\" id=\"page-num\" value=\"1\" style=\"width: 50px; text-align: center;\"> 
    +                 of <span id=\"total-pages\">0</span>
    +             </span>",
    +         "impact": "moderate",
    +         "none": Array [],
    +         "target": Array [
    +           ".pdf-toolbar > span",
    +         ],
    +       },
    +       Object {
    +         "all": Array [],
    +         "any": Array [
    +           Object {
    +             "data": Object {
    +               "isIframe": false,
    +             },
    +             "id": "region",
    +             "impact": "moderate",
    +             "message": "Some page content is not contained by landmarks",
    +             "relatedNodes": Array [],
    +           },
    +         ],
    +         "failureSummary": "Fix any of the following:
    +   Some page content is not contained by landmarks",
    +         "html": "<select id=\"zoom-level\" onchange=\"changeZoom(this.value)\">",
    +         "impact": "moderate",
    +         "none": Array [],
    +         "target": Array [
    +           "#zoom-level",
    +         ],
    +       },
    +       Object {
    +         "all": Array [],
    +         "any": Array [
    +           Object {
    +             "data": Object {
    +               "isIframe": false,
    +             },
    +             "id": "region",
    +             "impact": "moderate",
    +             "message": "Some page content is not contained by landmarks",
    +             "relatedNodes": Array [],
    +           },
    +         ],
    +         "failureSummary": "Fix any of the following:
    +   Some page content is not contained by landmarks",
    +         "html": "<input type=\"text\" id=\"pdf-search-input\" placeholder=\"Search PDF...\">",
    +         "impact": "moderate",
    +         "none": Array [],
    +         "target": Array [
    +           "#pdf-search-input",
    +         ],
    +       },
    +       Object {
    +         "all": Array [],
    +         "any": Array [
    +           Object {
    +             "data": Object {
    +               "isIframe": false,
    +             },
    +             "id": "region",
    +             "impact": "moderate",
    +             "message": "Some page content is not contained by landmarks",
    +             "relatedNodes": Array [],
    +           },
    +         ],
    +         "failureSummary": "Fix any of the following:
    +   Some page content is not contained by landmarks",
    +         "html": "<h2 style=\"font-size: 18px; margin-top: 0;\">Extraction Trace Log</h2>",
    +         "impact": "moderate",
    +         "none": Array [],
    +         "target": Array [
    +           ".trace-panel > h2",
    +         ],
    +       },
    +       Object {
    +         "all": Array [],
    +         "any": Array [
    +           Object {
    +             "data": Object {
    +               "isIframe": false,
    +             },
    +             "id": "region",
    +             "impact": "moderate",
    +             "message": "Some page content is not contained by landmarks",
    +             "relatedNodes": Array [],
    +           },
    +         ],
    +         "failureSummary": "Fix any of the following:
    +   Some page content is not contained by landmarks",
    +         "html": "<h4 style=\"margin: 0 0 10px 0; font-size: 14px;\">Export Options</h4>",
    +         "impact": "moderate",
    +         "none": Array [],
    +         "target": Array [
    +           "h4",
    +         ],
    +       },
    +       Object {
    +         "all": Array [],
    +         "any": Array [
    +           Object {
    +             "data": Object {
    +               "isIframe": false,
    +             },
    +             "id": "region",
    +             "impact": "moderate",
    +             "message": "Some page content is not contained by landmarks",
    +             "relatedNodes": Array [],
    +           },
    +         ],
    +         "failureSummary": "Fix any of the following:
    +   Some page content is not contained by landmarks",
    +         "html": "<div style=\"background: #f5f5f5; padding: 10px; border-radius: 4px; margin-bottom: 15px;\">",
    +         "impact": "moderate",
    +         "none": Array [],
    +         "target": Array [
    +           ".trace-panel > div:nth-child(3)",
    +         ],
    +       },
    +       Object {
    +         "all": Array [],
    +         "any": Array [
    +           Object {
    +             "data": Object {
    +               "isIframe": false,
    +             },
    +             "id": "region",
    +             "impact": "moderate",
    +             "message": "Some page content is not contained by landmarks",
    +             "relatedNodes": Array [],
    +           },
    +         ],
    +         "failureSummary": "Fix any of the following:
    +   Some page content is not contained by landmarks",
    +         "html": "<div id=\"extraction-status\" class=\"extraction-status show\" style=\"background: rgb(33, 150, 243); color: white;\">
    +     <span id=\"status-message\">System ready. Select an article from the list or load a PDF to begin extraction.</span>
    + </div>",
    +         "impact": "moderate",
    +         "none": Array [],
    +         "target": Array [
    +           "#extraction-status",
    +         ],
    +       },
    +     ],
    +     "tags": Array [
    +       "cat.keyboard",
    +       "best-practice",
    +     ],
    +   },
    +   Object {
    +     "description": "Ensure select element has an accessible name",
    +     "help": "Select element must have an accessible name",
    +     "helpUrl": "https://dequeuniversity.com/rules/axe/4.10/select-name?application=playwright",
    +     "id": "select-name",
    +     "impact": "critical",
    +     "nodes": Array [
    +       Object {
    +         "all": Array [],
    +         "any": Array [
    +           Object {
    +             "data": null,
    +             "id": "implicit-label",
    +             "impact": "critical",
    +             "message": "Element does not have an implicit (wrapped) <label>",
    +             "relatedNodes": Array [],
    +           },
    +           Object {
    +             "data": null,
    +             "id": "explicit-label",
    +             "impact": "critical",
    +             "message": "Element does not have an explicit <label>",
    +             "relatedNodes": Array [],
    +           },
    +           Object {
    +             "data": null,
    +             "id": "aria-label",
    +             "impact": "critical",
    +             "message": "aria-label attribute does not exist or is empty",
    +             "relatedNodes": Array [],
    +           },
    +           Object {
    +             "data": null,
    +             "id": "aria-labelledby",
    +             "impact": "critical",
    +             "message": "aria-labelledby attribute does not exist, references elements that do not exist or references elements that are empty",
    +             "relatedNodes": Array [],
    +           },
    +           Object {
    +             "data": Object {
    +               "messageKey": "noAttr",
    +             },
    +             "id": "non-empty-title",
    +             "impact": "critical",
    +             "message": "Element has no title attribute",
    +             "relatedNodes": Array [],
    +           },
    +           Object {
    +             "data": null,
    +             "id": "presentational-role",
    +             "impact": "critical",
    +             "message": "Element's default semantics were not overridden with role=\"none\" or role=\"presentation\"",
    +             "relatedNodes": Array [],
    +           },
    +         ],
    +         "failureSummary": "Fix any of the following:
    +   Element does not have an implicit (wrapped) <label>
    +   Element does not have an explicit <label>
    +   aria-label attribute does not exist or is empty
    +   aria-labelledby attribute does not exist, references elements that do not exist or references elements that are empty
    +   Element has no title attribute
    +   Element's default semantics were not overridden with role=\"none\" or role=\"presentation\"",
    +         "html": "<select id=\"zoom-level\" onchange=\"changeZoom(this.value)\">",
    +         "impact": "critical",
    +         "none": Array [],
    +         "target": Array [
    +           "#zoom-level",
    +         ],
    +       },
    +     ],
    +     "tags": Array [
    +       "cat.forms",
    +       "wcag2a",
    +       "wcag412",
    +       "section508",
    +       "section508.22.n",
    +       "TTv5",
    +       "TT5.c",
    +       "EN-301-549",
    +       "EN-9.4.1.2",
    +       "ACT",
    +     ],
    +   },
    + ]

      11 |     const accessibilityScanResults = await new AxeBuilder({ page }).analyze();
      12 |     
    > 13 |     expect(accessibilityScanResults.violations).toEqual([]);
         |                                                 ^
      14 |   });
      15 |
      16 |   test('should be keyboard navigable', async ({ page }) => {
        at /Users/matheusrech/Downloads/form-to-sr-extraction/tests/accessibility.spec.js:13:49

    attachment #1: screenshot (image/png) ──────────────────────────────────────────────────────────
    ../test-results/accessibility-Accessibilit-ba859-ve-accessibility-violations-Mobile-Safari/test-failed-1.png
    ────────────────────────────────────────────────────────────────────────────────────────────────

    attachment #2: video (video/webm) ──────────────────────────────────────────────────────────────
    ../test-results/accessibility-Accessibilit-ba859-ve-accessibility-violations-Mobile-Safari/video-1.webm
    ────────────────────────────────────────────────────────────────────────────────────────────────

    attachment #3: video (video/webm) ──────────────────────────────────────────────────────────────
    ../test-results/accessibility-Accessibilit-ba859-ve-accessibility-violations-Mobile-Safari/video.webm
    ────────────────────────────────────────────────────────────────────────────────────────────────

    Error Context: ../test-results/accessibility-Accessibilit-ba859-ve-accessibility-violations-Mobile-Safari/error-context.md
]]>
</failure>
<system-out>
<![CDATA[
[[ATTACHMENT|test-results/accessibility-Accessibilit-ba859-ve-accessibility-violations-Mobile-Safari/test-failed-1.png]]

[[ATTACHMENT|test-results/accessibility-Accessibilit-ba859-ve-accessibility-violations-Mobile-Safari/video-1.webm]]

[[ATTACHMENT|test-results/accessibility-Accessibilit-ba859-ve-accessibility-violations-Mobile-Safari/video.webm]]

[[ATTACHMENT|test-results/accessibility-Accessibilit-ba859-ve-accessibility-violations-Mobile-Safari/error-context.md]]
]]>
</system-out>
</testcase>
<testcase name="Accessibility Tests › should be keyboard navigable" classname="accessibility.spec.js" time="1.582">
</testcase>
<testcase name="Accessibility Tests › should have proper ARIA labels" classname="accessibility.spec.js" time="5.833">
<failure message="accessibility.spec.js:32:3 should have proper ARIA labels" type="FAILURE">
<![CDATA[  [Mobile Safari] › accessibility.spec.js:32:3 › Accessibility Tests › should have proper ARIA labels 

    Error: expect(locator).toBeVisible() failed

    Locator:  locator('label[for="api-key-input"]')
    Expected: visible
    Received: <element(s) not found>
    Timeout:  5000ms

    Call log:
      - Expect "toBeVisible" with timeout 5000ms
      - waiting for locator('label[for="api-key-input"]')


      40 |       if (id) {
      41 |         const label = page.locator(`label[for="${id}"]`);
    > 42 |         await expect(label).toBeVisible();
         |                             ^
      43 |       }
      44 |     }
      45 |   });
        at /Users/matheusrech/Downloads/form-to-sr-extraction/tests/accessibility.spec.js:42:29

    attachment #1: screenshot (image/png) ──────────────────────────────────────────────────────────
    ../test-results/accessibility-Accessibilit-10e6e-uld-have-proper-ARIA-labels-Mobile-Safari/test-failed-1.png
    ────────────────────────────────────────────────────────────────────────────────────────────────

    attachment #2: video (video/webm) ──────────────────────────────────────────────────────────────
    ../test-results/accessibility-Accessibilit-10e6e-uld-have-proper-ARIA-labels-Mobile-Safari/video.webm
    ────────────────────────────────────────────────────────────────────────────────────────────────

    Error Context: ../test-results/accessibility-Accessibilit-10e6e-uld-have-proper-ARIA-labels-Mobile-Safari/error-context.md
]]>
</failure>
<system-out>
<![CDATA[
[[ATTACHMENT|test-results/accessibility-Accessibilit-10e6e-uld-have-proper-ARIA-labels-Mobile-Safari/test-failed-1.png]]

[[ATTACHMENT|test-results/accessibility-Accessibilit-10e6e-uld-have-proper-ARIA-labels-Mobile-Safari/video.webm]]

[[ATTACHMENT|test-results/accessibility-Accessibilit-10e6e-uld-have-proper-ARIA-labels-Mobile-Safari/error-context.md]]
]]>
</system-out>
</testcase>
<testcase name="Accessibility Tests › should support screen readers" classname="accessibility.spec.js" time="1.579">
</testcase>
</testsuite>
<testsuite name="e2e-user-journey.spec.js" timestamp="2025-09-28T21:31:01.926Z" hostname="Mobile Safari" tests="1" failures="0" skipped="0" time="5.063" errors="0">
<testcase name="Clinical researcher journey › processes a queued article end-to-end" classname="e2e-user-journey.spec.js" time="5.063">
</testcase>
</testsuite>
<testsuite name="performance.spec.js" timestamp="2025-09-28T21:31:01.926Z" hostname="Mobile Safari" tests="4" failures="0" skipped="0" time="8.432" errors="0">
<testcase name="Performance Tests › should load within acceptable time" classname="performance.spec.js" time="1.855">
</testcase>
<testcase name="Performance Tests › should handle large form interactions efficiently" classname="performance.spec.js" time="3.63">
</testcase>
<testcase name="Performance Tests › should maintain performance with many extractions" classname="performance.spec.js" time="1.708">
</testcase>
<testcase name="Performance Tests › should handle localStorage efficiently" classname="performance.spec.js" time="1.239">
</testcase>
</testsuite>
</testsuites>